Archive member included because of file (symbol)

.\CortexM0\ARM_GCC_493\Debug\test01.a(cyfitter_cfg.o)
                              .\CortexM0\ARM_GCC_493\Debug\Cm0Start.o (cyfitter_cfg)
.\CortexM0\ARM_GCC_493\Debug\test01.a(BLE.o)
                              .\CortexM0\ARM_GCC_493\Debug\main.o (CyBle_Start)
.\CortexM0\ARM_GCC_493\Debug\test01.a(BLE_gatt.o)
                              .\CortexM0\ARM_GCC_493\Debug\main.o (cyBle_state)
.\CortexM0\ARM_GCC_493\Debug\test01.a(BLE_eventHandler.o)
                              .\CortexM0\ARM_GCC_493\Debug\main.o (cyBle_connHandle)
.\CortexM0\ARM_GCC_493\Debug\test01.a(BLE_custom.o)
                              .\CortexM0\ARM_GCC_493\Debug\test01.a(BLE.o) (CyBle_CustomInit)
.\CortexM0\ARM_GCC_493\Debug\test01.a(CyLib.o)
                              .\CortexM0\ARM_GCC_493\Debug\test01.a(cyfitter_cfg.o) (CySysClkWriteImoFreq)
.\CortexM0\ARM_GCC_493\Debug\test01.a(CyLFClk.o)
                              .\CortexM0\ARM_GCC_493\Debug\test01.a(cyfitter_cfg.o) (CySysClkWcoStart)
.\CortexM0\ARM_GCC_493\Debug\test01.a(Pin_button.o)
                              .\CortexM0\ARM_GCC_493\Debug\main.o (Pin_button_Read)
.\CortexM0\ARM_GCC_493\Debug\test01.a(Pin_Red.o)
                              .\CortexM0\ARM_GCC_493\Debug\main.o (Pin_Red_Write)
.\CortexM0\ARM_GCC_493\Debug\test01.a(Pin_Status.o)
                              .\CortexM0\ARM_GCC_493\Debug\main.o (Pin_Status_Write)
.\CortexM0\ARM_GCC_493\Debug\test01.a(CyBootAsmGnu.o)
                              .\CortexM0\ARM_GCC_493\Debug\test01.a(cyfitter_cfg.o) (CyDelayCycles)
C:\Program Files (x86)\Cypress\PSoC Creator\4.0\PSoC Creator\psoc\content\cycomponentlibrary\CyComponentLibrary.cylib\BLE_v2_20\Library\gccCyBLEStack_BLE_SOC_PERIPHERAL.a(CyBle.o)
                              .\CortexM0\ARM_GCC_493\Debug\main.o (CyBle_ProcessEvents)
C:\Program Files (x86)\Cypress\PSoC Creator\4.0\PSoC Creator\psoc\content\cycomponentlibrary\CyComponentLibrary.cylib\BLE_v2_20\Library\gccCyBLEStack_BLE_SOC_PERIPHERAL.a(CyBleStackMgrIP_Interface.o)
                              C:\Program Files (x86)\Cypress\PSoC Creator\4.0\PSoC Creator\psoc\content\cycomponentlibrary\CyComponentLibrary.cylib\BLE_v2_20\Library\gccCyBLEStack_BLE_SOC_PERIPHERAL.a(CyBle.o) (CyBleStackMgr_Init)
C:\Program Files (x86)\Cypress\PSoC Creator\4.0\PSoC Creator\psoc\content\cycomponentlibrary\CyComponentLibrary.cylib\BLE_v2_20\Library\gccCyBLEStack_BLE_SOC_PERIPHERAL.a(BT_os.o)
                              C:\Program Files (x86)\Cypress\PSoC Creator\4.0\PSoC Creator\psoc\content\cycomponentlibrary\CyComponentLibrary.cylib\BLE_v2_20\Library\gccCyBLEStack_BLE_SOC_PERIPHERAL.a(CyBleStackMgrIP_Interface.o) (cyBleStackMemoryConfig)
C:\Program Files (x86)\Cypress\PSoC Creator\4.0\PSoC Creator\psoc\content\cycomponentlibrary\CyComponentLibrary.cylib\BLE_v2_20\Library\gccCyBLEStack_BLE_SOC_PERIPHERAL.a(CyBleStackMgr_StackTaskHandler.o)
                              C:\Program Files (x86)\Cypress\PSoC Creator\4.0\PSoC Creator\psoc\content\cycomponentlibrary\CyComponentLibrary.cylib\BLE_v2_20\Library\gccCyBLEStack_BLE_SOC_PERIPHERAL.a(CyBleStackMgrIP_Interface.o) (CyBle_CreateBleStackTask)
C:\Program Files (x86)\Cypress\PSoC Creator\4.0\PSoC Creator\psoc\content\cycomponentlibrary\CyComponentLibrary.cylib\BLE_v2_20\Library\gccCyBLEStack_BLE_SOC_PERIPHERAL.a(transport_sf.o)
                              C:\Program Files (x86)\Cypress\PSoC Creator\4.0\PSoC Creator\psoc\content\cycomponentlibrary\CyComponentLibrary.cylib\BLE_v2_20\Library\gccCyBLEStack_BLE_SOC_PERIPHERAL.a(CyBleStackMgr_StackTaskHandler.o) (hci_soft_transport_notify_data_received)
C:\Program Files (x86)\Cypress\PSoC Creator\4.0\PSoC Creator\psoc\content\cycomponentlibrary\CyComponentLibrary.cylib\BLE_v2_20\Library\gccCyBLEStack_BLE_SOC_PERIPHERAL.a(CyBleStackMgr_PSoCHal.o)
                              C:\Program Files (x86)\Cypress\PSoC Creator\4.0\PSoC Creator\psoc\content\cycomponentlibrary\CyComponentLibrary.cylib\BLE_v2_20\Library\gccCyBLEStack_BLE_SOC_PERIPHERAL.a(CyBleStackMgrIP_Interface.o) (CyBleStackMgr_HalInit)
C:\Program Files (x86)\Cypress\PSoC Creator\4.0\PSoC Creator\psoc\content\cycomponentlibrary\CyComponentLibrary.cylib\BLE_v2_20\Library\gccCyBLEStack_BLE_SOC_PERIPHERAL.a(CyBleStackMgr_BleSSDriver.o)
                              C:\Program Files (x86)\Cypress\PSoC Creator\4.0\PSoC Creator\psoc\content\cycomponentlibrary\CyComponentLibrary.cylib\BLE_v2_20\Library\gccCyBLEStack_BLE_SOC_PERIPHERAL.a(CyBleStackMgrIP_Interface.o) (CyBleStackMgr_BleSSInit)
C:\Program Files (x86)\Cypress\PSoC Creator\4.0\PSoC Creator\psoc\content\cycomponentlibrary\CyComponentLibrary.cylib\BLE_v2_20\Library\gccCyBLEStack_BLE_SOC_PERIPHERAL.a(config_bin.o)
                              C:\Program Files (x86)\Cypress\PSoC Creator\4.0\PSoC Creator\psoc\content\cycomponentlibrary\CyComponentLibrary.cylib\BLE_v2_20\Library\gccCyBLEStack_BLE_SOC_PERIPHERAL.a(CyBleStackMgr_PSoCHal.o) (bt_cfg_pdata)
[...]
Memory Configuration

Name             Origin             Length             Attributes
rom              0x00000000         0x00020000         xr
ram              0x20000000         0x00004000         xrw
*default*        0x00000000         0xffffffff

Linker script and memory map

LOAD c:/program files (x86)/cypress/psoc creator/4.0/psoc creator/import/gnu/arm/4.9.3/bin/../lib/gcc/arm-none-eabi/4.9.3/armv6-m/crti.o
LOAD c:/program files (x86)/cypress/psoc creator/4.0/psoc creator/import/gnu/arm/4.9.3/bin/../lib/gcc/arm-none-eabi/4.9.3/armv6-m/crtbegin.o
LOAD c:/program files (x86)/cypress/psoc creator/4.0/psoc creator/import/gnu/arm/4.9.3/bin/../lib/gcc/arm-none-eabi/4.9.3/../../../../arm-none-eabi/lib/armv6-m/crt0.o
START GROUP
LOAD .\CortexM0\ARM_GCC_493\Debug\main.o
LOAD .\CortexM0\ARM_GCC_493\Debug\cymetadata.o
LOAD .\CortexM0\ARM_GCC_493\Debug\Cm0Start.o
LOAD .\CortexM0\ARM_GCC_493\Debug\test01.a
LOAD C:\Program Files (x86)\Cypress\PSoC Creator\4.0\PSoC Creator\psoc\content\cycomponentlibrary\CyComponentLibrary.cylib\BLE_v2_20\Library\gccCyBLEStack_BLE_SOC_PERIPHERAL.a
LOAD C:\Program Files (x86)\Cypress\PSoC Creator\4.0\PSoC Creator\psoc\content\cycomponentlibrary\CyComponentLibrary.cylib\CortexM0\ARM_GCC_493\Debug\CyComponentLibrary.a
LOAD c:/program files (x86)/cypress/psoc creator/4.0/psoc creator/import/gnu/arm/4.9.3/bin/../lib/gcc/arm-none-eabi/4.9.3/../../../../arm-none-eabi/lib/armv6-m\libm.a
END GROUP
START GROUP
LOAD c:/program files (x86)/cypress/psoc creator/4.0/psoc creator/import/gnu/arm/4.9.3/bin/../lib/gcc/arm-none-eabi/4.9.3/armv6-m\libgcc.a
LOAD c:/program files (x86)/cypress/psoc creator/4.0/psoc creator/import/gnu/arm/4.9.3/bin/../lib/gcc/arm-none-eabi/4.9.3/../../../../arm-none-eabi/lib/armv6-m\libg_nano.a
LOAD c:/program files (x86)/cypress/psoc creator/4.0/psoc creator/import/gnu/arm/4.9.3/bin/../lib/gcc/arm-none-eabi/4.9.3/../../../../arm-none-eabi/lib/armv6-m\libc_nano.a
END GROUP
START GROUP
LOAD c:/program files (x86)/cypress/psoc creator/4.0/psoc creator/import/gnu/arm/4.9.3/bin/../lib/gcc/arm-none-eabi/4.9.3/armv6-m\libgcc.a
LOAD c:/program files (x86)/cypress/psoc creator/4.0/psoc creator/import/gnu/arm/4.9.3/bin/../lib/gcc/arm-none-eabi/4.9.3/../../../../arm-none-eabi/lib/armv6-m\libc_nano.a
END GROUP
LOAD c:/program files (x86)/cypress/psoc creator/4.0/psoc creator/import/gnu/arm/4.9.3/bin/../lib/gcc/arm-none-eabi/4.9.3/armv6-m/crtend.o
LOAD c:/program files (x86)/cypress/psoc creator/4.0/psoc creator/import/gnu/arm/4.9.3/bin/../lib/gcc/arm-none-eabi/4.9.3/armv6-m/crtn.o
START GROUP
LOAD c:/program files (x86)/cypress/psoc creator/4.0/psoc creator/import/gnu/arm/4.9.3/bin/../lib/gcc/arm-none-eabi/4.9.3/armv6-m\libgcc.a
LOAD c:/program files (x86)/cypress/psoc creator/4.0/psoc creator/import/gnu/arm/4.9.3/bin/../lib/gcc/arm-none-eabi/4.9.3/../../../../arm-none-eabi/lib/armv6-m\libc.a
LOAD c:/program files (x86)/cypress/psoc creator/4.0/psoc creator/import/gnu/arm/4.9.3/bin/../lib/gcc/arm-none-eabi/4.9.3/../../../../arm-none-eabi/lib/armv6-m\libnosys.a
END GROUP
                0x00000000                CY_APPL_ORIGIN = 0x0
                0x00000080                CY_FLASH_ROW_SIZE = 0x80
                0x00000001                CY_APPL_NUM = 0x1
                0x00000001                CY_APPL_MAX = 0x1
                0x00000040                CY_METADATA_SIZE = 0x40
                0x00000000                CY_APPL_LOADABLE = 0x0
                0x00000000                CY_CHECKSUM_EXCLUDE_SIZE = ALIGN (0x0, CY_FLASH_ROW_SIZE)
                0x00000000                CY_APP_FOR_STACK_AND_COPIER = 0x0
                0x20001ef8                PROVIDE (__cy_heap_start, _end)
                0x00000001                PROVIDE (__cy_region_num, ((__cy_regions_end - __cy_regions) / 0x10))
                0x20004000                PROVIDE (__cy_stack, (ORIGIN (ram) + 0x4000))
                0x20003800                PROVIDE (__cy_heap_end, (__cy_stack - 0x800))

.cybootloader   0x00000000        0x0
 *(.cybootloader)
                0x00000000                appl1_start = CY_APPL_ORIGIN?CY_APPL_ORIGIN:ALIGN (CY_FLASH_ROW_SIZE)
                0x0000ff80                appl2_start = (appl1_start + ALIGN ((((0x20000 - appl1_start) - (0x2 * CY_FLASH_ROW_SIZE)) / 0x2), CY_FLASH_ROW_SIZE))
                0x00000000                appl_start = (CY_APPL_NUM == 0x1)?appl1_start:appl2_start
                0x00000001                cy_project_type_bootloader = (appl_start == 0x0)?0x1:0x0
                0x00000000                cy_project_type_app_for_stack_and_copier = (CY_APP_FOR_STACK_AND_COPIER == 0x1)?0x1:0x0

.text           0x00000000     0x5738
 CREATE_OBJECT_SYMBOLS
                0x00000000                PROVIDE (__cy_interrupt_vector, RomVectors)
 *(.romvectors)
 .romvectors    0x00000000       0x10 .\CortexM0\ARM_GCC_493\Debug\Cm0Start.o
                0x00000000                RomVectors
                0x00000001                ASSERT ((. != __cy_interrupt_vector), No interrupt vector)
                0x00000001                ASSERT (CY_APPL_ORIGIN?(SIZEOF (.cybootloader) <= CY_APPL_ORIGIN):0x1, Wrong image location)
                0x00000010                PROVIDE (__cy_reset, Reset)
 *(.text.Reset)
 .text.Reset    0x00000010        0x8 .\CortexM0\ARM_GCC_493\Debug\Cm0Start.o
                0x00000010                Reset
                0x00000001                ASSERT ((. != __cy_reset), No reset code)
 *(.psocinit)
 .psocinit      0x00000018      0x1bc .\CortexM0\ARM_GCC_493\Debug\test01.a(cyfitter_cfg.o)
                0x000000f0                cyfitter_cfg
                0x000001d4                . = MAX (., 0x100)
 *(.text .text.* .gnu.linkonce.t.*)
 .text          0x000001d4       0x60 c:/program files (x86)/cypress/psoc creator/4.0/psoc creator/import/gnu/arm/4.9.3/bin/../lib/gcc/arm-none-eabi/4.9.3/armv6-m/crtbegin.o
 .text.updateGATTDB
                0x00000234       0x80 .\CortexM0\ARM_GCC_493\Debug\main.o
                0x00000234                updateGATTDB
 .text.BluetoothEventHandler
                0x000002b4       0xc4 .\CortexM0\ARM_GCC_493\Debug\main.o
                0x000002b4                BluetoothEventHandler
 .text.InitializeSystem
                0x00000378       0x28 .\CortexM0\ARM_GCC_493\Debug\main.o
                0x00000378                InitializeSystem
 .text.main     0x000003a0       0x64 .\CortexM0\ARM_GCC_493\Debug\main.o
                0x000003a0                main
 .text.IntDefaultHandler
                0x00000404        0x4 .\CortexM0\ARM_GCC_493\Debug\Cm0Start.o
                0x00000404                IntDefaultHandler
 .text._sbrk    0x00000408       0x34 .\CortexM0\ARM_GCC_493\Debug\Cm0Start.o
                0x00000408                _sbrk
 .text.Start_c  0x0000043c       0x48 .\CortexM0\ARM_GCC_493\Debug\Cm0Start.o
                0x0000043c                Start_c
 .text.initialize_psoc
                0x00000484       0x54 .\CortexM0\ARM_GCC_493\Debug\Cm0Start.o
                0x00000484                initialize_psoc
 .text.AnalogSetDefault
                0x000004d8       0x20 .\CortexM0\ARM_GCC_493\Debug\test01.a(cyfitter_cfg.o)
 .text.CYMEMZERO
                0x000004f8        0xc .\CortexM0\ARM_GCC_493\Debug\test01.a(cyfitter_cfg.o)
 .text.CyBle_ServiceInit
                0x00000504       0x28 .\CortexM0\ARM_GCC_493\Debug\test01.a(BLE.o)
                0x00000504                CyBle_ServiceInit
 .text.CyBle_Init
                0x0000052c       0x24 .\CortexM0\ARM_GCC_493\Debug\test01.a(BLE.o)
                0x0000052c                CyBle_Init
 .text.CyBle_Start
                0x00000550       0x94 .\CortexM0\ARM_GCC_493\Debug\test01.a(BLE.o)
                0x00000550                CyBle_Start
 .text.CyBle_GappStartAdvertisement
                0x000005e4       0x84 .\CortexM0\ARM_GCC_493\Debug\test01.a(BLE.o)
                0x000005e4                CyBle_GappStartAdvertisement
 .text.CyBle_ChangeAdDeviceAddress
                0x00000668        0x4 .\CortexM0\ARM_GCC_493\Debug\test01.a(BLE.o)
                0x00000668                CyBle_ChangeAdDeviceAddress
 .text.CyBle_Get16ByPtr
                0x0000066c        0xc .\CortexM0\ARM_GCC_493\Debug\test01.a(BLE.o)
                0x0000066c                CyBle_Get16ByPtr
 .text.CyBle_GattsWriteEventHandler
                0x00000678       0x58 .\CortexM0\ARM_GCC_493\Debug\test01.a(BLE_gatt.o)
                0x00000678                CyBle_GattsWriteEventHandler
 .text.CyBle_GattcDiscoverCharacteristicsEventHandler
                0x000006d0       0x38 .\CortexM0\ARM_GCC_493\Debug\test01.a(BLE_gatt.o)
                0x000006d0                CyBle_GattcDiscoverCharacteristicsEventHandler
 .text.CyBle_GattcDiscoverCharDescriptorsEventHandler
                0x00000708       0x34 .\CortexM0\ARM_GCC_493\Debug\test01.a(BLE_gatt.o)
                0x00000708                CyBle_GattcDiscoverCharDescriptorsEventHandler
 .text.CyBle_GattcIndicationEventHandler
                0x0000073c       0x30 .\CortexM0\ARM_GCC_493\Debug\test01.a(BLE_gatt.o)
                0x0000073c                CyBle_GattcIndicationEventHandler
 .text.CyBle_GattDisconnectEventHandler
                0x0000076c       0x28 .\CortexM0\ARM_GCC_493\Debug\test01.a(BLE_eventHandler.o)
 .text.CyBle_TimeOutEventHandler
                0x00000794       0x84 .\CortexM0\ARM_GCC_493\Debug\test01.a(BLE_eventHandler.o)
 .text.CyBle_IsDeviceAddressValid
                0x00000818       0x24 .\CortexM0\ARM_GCC_493\Debug\test01.a(BLE_eventHandler.o)
 .text.CyBle_GapcDiscoverCharacteristicsEventHandler
                0x0000083c       0xc0 .\CortexM0\ARM_GCC_493\Debug\test01.a(BLE_eventHandler.o)
 .text.CyBle_GetCharRange
                0x000008fc       0x3c .\CortexM0\ARM_GCC_493\Debug\test01.a(BLE_eventHandler.o)
 .text.CyBle_WriteReqHandler
                0x00000938       0x38 .\CortexM0\ARM_GCC_493\Debug\test01.a(BLE_eventHandler.o)
 .text.CyBle_NextCharDscrDiscovery
                0x00000970       0xd4 .\CortexM0\ARM_GCC_493\Debug\test01.a(BLE_eventHandler.o)
                0x00000970                CyBle_NextCharDscrDiscovery
 .text.CyBle_NextCharDiscovery
                0x00000a44       0x9c .\CortexM0\ARM_GCC_493\Debug\test01.a(BLE_eventHandler.o)
                0x00000a44                CyBle_NextCharDiscovery
 .text.CyBle_NextInclDiscovery
                0x00000ae0       0x9c .\CortexM0\ARM_GCC_493\Debug\test01.a(BLE_eventHandler.o)
                0x00000ae0                CyBle_NextInclDiscovery
 .text.CyBle_ReadResponseEventHandler
                0x00000b7c       0xb4 .\CortexM0\ARM_GCC_493\Debug\test01.a(BLE_eventHandler.o)
 .text.CyBle_ReadByGroupEventHandler
                0x00000c30      0x114 .\CortexM0\ARM_GCC_493\Debug\test01.a(BLE_eventHandler.o)
                0x00000c30                CyBle_ReadByGroupEventHandler
 .text.CyBle_ReadByTypeEventHandler
                0x00000d44      0x250 .\CortexM0\ARM_GCC_493\Debug\test01.a(BLE_eventHandler.o)
                0x00000d44                CyBle_ReadByTypeEventHandler
 .text.CyBle_FindInfoEventHandler
                0x00000f94       0xc4 .\CortexM0\ARM_GCC_493\Debug\test01.a(BLE_eventHandler.o)
                0x00000f94                CyBle_FindInfoEventHandler
 .text.CyBle_ErrorResponseEventHandler
                0x00001058       0x84 .\CortexM0\ARM_GCC_493\Debug\test01.a(BLE_eventHandler.o)
                0x00001058                CyBle_ErrorResponseEventHandler
 .text.CyBle_EventHandler
                0x000010dc      0x214 .\CortexM0\ARM_GCC_493\Debug\test01.a(BLE_eventHandler.o)
                0x000010dc                CyBle_EventHandler
 .text.CyBle_CustomInit
                0x000012f0       0x60 .\CortexM0\ARM_GCC_493\Debug\test01.a(BLE_custom.o)
                0x000012f0                CyBle_CustomInit
 .text.CyBle_CustomcDiscoverServiceEventHandler
                0x00001350       0x70 .\CortexM0\ARM_GCC_493\Debug\test01.a(BLE_custom.o)
                0x00001350                CyBle_CustomcDiscoverServiceEventHandler
 .text.CyBle_CustomcDiscoverCharacteristicsEventHandler
                0x000013c0      0x118 .\CortexM0\ARM_GCC_493\Debug\test01.a(BLE_custom.o)
                0x000013c0                CyBle_CustomcDiscoverCharacteristicsEventHandler
 .text.CyBle_CustomcGetCharRange
                0x000014d8       0xb4 .\CortexM0\ARM_GCC_493\Debug\test01.a(BLE_custom.o)
                0x000014d8                CyBle_CustomcGetCharRange
 .text.CyBle_CustomcDiscoverCharDescriptorsEventHandler
                0x0000158c       0xc8 .\CortexM0\ARM_GCC_493\Debug\test01.a(BLE_custom.o)
                0x0000158c                CyBle_CustomcDiscoverCharDescriptorsEventHandler
 .text.CySysClkWriteImoFreq
                0x00001654       0x64 .\CortexM0\ARM_GCC_493\Debug\test01.a(CyLib.o)
                0x00001654                CySysClkWriteImoFreq
 .text.CySysClkEcoReadStatus
                0x000016b8       0x10 .\CortexM0\ARM_GCC_493\Debug\test01.a(CyLib.o)
                0x000016b8                CySysClkEcoReadStatus
 .text.CyIntEnable
                0x000016c8       0x14 .\CortexM0\ARM_GCC_493\Debug\test01.a(CyLib.o)
                0x000016c8                CyIntEnable
 .text.CyHalt   0x000016dc        0x4 .\CortexM0\ARM_GCC_493\Debug\test01.a(CyLib.o)
                0x000016dc                CyHalt
 .text.CyIntSetVector
                0x000016e0       0x24 .\CortexM0\ARM_GCC_493\Debug\test01.a(CyLib.o)
                0x000016e0                CyIntSetVector
 .text.CyDelay  0x00001704       0x30 .\CortexM0\ARM_GCC_493\Debug\test01.a(CyLib.o)
                0x00001704                CyDelay
 .text.CyDelayUs
                0x00001734       0x14 .\CortexM0\ARM_GCC_493\Debug\test01.a(CyLib.o)
                0x00001734                CyDelayUs
 .text.CySysClkEcoStart
                0x00001748       0x54 .\CortexM0\ARM_GCC_493\Debug\test01.a(CyLib.o)
                0x00001748                CySysClkEcoStart
 .text.CySysWdtLocked
                0x0000179c       0x14 .\CortexM0\ARM_GCC_493\Debug\test01.a(CyLFClk.o)
 .text.CySysClkWcoStart
                0x000017b0       0x40 .\CortexM0\ARM_GCC_493\Debug\test01.a(CyLFClk.o)
                0x000017b0                CySysClkWcoStart
 .text.CySysClkWcoSetPowerMode
                0x000017f0       0x80 .\CortexM0\ARM_GCC_493\Debug\test01.a(CyLFClk.o)
                0x000017f0                CySysClkWcoSetPowerMode
 .text.CySysWdtLock
                0x00001870       0x1c .\CortexM0\ARM_GCC_493\Debug\test01.a(CyLFClk.o)
                0x00001870                CySysWdtLock
 .text.CySysWdtUnlock
                0x0000188c       0x30 .\CortexM0\ARM_GCC_493\Debug\test01.a(CyLFClk.o)
                0x0000188c                CySysWdtUnlock
 .text.CySysWdtClearInterrupt
                0x000018bc       0x4c .\CortexM0\ARM_GCC_493\Debug\test01.a(CyLFClk.o)
                0x000018bc                CySysWdtClearInterrupt
 .text.CySysWdtIsr
                0x00001908       0xa4 .\CortexM0\ARM_GCC_493\Debug\test01.a(CyLFClk.o)
                0x00001908                CySysWdtIsr
 .text.Pin_button_Read
                0x000019ac       0x10 .\CortexM0\ARM_GCC_493\Debug\test01.a(Pin_button.o)
                0x000019ac                Pin_button_Read
 .text.Pin_Red_Write
                0x000019bc       0x18 .\CortexM0\ARM_GCC_493\Debug\test01.a(Pin_Red.o)
                0x000019bc                Pin_Red_Write
 .text.Pin_Status_Write
                0x000019d4       0x18 .\CortexM0\ARM_GCC_493\Debug\test01.a(Pin_Status.o)
                0x000019d4                Pin_Status_Write
 *fill*         0x000019ec        0x4 
 .text          0x000019f0       0x20 .\CortexM0\ARM_GCC_493\Debug\test01.a(CyBootAsmGnu.o)
                0x000019f0                CyDelayCycles
                0x00001a02                CyEnterCriticalSection
                0x00001a0a                CyExitCriticalSection
 .text.CyBLE_Bless_LlRegWrite
                0x00001a10        0x4 .\CortexM0\ARM_GCC_493\Debug\test01.a(BLE_HAL_PVT.o)
                0x00001a10                CyBLE_Bless_LlRegWrite
 .text.CyBLE_Bless_RfRegWrite
                0x00001a14        0x4 .\CortexM0\ARM_GCC_493\Debug\test01.a(BLE_HAL_PVT.o)
                0x00001a14                CyBLE_Bless_RfRegWrite
 .text.CyBLE_BlessDeviceConfig
                0x00001a18       0xdc .\CortexM0\ARM_GCC_493\Debug\test01.a(BLE_HAL_PVT.o)
                0x00001a18                CyBLE_BlessDeviceConfig
 .text.CyBleHal_DelayUs
                0x00001af4        0x8 .\CortexM0\ARM_GCC_493\Debug\test01.a(BLE_HAL_PVT.o)
                0x00001af4                CyBleHal_DelayUs
 .text.CyBleHal_EnableGlobalInterrupts
                0x00001afc        0x8 .\CortexM0\ARM_GCC_493\Debug\test01.a(BLE_HAL_PVT.o)
                0x00001afc                CyBleHal_EnableGlobalInterrupts
 .text.CyBleHal_DisableGlobalInterrupts
                0x00001b04        0x8 .\CortexM0\ARM_GCC_493\Debug\test01.a(BLE_HAL_PVT.o)
                0x00001b04                CyBleHal_DisableGlobalInterrupts
 .text.CyBle_HalInit
                0x00001b0c       0x18 .\CortexM0\ARM_GCC_493\Debug\test01.a(BLE_HAL_PVT.o)
                0x00001b0c                CyBle_HalInit
 .text.CYBLE_BlessStart
                0x00001b24       0x10 .\CortexM0\ARM_GCC_493\Debug\test01.a(BLE_HAL_PVT.o)
                0x00001b24                CYBLE_BlessStart
 .text.BLE_bless_isr_SetVector
                0x00001b34        0xc .\CortexM0\ARM_GCC_493\Debug\test01.a(BLE_bless_isr.o)
                0x00001b34                BLE_bless_isr_SetVector
 .text.BLE_bless_isr_SetPriority
                0x00001b40       0x20 .\CortexM0\ARM_GCC_493\Debug\test01.a(BLE_bless_isr.o)
                0x00001b40                BLE_bless_isr_SetPriority
 .text.BLE_bless_isr_Enable
                0x00001b60       0x10 .\CortexM0\ARM_GCC_493\Debug\test01.a(BLE_bless_isr.o)
                0x00001b60                BLE_bless_isr_Enable
 .text.BLE_bless_isr_Disable
                0x00001b70       0x10 .\CortexM0\ARM_GCC_493\Debug\test01.a(BLE_bless_isr.o)
                0x00001b70                BLE_bless_isr_Disable
 .text.BLE_bless_isr_StartEx
                0x00001b80       0x1c .\CortexM0\ARM_GCC_493\Debug\test01.a(BLE_bless_isr.o)
                0x00001b80                BLE_bless_isr_StartEx
 .text.CySysPmSleep
                0x00001b9c       0x1c .\CortexM0\ARM_GCC_493\Debug\test01.a(cyPm.o)
                0x00001b9c                CySysPmSleep
 .text.CyBLE_Bless_Interrupt
                0x00001bb8        0x8 .\CortexM0\ARM_GCC_493\Debug\test01.a(BLE_HAL_INT.o)
                0x00001bb8                CyBLE_Bless_Interrupt
 .text          0x00001bc0      0x120 c:/program files (x86)/cypress/psoc creator/4.0/psoc creator/import/gnu/arm/4.9.3/bin/../lib/gcc/arm-none-eabi/4.9.3/armv6-m\libgcc.a(_udivsi3.o)
                0x00001bc0                __aeabi_uidiv
                0x00001bc0                __udivsi3
                0x00001ccc                __aeabi_uidivmod
 .text          0x00001ce0      0x1e0 c:/program files (x86)/cypress/psoc creator/4.0/psoc creator/import/gnu/arm/4.9.3/bin/../lib/gcc/arm-none-eabi/4.9.3/armv6-m\libgcc.a(_divsi3.o)
                0x00001ce0                __divsi3
                0x00001ce0                __aeabi_idiv
                0x00001eac                __aeabi_idivmod
 .text          0x00001ec0        0x4 c:/program files (x86)/cypress/psoc creator/4.0/psoc creator/import/gnu/arm/4.9.3/bin/../lib/gcc/arm-none-eabi/4.9.3/armv6-m\libgcc.a(_dvmd_tls.o)
                0x00001ec0                __aeabi_idiv0
                0x00001ec0                __aeabi_ldiv0
 .text.__errno  0x00001ec4        0xc c:/program files (x86)/cypress/psoc creator/4.0/psoc creator/import/gnu/arm/4.9.3/bin/../lib/gcc/arm-none-eabi/4.9.3/../../../../arm-none-eabi/lib/armv6-m\libg_nano.a(lib_a-errno.o)
                0x00001ec4                __errno
 .text.__libc_init_array
                0x00001ed0       0x4c c:/program files (x86)/cypress/psoc creator/4.0/psoc creator/import/gnu/arm/4.9.3/bin/../lib/gcc/arm-none-eabi/4.9.3/../../../../arm-none-eabi/lib/armv6-m\libg_nano.a(lib_a-init.o)
                0x00001ed0                __libc_init_array
 .text.memcmp   0x00001f1c       0x1e c:/program files (x86)/cypress/psoc creator/4.0/psoc creator/import/gnu/arm/4.9.3/bin/../lib/gcc/arm-none-eabi/4.9.3/../../../../arm-none-eabi/lib/armv6-m\libg_nano.a(lib_a-memcmp.o)
                0x00001f1c                memcmp
 .text.memcpy   0x00001f3a       0x12 c:/program files (x86)/cypress/psoc creator/4.0/psoc creator/import/gnu/arm/4.9.3/bin/../lib/gcc/arm-none-eabi/4.9.3/../../../../arm-none-eabi/lib/armv6-m\libg_nano.a(lib_a-memcpy.o)
                0x00001f3a                memcpy
 .text.memset   0x00001f4c       0x10 c:/program files (x86)/cypress/psoc creator/4.0/psoc creator/import/gnu/arm/4.9.3/bin/../lib/gcc/arm-none-eabi/4.9.3/../../../../arm-none-eabi/lib/armv6-m\libg_nano.a(lib_a-memset.o)
                0x00001f4c                memset
 .text.__cvt    0x00001f5c       0xc8 c:/program files (x86)/cypress/psoc creator/4.0/psoc creator/import/gnu/arm/4.9.3/bin/../lib/gcc/arm-none-eabi/4.9.3/../../../../arm-none-eabi/lib/armv6-m\libg_nano.a(lib_a-nano-vfprintf_float.o)
                0x00001f5c                __cvt
 .text.__exponent
                0x00002024       0x62 c:/program files (x86)/cypress/psoc creator/4.0/psoc creator/import/gnu/arm/4.9.3/bin/../lib/gcc/arm-none-eabi/4.9.3/../../../../arm-none-eabi/lib/armv6-m\libg_nano.a(lib_a-nano-vfprintf_float.o)
                0x00002024                __exponent
 *fill*         0x00002086        0x2 
 .text._printf_float
                0x00002088      0x47c c:/program files (x86)/cypress/psoc creator/4.0/psoc creator/import/gnu/arm/4.9.3/bin/../lib/gcc/arm-none-eabi/4.9.3/../../../../arm-none-eabi/lib/armv6-m\libg_nano.a(lib_a-nano-vfprintf_float.o)
                0x00002088                _printf_float
 .text._printf_common
                0x00002504       0xdc c:/program files (x86)/cypress/psoc creator/4.0/psoc creator/import/gnu/arm/4.9.3/bin/../lib/gcc/arm-none-eabi/4.9.3/../../../../arm-none-eabi/lib/armv6-m\libg_nano.a(lib_a-nano-vfprintf_i.o)
                0x00002504                _printf_common
 .text.__fpclassifyd
                0x000025e0       0x50 c:/program files (x86)/cypress/psoc creator/4.0/psoc creator/import/gnu/arm/4.9.3/bin/../lib/gcc/arm-none-eabi/4.9.3/../../../../arm-none-eabi/lib/armv6-m\libg_nano.a(lib_a-s_fpclassify.o)
                0x000025e0                __fpclassifyd
 .text.strlen   0x00002630        0xe c:/program files (x86)/cypress/psoc creator/4.0/psoc creator/import/gnu/arm/4.9.3/bin/../lib/gcc/arm-none-eabi/4.9.3/../../../../arm-none-eabi/lib/armv6-m\libg_nano.a(lib_a-strlen.o)
                0x00002630                strlen
 .text.quorem   0x0000263e      0x10e c:/program files (x86)/cypress/psoc creator/4.0/psoc creator/import/gnu/arm/4.9.3/bin/../lib/gcc/arm-none-eabi/4.9.3/../../../../arm-none-eabi/lib/armv6-m\libg_nano.a(lib_a-dtoa.o)
 .text._dtoa_r  0x0000274c      0xc00 c:/program files (x86)/cypress/psoc creator/4.0/psoc creator/import/gnu/arm/4.9.3/bin/../lib/gcc/arm-none-eabi/4.9.3/../../../../arm-none-eabi/lib/armv6-m\libg_nano.a(lib_a-dtoa.o)
                0x0000274c                _dtoa_r
 .text._localeconv_r
                0x0000334c        0x8 c:/program files (x86)/cypress/psoc creator/4.0/psoc creator/import/gnu/arm/4.9.3/bin/../lib/gcc/arm-none-eabi/4.9.3/../../../../arm-none-eabi/lib/armv6-m\libg_nano.a(lib_a-locale.o)
                0x0000334c                _localeconv_r
 .text.malloc   0x00003354       0x14 c:/program files (x86)/cypress/psoc creator/4.0/psoc creator/import/gnu/arm/4.9.3/bin/../lib/gcc/arm-none-eabi/4.9.3/../../../../arm-none-eabi/lib/armv6-m\libg_nano.a(lib_a-malloc.o)
                0x00003354                malloc
 .text._Balloc  0x00003368       0x70 c:/program files (x86)/cypress/psoc creator/4.0/psoc creator/import/gnu/arm/4.9.3/bin/../lib/gcc/arm-none-eabi/4.9.3/../../../../arm-none-eabi/lib/armv6-m\libg_nano.a(lib_a-mprec.o)
                0x00003368                _Balloc
 .text._Bfree   0x000033d8       0x32 c:/program files (x86)/cypress/psoc creator/4.0/psoc creator/import/gnu/arm/4.9.3/bin/../lib/gcc/arm-none-eabi/4.9.3/../../../../arm-none-eabi/lib/armv6-m\libg_nano.a(lib_a-mprec.o)
                0x000033d8                _Bfree
 .text.__multadd
                0x0000340a       0x78 c:/program files (x86)/cypress/psoc creator/4.0/psoc creator/import/gnu/arm/4.9.3/bin/../lib/gcc/arm-none-eabi/4.9.3/../../../../arm-none-eabi/lib/armv6-m\libg_nano.a(lib_a-mprec.o)
                0x0000340a                __multadd
 .text.__hi0bits
                0x00003482       0x36 c:/program files (x86)/cypress/psoc creator/4.0/psoc creator/import/gnu/arm/4.9.3/bin/../lib/gcc/arm-none-eabi/4.9.3/../../../../arm-none-eabi/lib/armv6-m\libg_nano.a(lib_a-mprec.o)
                0x00003482                __hi0bits
 .text.__lo0bits
                0x000034b8       0x5e c:/program files (x86)/cypress/psoc creator/4.0/psoc creator/import/gnu/arm/4.9.3/bin/../lib/gcc/arm-none-eabi/4.9.3/../../../../arm-none-eabi/lib/armv6-m\libg_nano.a(lib_a-mprec.o)
                0x000034b8                __lo0bits
 .text.__i2b    0x00003516       0x12 c:/program files (x86)/cypress/psoc creator/4.0/psoc creator/import/gnu/arm/4.9.3/bin/../lib/gcc/arm-none-eabi/4.9.3/../../../../arm-none-eabi/lib/armv6-m\libg_nano.a(lib_a-mprec.o)
                0x00003516                __i2b
 .text.__multiply
                0x00003528      0x11a c:/program files (x86)/cypress/psoc creator/4.0/psoc creator/import/gnu/arm/4.9.3/bin/../lib/gcc/arm-none-eabi/4.9.3/../../../../arm-none-eabi/lib/armv6-m\libg_nano.a(lib_a-mprec.o)
                0x00003528                __multiply
 *fill*         0x00003642        0x2 
 .text.__pow5mult
                0x00003644       0xa4 c:/program files (x86)/cypress/psoc creator/4.0/psoc creator/import/gnu/arm/4.9.3/bin/../lib/gcc/arm-none-eabi/4.9.3/../../../../arm-none-eabi/lib/armv6-m\libg_nano.a(lib_a-mprec.o)
                0x00003644                __pow5mult
 .text.__lshift
                0x000036e8       0xa4 c:/program files (x86)/cypress/psoc creator/4.0/psoc creator/import/gnu/arm/4.9.3/bin/../lib/gcc/arm-none-eabi/4.9.3/../../../../arm-none-eabi/lib/armv6-m\libg_nano.a(lib_a-mprec.o)
                0x000036e8                __lshift
 .text.__mcmp   0x0000378c       0x36 c:/program files (x86)/cypress/psoc creator/4.0/psoc creator/import/gnu/arm/4.9.3/bin/../lib/gcc/arm-none-eabi/4.9.3/../../../../arm-none-eabi/lib/armv6-m\libg_nano.a(lib_a-mprec.o)
                0x0000378c                __mcmp
 .text.__mdiff  0x000037c2       0xd6 c:/program files (x86)/cypress/psoc creator/4.0/psoc creator/import/gnu/arm/4.9.3/bin/../lib/gcc/arm-none-eabi/4.9.3/../../../../arm-none-eabi/lib/armv6-m\libg_nano.a(lib_a-mprec.o)
                0x000037c2                __mdiff
 .text.__d2b    0x00003898       0xa8 c:/program files (x86)/cypress/psoc creator/4.0/psoc creator/import/gnu/arm/4.9.3/bin/../lib/gcc/arm-none-eabi/4.9.3/../../../../arm-none-eabi/lib/armv6-m\libg_nano.a(lib_a-mprec.o)
                0x00003898                __d2b
 .text._calloc_r
                0x00003940       0x1c c:/program files (x86)/cypress/psoc creator/4.0/psoc creator/import/gnu/arm/4.9.3/bin/../lib/gcc/arm-none-eabi/4.9.3/../../../../arm-none-eabi/lib/armv6-m\libg_nano.a(lib_a-nano-callocr.o)
                0x00003940                _calloc_r
 .text._malloc_r
                0x0000395c       0xb0 c:/program files (x86)/cypress/psoc creator/4.0/psoc creator/import/gnu/arm/4.9.3/bin/../lib/gcc/arm-none-eabi/4.9.3/../../../../arm-none-eabi/lib/armv6-m\libg_nano.a(lib_a-nano-mallocr.o)
                0x0000395c                _malloc_r
 .text._sbrk_r  0x00003a0c       0x24 c:/program files (x86)/cypress/psoc creator/4.0/psoc creator/import/gnu/arm/4.9.3/bin/../lib/gcc/arm-none-eabi/4.9.3/../../../../arm-none-eabi/lib/armv6-m\libg_nano.a(lib_a-sbrkr.o)
                0x00003a0c                _sbrk_r
 .text          0x00003a30       0x14 c:/program files (x86)/cypress/psoc creator/4.0/psoc creator/import/gnu/arm/4.9.3/bin/../lib/gcc/arm-none-eabi/4.9.3/armv6-m\libgcc.a(_thumb1_case_uqi.o)
                0x00003a30                __gnu_thumb1_case_uqi
 .text          0x00003a44       0x7c c:/program files (x86)/cypress/psoc creator/4.0/psoc creator/import/gnu/arm/4.9.3/bin/../lib/gcc/arm-none-eabi/4.9.3/armv6-m\libgcc.a(_arm_cmpdf2.o)
                0x00003a44                __aeabi_cdrcmple
                0x00003a54                __aeabi_cdcmple
                0x00003a54                __aeabi_cdcmpeq
                0x00003a64                __aeabi_dcmpeq
                0x00003a70                __aeabi_dcmplt
                0x00003a84                __aeabi_dcmple
                0x00003a98                __aeabi_dcmpgt
                0x00003aac                __aeabi_dcmpge
 .text          0x00003ac0      0x650 c:/program files (x86)/cypress/psoc creator/4.0/psoc creator/import/gnu/arm/4.9.3/bin/../lib/gcc/arm-none-eabi/4.9.3/armv6-m\libgcc.a(adddf3.o)
                0x00003ac0                __aeabi_dadd
 .text          0x00004110      0x648 c:/program files (x86)/cypress/psoc creator/4.0/psoc creator/import/gnu/arm/4.9.3/bin/../lib/gcc/arm-none-eabi/4.9.3/armv6-m\libgcc.a(divdf3.o)
                0x00004110                __aeabi_ddiv
 .text          0x00004758       0x88 c:/program files (x86)/cypress/psoc creator/4.0/psoc creator/import/gnu/arm/4.9.3/bin/../lib/gcc/arm-none-eabi/4.9.3/armv6-m\libgcc.a(eqdf2.o)
                0x00004758                __nedf2
                0x00004758                __eqdf2
 .text          0x000047e0       0xe0 c:/program files (x86)/cypress/psoc creator/4.0/psoc creator/import/gnu/arm/4.9.3/bin/../lib/gcc/arm-none-eabi/4.9.3/armv6-m\libgcc.a(gedf2.o)
                0x000047e0                __gedf2
                0x000047e0                __gtdf2
 .text          0x000048c0       0xcc c:/program files (x86)/cypress/psoc creator/4.0/psoc creator/import/gnu/arm/4.9.3/bin/../lib/gcc/arm-none-eabi/4.9.3/armv6-m\libgcc.a(ledf2.o)
                0x000048c0                __ledf2
                0x000048c0                __ltdf2
 .text          0x0000498c      0x534 c:/program files (x86)/cypress/psoc creator/4.0/psoc creator/import/gnu/arm/4.9.3/bin/../lib/gcc/arm-none-eabi/4.9.3/armv6-m\libgcc.a(muldf3.o)
                0x0000498c                __aeabi_dmul
 .text          0x00004ec0      0x6f4 c:/program files (x86)/cypress/psoc creator/4.0/psoc creator/import/gnu/arm/4.9.3/bin/../lib/gcc/arm-none-eabi/4.9.3/armv6-m\libgcc.a(subdf3.o)
                0x00004ec0                __aeabi_dsub
 .text          0x000055b4       0x6c c:/program files (x86)/cypress/psoc creator/4.0/psoc creator/import/gnu/arm/4.9.3/bin/../lib/gcc/arm-none-eabi/4.9.3/armv6-m\libgcc.a(fixdfsi.o)
                0x000055b4                __aeabi_d2iz
 .text          0x00005620       0x78 c:/program files (x86)/cypress/psoc creator/4.0/psoc creator/import/gnu/arm/4.9.3/bin/../lib/gcc/arm-none-eabi/4.9.3/armv6-m\libgcc.a(floatsidf.o)
                0x00005620                __aeabi_i2d
 .text          0x00005698       0x64 c:/program files (x86)/cypress/psoc creator/4.0/psoc creator/import/gnu/arm/4.9.3/bin/../lib/gcc/arm-none-eabi/4.9.3/armv6-m\libgcc.a(floatunsidf.o)
                0x00005698                __aeabi_ui2d
 .text          0x000056fc       0x3c c:/program files (x86)/cypress/psoc creator/4.0/psoc creator/import/gnu/arm/4.9.3/bin/../lib/gcc/arm-none-eabi/4.9.3/armv6-m\libgcc.a(_clzsi2.o)
                0x000056fc                __clzsi2
 *(.plt)
 *(.gnu.warning)
 *(.glue_7t)
 .glue_7t       0x00000000        0x0 linker stubs
 *(.glue_7)
 .glue_7        0x00000000        0x0 linker stubs
 *(.vfp11_veneer)
 .vfp11_veneer  0x00000000        0x0 linker stubs
 *(.bootloader)
 *(.ARM.extab* .gnu.linkonce.armextab.*)
 *(.gcc_except_table)

.v4_bx          0x00005738        0x0
 .v4_bx         0x00000000        0x0 linker stubs

.iplt           0x00005738        0x0
 .iplt          0x00000000        0x0 c:/program files (x86)/cypress/psoc creator/4.0/psoc creator/import/gnu/arm/4.9.3/bin/../lib/gcc/arm-none-eabi/4.9.3/armv6-m/crtbegin.o

i.CyBle_ExitLPM
                0x00005738        0x8
 i.CyBle_ExitLPM
                0x00005738        0x8 C:\Program Files (x86)\Cypress\PSoC Creator\4.0\PSoC Creator\psoc\content\cycomponentlibrary\CyComponentLibrary.cylib\BLE_v2_20\Library\gccCyBLEStack_BLE_SOC_PERIPHERAL.a(CyBle.o)
                0x00005738                CyBle_ExitLPM

i.CyBle_ProcessEvents
                0x00005740        0x8
 i.CyBle_ProcessEvents
                0x00005740        0x8 C:\Program Files (x86)\Cypress\PSoC Creator\4.0\PSoC Creator\psoc\content\cycomponentlibrary\CyComponentLibrary.cylib\BLE_v2_20\Library\gccCyBLEStack_BLE_SOC_PERIPHERAL.a(CyBle.o)
                0x00005740                CyBle_ProcessEvents

i.CyBle_SetDeviceAddress
                0x00005748       0x24
 i.CyBle_SetDeviceAddress
                0x00005748       0x24 C:\Program Files (x86)\Cypress\PSoC Creator\4.0\PSoC Creator\psoc\content\cycomponentlibrary\CyComponentLibrary.cylib\BLE_v2_20\Library\gccCyBLEStack_BLE_SOC_PERIPHERAL.a(CyBle.o)
                0x00005748                CyBle_SetDeviceAddress

i.CyBle_StackInit
                0x0000576c       0xfc
 i.CyBle_StackInit
                0x0000576c       0xfc C:\Program Files (x86)\Cypress\PSoC Creator\4.0\PSoC Creator\psoc\content\cycomponentlibrary\CyComponentLibrary.cylib\BLE_v2_20\Library\gccCyBLEStack_BLE_SOC_PERIPHERAL.a(CyBle.o)
                0x0000576c                CyBle_StackInit

i.CyBle_StackValidateInputParams
                0x00005868       0xf4
 i.CyBle_StackValidateInputParams
                0x00005868       0xf4 C:\Program Files (x86)\Cypress\PSoC Creator\4.0\PSoC Creator\psoc\content\cycomponentlibrary\CyComponentLibrary.cylib\BLE_v2_20\Library\gccCyBLEStack_BLE_SOC_PERIPHERAL.a(CyBle.o)

i.__ARM_common_switch8
                0x0000595c       0x1a
 i.__ARM_common_switch8
                0x0000595c       0x1a C:\Program Files (x86)\Cypress\PSoC Creator\4.0\PSoC Creator\psoc\content\cycomponentlibrary\CyComponentLibrary.cylib\BLE_v2_20\Library\gccCyBLEStack_BLE_SOC_PERIPHERAL.a(CyBle.o)
                0x0000595c                __ARM_common_switch8

i.CyBleStackMgr_Init
                0x00005978       0x9c
 i.CyBleStackMgr_Init
                0x00005978       0x9c C:\Program Files (x86)\Cypress\PSoC Creator\4.0\PSoC Creator\psoc\content\cycomponentlibrary\CyComponentLibrary.cylib\BLE_v2_20\Library\gccCyBLEStack_BLE_SOC_PERIPHERAL.a(CyBleStackMgrIP_Interface.o)
                0x00005978                CyBleStackMgr_Init

i.CyBleStackMgr_ProcessBleEvents
                0x00005a14       0x14
 i.CyBleStackMgr_ProcessBleEvents
                0x00005a14       0x14 C:\Program Files (x86)\Cypress\PSoC Creator\4.0\PSoC Creator\psoc\content\cycomponentlibrary\CyComponentLibrary.cylib\BLE_v2_20\Library\gccCyBLEStack_BLE_SOC_PERIPHERAL.a(CyBleStackMgrIP_Interface.o)
                0x00005a14                CyBleStackMgr_ProcessBleEvents

i.CyBle_GetHeapMemory
                0x00005a28       0x28
 i.CyBle_GetHeapMemory
                0x00005a28       0x28 C:\Program Files (x86)\Cypress\PSoC Creator\4.0\PSoC Creator\psoc\content\cycomponentlibrary\CyComponentLibrary.cylib\BLE_v2_20\Library\gccCyBLEStack_BLE_SOC_PERIPHERAL.a(CyBleStackMgrIP_Interface.o)
                0x00005a28                CyBle_GetHeapMemory

i.CyBle_GetNumAppBufferPools
                0x00005a50        0xc
 i.CyBle_GetNumAppBufferPools
                0x00005a50        0xc C:\Program Files (x86)\Cypress\PSoC Creator\4.0\PSoC Creator\psoc\content\cycomponentlibrary\CyComponentLibrary.cylib\BLE_v2_20\Library\gccCyBLEStack_BLE_SOC_PERIPHERAL.a(CyBleStackMgrIP_Interface.o)
                0x00005a50                CyBle_GetNumAppBufferPools

i.CyBle_HostStackBufferPoolInit
                0x00005a5c       0xec
 i.CyBle_HostStackBufferPoolInit
                0x00005a5c       0xec C:\Program Files (x86)\Cypress\PSoC Creator\4.0\PSoC Creator\psoc\content\cycomponentlibrary\CyComponentLibrary.cylib\BLE_v2_20\Library\gccCyBLEStack_BLE_SOC_PERIPHERAL.a(CyBleStackMgrIP_Interface.o)

i.ble_stack_idle_task_callback
                0x00005b48        0x2
 i.ble_stack_idle_task_callback
                0x00005b48        0x2 C:\Program Files (x86)\Cypress\PSoC Creator\4.0\PSoC Creator\psoc\content\cycomponentlibrary\CyComponentLibrary.cylib\BLE_v2_20\Library\gccCyBLEStack_BLE_SOC_PERIPHERAL.a(CyBleStackMgrIP_Interface.o)
                0x00005b48                ble_stack_idle_task_callback

i.BT_OSFreeBuf  0x00005b4c       0x20
 i.BT_OSFreeBuf
                0x00005b4c       0x20 C:\Program Files (x86)\Cypress\PSoC Creator\4.0\PSoC Creator\psoc\content\cycomponentlibrary\CyComponentLibrary.cylib\BLE_v2_20\Library\gccCyBLEStack_BLE_SOC_PERIPHERAL.a(BT_os.o)
                0x00005b4c                BT_OSFreeBuf

i.BT_OSGetBuF   0x00005b6c       0x34
 i.BT_OSGetBuF  0x00005b6c       0x34 C:\Program Files (x86)\Cypress\PSoC Creator\4.0\PSoC Creator\psoc\content\cycomponentlibrary\CyComponentLibrary.cylib\BLE_v2_20\Library\gccCyBLEStack_BLE_SOC_PERIPHERAL.a(BT_os.o)
                0x00005b6c                BT_OSGetBuF

i.BT_OSMemCreate
                0x00005ba0       0x3c
 i.BT_OSMemCreate
                0x00005ba0       0x3c C:\Program Files (x86)\Cypress\PSoC Creator\4.0\PSoC Creator\psoc\content\cycomponentlibrary\CyComponentLibrary.cylib\BLE_v2_20\Library\gccCyBLEStack_BLE_SOC_PERIPHERAL.a(BT_os.o)
                0x00005ba0                BT_OSMemCreate

i.BT_alloc_mem_ext
                0x00005bdc       0x3c
 i.BT_alloc_mem_ext
                0x00005bdc       0x3c C:\Program Files (x86)\Cypress\PSoC Creator\4.0\PSoC Creator\psoc\content\cycomponentlibrary\CyComponentLibrary.cylib\BLE_v2_20\Library\gccCyBLEStack_BLE_SOC_PERIPHERAL.a(BT_os.o)
                0x00005bdc                BT_alloc_mem_ext

i.BT_free_mem   0x00005c18        0xc
 i.BT_free_mem  0x00005c18        0xc C:\Program Files (x86)\Cypress\PSoC Creator\4.0\PSoC Creator\psoc\content\cycomponentlibrary\CyComponentLibrary.cylib\BLE_v2_20\Library\gccCyBLEStack_BLE_SOC_PERIPHERAL.a(BT_os.o)
                0x00005c18                BT_free_mem

i.bt_stack_create_buffer_pool
                0x00005c24       0x30
 i.bt_stack_create_buffer_pool
                0x00005c24       0x30 C:\Program Files (x86)\Cypress\PSoC Creator\4.0\PSoC Creator\psoc\content\cycomponentlibrary\CyComponentLibrary.cylib\BLE_v2_20\Library\gccCyBLEStack_BLE_SOC_PERIPHERAL.a(BT_os.o)
                0x00005c24                bt_stack_create_buffer_pool

i.CyBle_CheckBleStackTaskStatus
                0x00005c54        0x4
 i.CyBle_CheckBleStackTaskStatus
                0x00005c54        0x4 C:\Program Files (x86)\Cypress\PSoC Creator\4.0\PSoC Creator\psoc\content\cycomponentlibrary\CyComponentLibrary.cylib\BLE_v2_20\Library\gccCyBLEStack_BLE_SOC_PERIPHERAL.a(CyBleStackMgr_StackTaskHandler.o)
                0x00005c54                CyBle_CheckBleStackTaskStatus

i.CyBle_CreateBleStackTask
                0x00005c58       0x2c
 i.CyBle_CreateBleStackTask
                0x00005c58       0x2c C:\Program Files (x86)\Cypress\PSoC Creator\4.0\PSoC Creator\psoc\content\cycomponentlibrary\CyComponentLibrary.cylib\BLE_v2_20\Library\gccCyBLEStack_BLE_SOC_PERIPHERAL.a(CyBleStackMgr_StackTaskHandler.o)
                0x00005c58                CyBle_CreateBleStackTask

i.CyBle_SignalBleStackTask
                0x00005c84       0x50
 i.CyBle_SignalBleStackTask
                0x00005c84       0x50 C:\Program Files (x86)\Cypress\PSoC Creator\4.0\PSoC Creator\psoc\content\cycomponentlibrary\CyComponentLibrary.cylib\BLE_v2_20\Library\gccCyBLEStack_BLE_SOC_PERIPHERAL.a(CyBleStackMgr_StackTaskHandler.o)
                0x00005c84                CyBle_SignalBleStackTask

i.CyBle_StackTaskHandler
                0x00005cd4       0x5c
 i.CyBle_StackTaskHandler
                0x00005cd4       0x5c C:\Program Files (x86)\Cypress\PSoC Creator\4.0\PSoC Creator\psoc\content\cycomponentlibrary\CyComponentLibrary.cylib\BLE_v2_20\Library\gccCyBLEStack_BLE_SOC_PERIPHERAL.a(CyBleStackMgr_StackTaskHandler.o)
                0x00005cd4                CyBle_StackTaskHandler

i.hci_soft_transport_notify_data_received
                0x00005d30        0xc
 i.hci_soft_transport_notify_data_received
                0x00005d30        0xc C:\Program Files (x86)\Cypress\PSoC Creator\4.0\PSoC Creator\psoc\content\cycomponentlibrary\CyComponentLibrary.cylib\BLE_v2_20\Library\gccCyBLEStack_BLE_SOC_PERIPHERAL.a(transport_sf.o)
                0x00005d30                hci_soft_transport_notify_data_received

i.hci_soft_transport_rx_data
                0x00005d3c       0x40
 i.hci_soft_transport_rx_data
                0x00005d3c       0x40 C:\Program Files (x86)\Cypress\PSoC Creator\4.0\PSoC Creator\psoc\content\cycomponentlibrary\CyComponentLibrary.cylib\BLE_v2_20\Library\gccCyBLEStack_BLE_SOC_PERIPHERAL.a(transport_sf.o)
                0x00005d3c                hci_soft_transport_rx_data

i.hci_transport_bt_init
                0x00005d7c        0x2
 i.hci_transport_bt_init
                0x00005d7c        0x2 C:\Program Files (x86)\Cypress\PSoC Creator\4.0\PSoC Creator\psoc\content\cycomponentlibrary\CyComponentLibrary.cylib\BLE_v2_20\Library\gccCyBLEStack_BLE_SOC_PERIPHERAL.a(transport_sf.o)
                0x00005d7c                hci_transport_bt_init

i.hci_transport_init
                0x00005d80       0x10
 i.hci_transport_init
                0x00005d80       0x10 C:\Program Files (x86)\Cypress\PSoC Creator\4.0\PSoC Creator\psoc\content\cycomponentlibrary\CyComponentLibrary.cylib\BLE_v2_20\Library\gccCyBLEStack_BLE_SOC_PERIPHERAL.a(transport_sf.o)
                0x00005d80                hci_transport_init

i.hci_transport_write_data
                0x00005d90       0xd4
 i.hci_transport_write_data
                0x00005d90       0xd4 C:\Program Files (x86)\Cypress\PSoC Creator\4.0\PSoC Creator\psoc\content\cycomponentlibrary\CyComponentLibrary.cylib\BLE_v2_20\Library\gccCyBLEStack_BLE_SOC_PERIPHERAL.a(transport_sf.o)
                0x00005d90                hci_transport_write_data

i.pf_hci_soft_transport_write
                0x00005e64       0x44
 i.pf_hci_soft_transport_write
                0x00005e64       0x44 C:\Program Files (x86)\Cypress\PSoC Creator\4.0\PSoC Creator\psoc\content\cycomponentlibrary\CyComponentLibrary.cylib\BLE_v2_20\Library\gccCyBLEStack_BLE_SOC_PERIPHERAL.a(transport_sf.o)
                0x00005e64                pf_hci_soft_transport_write

i.pf_soft_hci_transport_init
                0x00005ea8        0xc
 i.pf_soft_hci_transport_init
                0x00005ea8        0xc C:\Program Files (x86)\Cypress\PSoC Creator\4.0\PSoC Creator\psoc\content\cycomponentlibrary\CyComponentLibrary.cylib\BLE_v2_20\Library\gccCyBLEStack_BLE_SOC_PERIPHERAL.a(transport_sf.o)
                0x00005ea8                pf_soft_hci_transport_init

i.CyBleStackMgr_GetTime
                0x00005eb4       0x14
 i.CyBleStackMgr_GetTime
                0x00005eb4       0x14 C:\Program Files (x86)\Cypress\PSoC Creator\4.0\PSoC Creator\psoc\content\cycomponentlibrary\CyComponentLibrary.cylib\BLE_v2_20\Library\gccCyBLEStack_BLE_SOC_PERIPHERAL.a(CyBleStackMgr_PSoCHal.o)
                0x00005eb4                CyBleStackMgr_GetTime

i.CyBleStackMgr_HalInit
                0x00005ec8       0x24
 i.CyBleStackMgr_HalInit
                0x00005ec8       0x24 C:\Program Files (x86)\Cypress\PSoC Creator\4.0\PSoC Creator\psoc\content\cycomponentlibrary\CyComponentLibrary.cylib\BLE_v2_20\Library\gccCyBLEStack_BLE_SOC_PERIPHERAL.a(CyBleStackMgr_PSoCHal.o)
                0x00005ec8                CyBleStackMgr_HalInit

i.CyBleStackMgr_HalIntrEnable
                0x00005eec        0x8
 i.CyBleStackMgr_HalIntrEnable
                0x00005eec        0x8 C:\Program Files (x86)\Cypress\PSoC Creator\4.0\PSoC Creator\psoc\content\cycomponentlibrary\CyComponentLibrary.cylib\BLE_v2_20\Library\gccCyBLEStack_BLE_SOC_PERIPHERAL.a(CyBleStackMgr_PSoCHal.o)
                0x00005eec                CyBleStackMgr_HalIntrEnable

i.CyBleStackMgr_HandleLinkLayerTick
                0x00005ef4       0x5c
 i.CyBleStackMgr_HandleLinkLayerTick
                0x00005ef4       0x5c C:\Program Files (x86)\Cypress\PSoC Creator\4.0\PSoC Creator\psoc\content\cycomponentlibrary\CyComponentLibrary.cylib\BLE_v2_20\Library\gccCyBLEStack_BLE_SOC_PERIPHERAL.a(CyBleStackMgr_PSoCHal.o)
                0x00005ef4                CyBleStackMgr_HandleLinkLayerTick

i.CyBleStackMgr_HciPortInit
                0x00005f50        0xc
 i.CyBleStackMgr_HciPortInit
                0x00005f50        0xc C:\Program Files (x86)\Cypress\PSoC Creator\4.0\PSoC Creator\psoc\content\cycomponentlibrary\CyComponentLibrary.cylib\BLE_v2_20\Library\gccCyBLEStack_BLE_SOC_PERIPHERAL.a(CyBleStackMgr_PSoCHal.o)
                0x00005f50                CyBleStackMgr_HciPortInit

i.CyBleStackMgr_HciPortReset
                0x00005f5c        0x2
 i.CyBleStackMgr_HciPortReset
                0x00005f5c        0x2 C:\Program Files (x86)\Cypress\PSoC Creator\4.0\PSoC Creator\psoc\content\cycomponentlibrary\CyComponentLibrary.cylib\BLE_v2_20\Library\gccCyBLEStack_BLE_SOC_PERIPHERAL.a(CyBleStackMgr_PSoCHal.o)
                0x00005f5c                CyBleStackMgr_HciPortReset

i.CyBleStackMgr_HciPortWrite
                0x00005f5e        0x8
 i.CyBleStackMgr_HciPortWrite
                0x00005f5e        0x8 C:\Program Files (x86)\Cypress\PSoC Creator\4.0\PSoC Creator\psoc\content\cycomponentlibrary\CyComponentLibrary.cylib\BLE_v2_20\Library\gccCyBLEStack_BLE_SOC_PERIPHERAL.a(CyBleStackMgr_PSoCHal.o)
                0x00005f5e                CyBleStackMgr_HciPortWrite

i.CyBleStackMgr_ResetLinkLayerTimerEntity
                0x00005f68       0x14
 i.CyBleStackMgr_ResetLinkLayerTimerEntity
                0x00005f68       0x14 C:\Program Files (x86)\Cypress\PSoC Creator\4.0\PSoC Creator\psoc\content\cycomponentlibrary\CyComponentLibrary.cylib\BLE_v2_20\Library\gccCyBLEStack_BLE_SOC_PERIPHERAL.a(CyBleStackMgr_PSoCHal.o)
                0x00005f68                CyBleStackMgr_ResetLinkLayerTimerEntity

i.CyBleStackMgr_TimerStart
                0x00005f7c       0x2c
 i.CyBleStackMgr_TimerStart
                0x00005f7c       0x2c C:\Program Files (x86)\Cypress\PSoC Creator\4.0\PSoC Creator\psoc\content\cycomponentlibrary\CyComponentLibrary.cylib\BLE_v2_20\Library\gccCyBLEStack_BLE_SOC_PERIPHERAL.a(CyBleStackMgr_PSoCHal.o)
                0x00005f7c                CyBleStackMgr_TimerStart

i.CyBleStackMgr_TimerStop
                0x00005fa8       0x18
 i.CyBleStackMgr_TimerStop
                0x00005fa8       0x18 C:\Program Files (x86)\Cypress\PSoC Creator\4.0\PSoC Creator\psoc\content\cycomponentlibrary\CyComponentLibrary.cylib\BLE_v2_20\Library\gccCyBLEStack_BLE_SOC_PERIPHERAL.a(CyBleStackMgr_PSoCHal.o)
                0x00005fa8                CyBleStackMgr_TimerStop

i.CyBleStackMgr_isTimerRunning
                0x00005fc0       0x10
 i.CyBleStackMgr_isTimerRunning
                0x00005fc0       0x10 C:\Program Files (x86)\Cypress\PSoC Creator\4.0\PSoC Creator\psoc\content\cycomponentlibrary\CyComponentLibrary.cylib\BLE_v2_20\Library\gccCyBLEStack_BLE_SOC_PERIPHERAL.a(CyBleStackMgr_PSoCHal.o)
                0x00005fc0                CyBleStackMgr_isTimerRunning

i.CyBleAtlantisRadioInit
                0x00005fd0      0x110
 i.CyBleAtlantisRadioInit
                0x00005fd0      0x110 C:\Program Files (x86)\Cypress\PSoC Creator\4.0\PSoC Creator\psoc\content\cycomponentlibrary\CyComponentLibrary.cylib\BLE_v2_20\Library\gccCyBLEStack_BLE_SOC_PERIPHERAL.a(CyBleStackMgr_BleSSDriver.o)

i.CyBleStackMgr_BleSSFifoRead
                0x000060e0       0x38
 i.CyBleStackMgr_BleSSFifoRead
                0x000060e0       0x38 C:\Program Files (x86)\Cypress\PSoC Creator\4.0\PSoC Creator\psoc\content\cycomponentlibrary\CyComponentLibrary.cylib\BLE_v2_20\Library\gccCyBLEStack_BLE_SOC_PERIPHERAL.a(CyBleStackMgr_BleSSDriver.o)
                0x000060e0                CyBleStackMgr_BleSSFifoRead

i.CyBleStackMgr_BleSSFifoWrite
                0x00006118       0x30
 i.CyBleStackMgr_BleSSFifoWrite
                0x00006118       0x30 C:\Program Files (x86)\Cypress\PSoC Creator\4.0\PSoC Creator\psoc\content\cycomponentlibrary\CyComponentLibrary.cylib\BLE_v2_20\Library\gccCyBLEStack_BLE_SOC_PERIPHERAL.a(CyBleStackMgr_BleSSDriver.o)
                0x00006118                CyBleStackMgr_BleSSFifoWrite

i.CyBleStackMgr_BleSSInit
                0x00006148       0x50
 i.CyBleStackMgr_BleSSInit
                0x00006148       0x50 C:\Program Files (x86)\Cypress\PSoC Creator\4.0\PSoC Creator\psoc\content\cycomponentlibrary\CyComponentLibrary.cylib\BLE_v2_20\Library\gccCyBLEStack_BLE_SOC_PERIPHERAL.a(CyBleStackMgr_BleSSDriver.o)
                0x00006148                CyBleStackMgr_BleSSInit

i.CyBleStackMgr_BleSSMemRead
                0x00006198       0x26
 i.CyBleStackMgr_BleSSMemRead
                0x00006198       0x26 C:\Program Files (x86)\Cypress\PSoC Creator\4.0\PSoC Creator\psoc\content\cycomponentlibrary\CyComponentLibrary.cylib\BLE_v2_20\Library\gccCyBLEStack_BLE_SOC_PERIPHERAL.a(CyBleStackMgr_BleSSDriver.o)
                0x00006198                CyBleStackMgr_BleSSMemRead

i.CyBleStackMgr_BleSSMemWrite
                0x000061c0       0x34
 i.CyBleStackMgr_BleSSMemWrite
                0x000061c0       0x34 C:\Program Files (x86)\Cypress\PSoC Creator\4.0\PSoC Creator\psoc\content\cycomponentlibrary\CyComponentLibrary.cylib\BLE_v2_20\Library\gccCyBLEStack_BLE_SOC_PERIPHERAL.a(CyBleStackMgr_BleSSDriver.o)
                0x000061c0                CyBleStackMgr_BleSSMemWrite

i.CyBleStackMgr_BleSSRegRead
                0x000061f4        0xc
 i.CyBleStackMgr_BleSSRegRead
                0x000061f4        0xc C:\Program Files (x86)\Cypress\PSoC Creator\4.0\PSoC Creator\psoc\content\cycomponentlibrary\CyComponentLibrary.cylib\BLE_v2_20\Library\gccCyBLEStack_BLE_SOC_PERIPHERAL.a(CyBleStackMgr_BleSSDriver.o)
                0x000061f4                CyBleStackMgr_BleSSRegRead

i.CyBleStackMgr_BleSSRegWrite
                0x00006200        0xc
 i.CyBleStackMgr_BleSSRegWrite
                0x00006200        0xc C:\Program Files (x86)\Cypress\PSoC Creator\4.0\PSoC Creator\psoc\content\cycomponentlibrary\CyComponentLibrary.cylib\BLE_v2_20\Library\gccCyBLEStack_BLE_SOC_PERIPHERAL.a(CyBleStackMgr_BleSSDriver.o)
                0x00006200                CyBleStackMgr_BleSSRegWrite

i.CyBleStackMgr_BleSSReset
                0x0000620c       0x38
 i.CyBleStackMgr_BleSSReset
                0x0000620c       0x38 C:\Program Files (x86)\Cypress\PSoC Creator\4.0\PSoC Creator\psoc\content\cycomponentlibrary\CyComponentLibrary.cylib\BLE_v2_20\Library\gccCyBLEStack_BLE_SOC_PERIPHERAL.a(CyBleStackMgr_BleSSDriver.o)
                0x0000620c                CyBleStackMgr_BleSSReset

i.CyBleStackMgr_GenericIface
                0x00006244       0x3c
 i.CyBleStackMgr_GenericIface
                0x00006244       0x3c C:\Program Files (x86)\Cypress\PSoC Creator\4.0\PSoC Creator\psoc\content\cycomponentlibrary\CyComponentLibrary.cylib\BLE_v2_20\Library\gccCyBLEStack_BLE_SOC_PERIPHERAL.a(CyBleStackMgr_BleSSDriver.o)
                0x00006244                CyBleStackMgr_GenericIface

i.CyBleStackMgr_HandleBleSSIntr
                0x00006280       0x90
 i.CyBleStackMgr_HandleBleSSIntr
                0x00006280       0x90 C:\Program Files (x86)\Cypress\PSoC Creator\4.0\PSoC Creator\psoc\content\cycomponentlibrary\CyComponentLibrary.cylib\BLE_v2_20\Library\gccCyBLEStack_BLE_SOC_PERIPHERAL.a(CyBleStackMgr_BleSSDriver.o)
                0x00006280                CyBleStackMgr_HandleBleSSIntr

i.CyBleStackMgr_SetClockParam
                0x00006310       0xb4
 i.CyBleStackMgr_SetClockParam
                0x00006310       0xb4 C:\Program Files (x86)\Cypress\PSoC Creator\4.0\PSoC Creator\psoc\content\cycomponentlibrary\CyComponentLibrary.cylib\BLE_v2_20\Library\gccCyBLEStack_BLE_SOC_PERIPHERAL.a(CyBleStackMgr_BleSSDriver.o)

i.CyBle_ExitDsmMode
                0x000063c4       0x2c
 i.CyBle_ExitDsmMode
                0x000063c4       0x2c C:\Program Files (x86)\Cypress\PSoC Creator\4.0\PSoC Creator\psoc\content\cycomponentlibrary\CyComponentLibrary.cylib\BLE_v2_20\Library\gccCyBLEStack_BLE_SOC_PERIPHERAL.a(CyBleStackMgr_BleSSDriver.o)
                0x000063c4                CyBle_ExitDsmMode

i.CyBle_GetBleSsOperationalMode
                0x000063f0        0xc
 i.CyBle_GetBleSsOperationalMode
                0x000063f0        0xc C:\Program Files (x86)\Cypress\PSoC Creator\4.0\PSoC Creator\psoc\content\cycomponentlibrary\CyComponentLibrary.cylib\BLE_v2_20\Library\gccCyBLEStack_BLE_SOC_PERIPHERAL.a(CyBleStackMgr_BleSSDriver.o)
                0x000063f0                CyBle_GetBleSsOperationalMode

i.CyBle_GetLpMode
                0x000063fc       0x26
 i.CyBle_GetLpMode
                0x000063fc       0x26 C:\Program Files (x86)\Cypress\PSoC Creator\4.0\PSoC Creator\psoc\content\cycomponentlibrary\CyComponentLibrary.cylib\BLE_v2_20\Library\gccCyBLEStack_BLE_SOC_PERIPHERAL.a(CyBleStackMgr_BleSSDriver.o)
                0x000063fc                CyBle_GetLpMode

i.CyBle_GetTxGainMode
                0x00006424       0x2c
 i.CyBle_GetTxGainMode
                0x00006424       0x2c C:\Program Files (x86)\Cypress\PSoC Creator\4.0\PSoC Creator\psoc\content\cycomponentlibrary\CyComponentLibrary.cylib\BLE_v2_20\Library\gccCyBLEStack_BLE_SOC_PERIPHERAL.a(CyBleStackMgr_BleSSDriver.o)
                0x00006424                CyBle_GetTxGainMode

i.CyBle_SetBleSsOperationalMode
                0x00006450       0x20
 i.CyBle_SetBleSsOperationalMode
                0x00006450       0x20 C:\Program Files (x86)\Cypress\PSoC Creator\4.0\PSoC Creator\psoc\content\cycomponentlibrary\CyComponentLibrary.cylib\BLE_v2_20\Library\gccCyBLEStack_BLE_SOC_PERIPHERAL.a(CyBleStackMgr_BleSSDriver.o)
                0x00006450                CyBle_SetBleSsOperationalMode

i.CyBle_SetEventCloseState
                0x00006470        0xc
 i.CyBle_SetEventCloseState
                0x00006470        0xc C:\Program Files (x86)\Cypress\PSoC Creator\4.0\PSoC Creator\psoc\content\cycomponentlibrary\CyComponentLibrary.cylib\BLE_v2_20\Library\gccCyBLEStack_BLE_SOC_PERIPHERAL.a(CyBleStackMgr_BleSSDriver.o)
                0x00006470                CyBle_SetEventCloseState

i.CyBle_SetRxGainMode
                0x0000647c       0x20
 i.CyBle_SetRxGainMode
                0x0000647c       0x20 C:\Program Files (x86)\Cypress\PSoC Creator\4.0\PSoC Creator\psoc\content\cycomponentlibrary\CyComponentLibrary.cylib\BLE_v2_20\Library\gccCyBLEStack_BLE_SOC_PERIPHERAL.a(CyBleStackMgr_BleSSDriver.o)
                0x0000647c                CyBle_SetRxGainMode

i.CyBle_SetTxGainMode
                0x0000649c       0x38
 i.CyBle_SetTxGainMode
                0x0000649c       0x38 C:\Program Files (x86)\Cypress\PSoC Creator\4.0\PSoC Creator\psoc\content\cycomponentlibrary\CyComponentLibrary.cylib\BLE_v2_20\Library\gccCyBLEStack_BLE_SOC_PERIPHERAL.a(CyBleStackMgr_BleSSDriver.o)
                0x0000649c                CyBle_SetTxGainMode

i.pf_rf_get_abs_rssi
                0x000064d4       0x24
 i.pf_rf_get_abs_rssi
                0x000064d4       0x24 C:\Program Files (x86)\Cypress\PSoC Creator\4.0\PSoC Creator\psoc\content\cycomponentlibrary\CyComponentLibrary.cylib\BLE_v2_20\Library\gccCyBLEStack_BLE_SOC_PERIPHERAL.a(CyBleStackMgr_BleSSDriver.o)
                0x000064d4                pf_rf_get_abs_rssi

i.BleStackFlashStorageInit
                0x000064f8       0x74
 i.BleStackFlashStorageInit
                0x000064f8       0x74 C:\Program Files (x86)\Cypress\PSoC Creator\4.0\PSoC Creator\psoc\content\cycomponentlibrary\CyComponentLibrary.cylib\BLE_v2_20\Library\gccCyBLEStack_BLE_SOC_PERIPHERAL.a(storage_pl.o)
                0x000064f8                BleStackFlashStorageInit

i.BleStackWriteToFlashPending
                0x0000656c       0x24
 i.BleStackWriteToFlashPending
                0x0000656c       0x24 C:\Program Files (x86)\Cypress\PSoC Creator\4.0\PSoC Creator\psoc\content\cycomponentlibrary\CyComponentLibrary.cylib\BLE_v2_20\Library\gccCyBLEStack_BLE_SOC_PERIPHERAL.a(storage_pl.o)
                0x0000656c                BleStackWriteToFlashPending

i.BleStackWriteToFlashRam
                0x00006590       0x70
 i.BleStackWriteToFlashRam
                0x00006590       0x70 C:\Program Files (x86)\Cypress\PSoC Creator\4.0\PSoC Creator\psoc\content\cycomponentlibrary\CyComponentLibrary.cylib\BLE_v2_20\Library\gccCyBLEStack_BLE_SOC_PERIPHERAL.a(storage_pl.o)
                0x00006590                BleStackWriteToFlashRam

i.storage_bt_init_pl
                0x00006600       0x28
 i.storage_bt_init_pl
                0x00006600       0x28 C:\Program Files (x86)\Cypress\PSoC Creator\4.0\PSoC Creator\psoc\content\cycomponentlibrary\CyComponentLibrary.cylib\BLE_v2_20\Library\gccCyBLEStack_BLE_SOC_PERIPHERAL.a(storage_pl.o)
                0x00006600                storage_bt_init_pl

i.storage_close_pl
                0x00006628        0x4
 i.storage_close_pl
                0x00006628        0x4 C:\Program Files (x86)\Cypress\PSoC Creator\4.0\PSoC Creator\psoc\content\cycomponentlibrary\CyComponentLibrary.cylib\BLE_v2_20\Library\gccCyBLEStack_BLE_SOC_PERIPHERAL.a(storage_pl.o)
                0x00006628                storage_close_pl

i.storage_open_pl
                0x0000662c       0x1c
 i.storage_open_pl
                0x0000662c       0x1c C:\Program Files (x86)\Cypress\PSoC Creator\4.0\PSoC Creator\psoc\content\cycomponentlibrary\CyComponentLibrary.cylib\BLE_v2_20\Library\gccCyBLEStack_BLE_SOC_PERIPHERAL.a(storage_pl.o)
                0x0000662c                storage_open_pl

i.storage_read_pl
                0x00006648       0x28
 i.storage_read_pl
                0x00006648       0x28 C:\Program Files (x86)\Cypress\PSoC Creator\4.0\PSoC Creator\psoc\content\cycomponentlibrary\CyComponentLibrary.cylib\BLE_v2_20\Library\gccCyBLEStack_BLE_SOC_PERIPHERAL.a(storage_pl.o)
                0x00006648                storage_read_pl

i.storage_read_signature_pl
                0x00006670       0x2c
 i.storage_read_signature_pl
                0x00006670       0x2c C:\Program Files (x86)\Cypress\PSoC Creator\4.0\PSoC Creator\psoc\content\cycomponentlibrary\CyComponentLibrary.cylib\BLE_v2_20\Library\gccCyBLEStack_BLE_SOC_PERIPHERAL.a(storage_pl.o)
                0x00006670                storage_read_signature_pl

i.storage_register_flash_pointer
                0x0000669c       0x20
 i.storage_register_flash_pointer
                0x0000669c       0x20 C:\Program Files (x86)\Cypress\PSoC Creator\4.0\PSoC Creator\psoc\content\cycomponentlibrary\CyComponentLibrary.cylib\BLE_v2_20\Library\gccCyBLEStack_BLE_SOC_PERIPHERAL.a(storage_pl.o)
                0x0000669c                storage_register_flash_pointer

i.storage_reset_storage_offset
                0x000066bc       0x10
 i.storage_reset_storage_offset
                0x000066bc       0x10 C:\Program Files (x86)\Cypress\PSoC Creator\4.0\PSoC Creator\psoc\content\cycomponentlibrary\CyComponentLibrary.cylib\BLE_v2_20\Library\gccCyBLEStack_BLE_SOC_PERIPHERAL.a(storage_pl.o)

i.storage_write_pl
                0x000066cc       0x24
 i.storage_write_pl
                0x000066cc       0x24 C:\Program Files (x86)\Cypress\PSoC Creator\4.0\PSoC Creator\psoc\content\cycomponentlibrary\CyComponentLibrary.cylib\BLE_v2_20\Library\gccCyBLEStack_BLE_SOC_PERIPHERAL.a(storage_pl.o)
                0x000066cc                storage_write_pl

i.storage_write_signature_pl
                0x000066f0       0x14
 i.storage_write_signature_pl
                0x000066f0       0x14 C:\Program Files (x86)\Cypress\PSoC Creator\4.0\PSoC Creator\psoc\content\cycomponentlibrary\CyComponentLibrary.cylib\BLE_v2_20\Library\gccCyBLEStack_BLE_SOC_PERIPHERAL.a(storage_pl.o)
                0x000066f0                storage_write_signature_pl

i.OS_init       0x00006704       0x64
 i.OS_init      0x00006704       0x64 C:\Program Files (x86)\Cypress\PSoC Creator\4.0\PSoC Creator\psoc\content\cycomponentlibrary\CyComponentLibrary.cylib\BLE_v2_20\Library\gccCyBLEStack_BLE_SOC_PERIPHERAL.a(mint_os.o)
                0x00006704                OS_init

i.mintos_malloc
                0x00006768       0x34
 i.mintos_malloc
                0x00006768       0x34 C:\Program Files (x86)\Cypress\PSoC Creator\4.0\PSoC Creator\psoc\content\cycomponentlibrary\CyComponentLibrary.cylib\BLE_v2_20\Library\gccCyBLEStack_BLE_SOC_PERIPHERAL.a(mint_os.o)
                0x00006768                mintos_malloc

i.OS_create_queue
                0x0000679c       0x64
 i.OS_create_queue
                0x0000679c       0x64 C:\Program Files (x86)\Cypress\PSoC Creator\4.0\PSoC Creator\psoc\content\cycomponentlibrary\CyComponentLibrary.cylib\BLE_v2_20\Library\gccCyBLEStack_BLE_SOC_PERIPHERAL.a(mint_os_queue.o)
                0x0000679c                OS_create_queue

i.OS_enqueue_item
                0x00006800       0x8c
 i.OS_enqueue_item
                0x00006800       0x8c C:\Program Files (x86)\Cypress\PSoC Creator\4.0\PSoC Creator\psoc\content\cycomponentlibrary\CyComponentLibrary.cylib\BLE_v2_20\Library\gccCyBLEStack_BLE_SOC_PERIPHERAL.a(mint_os_queue.o)
                0x00006800                OS_enqueue_item

i.OS_queue_get_num_of_items
                0x0000688c       0x28
 i.OS_queue_get_num_of_items
                0x0000688c       0x28 C:\Program Files (x86)\Cypress\PSoC Creator\4.0\PSoC Creator\psoc\content\cycomponentlibrary\CyComponentLibrary.cylib\BLE_v2_20\Library\gccCyBLEStack_BLE_SOC_PERIPHERAL.a(mint_os_queue.o)
                0x0000688c                OS_queue_get_num_of_items

i.OS_queue_mgmt_init
                0x000068b4       0x40
 i.OS_queue_mgmt_init
                0x000068b4       0x40 C:\Program Files (x86)\Cypress\PSoC Creator\4.0\PSoC Creator\psoc\content\cycomponentlibrary\CyComponentLibrary.cylib\BLE_v2_20\Library\gccCyBLEStack_BLE_SOC_PERIPHERAL.a(mint_os_queue.o)
                0x000068b4                OS_queue_mgmt_init

i.OS_remove_item
                0x000068f4       0xa0
 i.OS_remove_item
                0x000068f4       0xa0 C:\Program Files (x86)\Cypress\PSoC Creator\4.0\PSoC Creator\psoc\content\cycomponentlibrary\CyComponentLibrary.cylib\BLE_v2_20\Library\gccCyBLEStack_BLE_SOC_PERIPHERAL.a(mint_os_queue.o)
                0x000068f4                OS_remove_item

i.OS_create_task
                0x00006994       0x88
 i.OS_create_task
                0x00006994       0x88 C:\Program Files (x86)\Cypress\PSoC Creator\4.0\PSoC Creator\psoc\content\cycomponentlibrary\CyComponentLibrary.cylib\BLE_v2_20\Library\gccCyBLEStack_BLE_SOC_PERIPHERAL.a(mint_os_task.o)
                0x00006994                OS_create_task

i.OS_isr_send_signal_to_task
                0x00006a1c        0xc
 i.OS_isr_send_signal_to_task
                0x00006a1c        0xc C:\Program Files (x86)\Cypress\PSoC Creator\4.0\PSoC Creator\psoc\content\cycomponentlibrary\CyComponentLibrary.cylib\BLE_v2_20\Library\gccCyBLEStack_BLE_SOC_PERIPHERAL.a(mint_os_task.o)
                0x00006a1c                OS_isr_send_signal_to_task

i.OS_scheduler  0x00006a28       0x64
 i.OS_scheduler
                0x00006a28       0x64 C:\Program Files (x86)\Cypress\PSoC Creator\4.0\PSoC Creator\psoc\content\cycomponentlibrary\CyComponentLibrary.cylib\BLE_v2_20\Library\gccCyBLEStack_BLE_SOC_PERIPHERAL.a(mint_os_task.o)
                0x00006a28                OS_scheduler

i.OS_send_signal_to_task
                0x00006a8c        0xc
 i.OS_send_signal_to_task
                0x00006a8c        0xc C:\Program Files (x86)\Cypress\PSoC Creator\4.0\PSoC Creator\psoc\content\cycomponentlibrary\CyComponentLibrary.cylib\BLE_v2_20\Library\gccCyBLEStack_BLE_SOC_PERIPHERAL.a(mint_os_task.o)
                0x00006a8c                OS_send_signal_to_task

i.OS_send_signal_to_task_context
                0x00006a98       0x3c
 i.OS_send_signal_to_task_context
                0x00006a98       0x3c C:\Program Files (x86)\Cypress\PSoC Creator\4.0\PSoC Creator\psoc\content\cycomponentlibrary\CyComponentLibrary.cylib\BLE_v2_20\Library\gccCyBLEStack_BLE_SOC_PERIPHERAL.a(mint_os_task.o)

i.OS_task_mgmt_init
                0x00006ad4       0x50
 i.OS_task_mgmt_init
                0x00006ad4       0x50 C:\Program Files (x86)\Cypress\PSoC Creator\4.0\PSoC Creator\psoc\content\cycomponentlibrary\CyComponentLibrary.cylib\BLE_v2_20\Library\gccCyBLEStack_BLE_SOC_PERIPHERAL.a(mint_os_task.o)
                0x00006ad4                OS_task_mgmt_init

i.mint_buf_mgmt_allocate_buffer
                0x00006b24       0x4c
 i.mint_buf_mgmt_allocate_buffer
                0x00006b24       0x4c C:\Program Files (x86)\Cypress\PSoC Creator\4.0\PSoC Creator\psoc\content\cycomponentlibrary\CyComponentLibrary.cylib\BLE_v2_20\Library\gccCyBLEStack_BLE_SOC_PERIPHERAL.a(mint_buf_mgmt.o)
                0x00006b24                mint_buf_mgmt_allocate_buffer

i.mint_buf_mgmt_create_pool
                0x00006b70       0xd0
 i.mint_buf_mgmt_create_pool
                0x00006b70       0xd0 C:\Program Files (x86)\Cypress\PSoC Creator\4.0\PSoC Creator\psoc\content\cycomponentlibrary\CyComponentLibrary.cylib\BLE_v2_20\Library\gccCyBLEStack_BLE_SOC_PERIPHERAL.a(mint_buf_mgmt.o)
                0x00006b70                mint_buf_mgmt_create_pool

i.mint_buf_mgmt_free_buffer
                0x00006c40       0xa4
 i.mint_buf_mgmt_free_buffer
                0x00006c40       0xa4 C:\Program Files (x86)\Cypress\PSoC Creator\4.0\PSoC Creator\psoc\content\cycomponentlibrary\CyComponentLibrary.cylib\BLE_v2_20\Library\gccCyBLEStack_BLE_SOC_PERIPHERAL.a(mint_buf_mgmt.o)
                0x00006c40                mint_buf_mgmt_free_buffer

i.mint_buf_mgmt_init
                0x00006ce4       0x44
 i.mint_buf_mgmt_init
                0x00006ce4       0x44 C:\Program Files (x86)\Cypress\PSoC Creator\4.0\PSoC Creator\psoc\content\cycomponentlibrary\CyComponentLibrary.cylib\BLE_v2_20\Library\gccCyBLEStack_BLE_SOC_PERIPHERAL.a(mint_buf_mgmt.o)
                0x00006ce4                mint_buf_mgmt_init

i.mint_buf_mgmt_malloc
                0x00006d28       0x2c
 i.mint_buf_mgmt_malloc
                0x00006d28       0x2c C:\Program Files (x86)\Cypress\PSoC Creator\4.0\PSoC Creator\psoc\content\cycomponentlibrary\CyComponentLibrary.cylib\BLE_v2_20\Library\gccCyBLEStack_BLE_SOC_PERIPHERAL.a(mint_buf_mgmt.o)
                0x00006d28                mint_buf_mgmt_malloc

i.mint_buf_mgmt_pl_init
                0x00006d54       0x48
 i.mint_buf_mgmt_pl_init
                0x00006d54       0x48 C:\Program Files (x86)\Cypress\PSoC Creator\4.0\PSoC Creator\psoc\content\cycomponentlibrary\CyComponentLibrary.cylib\BLE_v2_20\Library\gccCyBLEStack_BLE_SOC_PERIPHERAL.a(mint_buf_mgmt.o)
                0x00006d54                mint_buf_mgmt_pl_init

i.mint_buf_mgmt_reset_pool
                0x00006d9c       0x70
 i.mint_buf_mgmt_reset_pool
                0x00006d9c       0x70 C:\Program Files (x86)\Cypress\PSoC Creator\4.0\PSoC Creator\psoc\content\cycomponentlibrary\CyComponentLibrary.cylib\BLE_v2_20\Library\gccCyBLEStack_BLE_SOC_PERIPHERAL.a(mint_buf_mgmt.o)
                0x00006d9c                mint_buf_mgmt_reset_pool

i.mint_buf_mgmt_stack_init
                0x00006e0c       0x24
 i.mint_buf_mgmt_stack_init
                0x00006e0c       0x24 C:\Program Files (x86)\Cypress\PSoC Creator\4.0\PSoC Creator\psoc\content\cycomponentlibrary\CyComponentLibrary.cylib\BLE_v2_20\Library\gccCyBLEStack_BLE_SOC_PERIPHERAL.a(mint_buf_mgmt.o)
                0x00006e0c                mint_buf_mgmt_stack_init

i.mint_buf_mgmt_stack_pop
                0x00006e30       0x36
 i.mint_buf_mgmt_stack_pop
                0x00006e30       0x36 C:\Program Files (x86)\Cypress\PSoC Creator\4.0\PSoC Creator\psoc\content\cycomponentlibrary\CyComponentLibrary.cylib\BLE_v2_20\Library\gccCyBLEStack_BLE_SOC_PERIPHERAL.a(mint_buf_mgmt.o)
                0x00006e30                mint_buf_mgmt_stack_pop

i.mint_buf_mgmt_stack_push
                0x00006e66       0x36
 i.mint_buf_mgmt_stack_push
                0x00006e66       0x36 C:\Program Files (x86)\Cypress\PSoC Creator\4.0\PSoC Creator\psoc\content\cycomponentlibrary\CyComponentLibrary.cylib\BLE_v2_20\Library\gccCyBLEStack_BLE_SOC_PERIPHERAL.a(mint_buf_mgmt.o)
                0x00006e66                mint_buf_mgmt_stack_push

i.mint_buf_mgmt_stack_reset
                0x00006e9c       0x1e
 i.mint_buf_mgmt_stack_reset
                0x00006e9c       0x1e C:\Program Files (x86)\Cypress\PSoC Creator\4.0\PSoC Creator\psoc\content\cycomponentlibrary\CyComponentLibrary.cylib\BLE_v2_20\Library\gccCyBLEStack_BLE_SOC_PERIPHERAL.a(mint_buf_mgmt.o)
                0x00006e9c                mint_buf_mgmt_stack_reset

i.mint_buf_mgmt_stack_search_item
                0x00006eba       0x30
 i.mint_buf_mgmt_stack_search_item
                0x00006eba       0x30 C:\Program Files (x86)\Cypress\PSoC Creator\4.0\PSoC Creator\psoc\content\cycomponentlibrary\CyComponentLibrary.cylib\BLE_v2_20\Library\gccCyBLEStack_BLE_SOC_PERIPHERAL.a(mint_buf_mgmt.o)
                0x00006eba                mint_buf_mgmt_stack_search_item

i.CyBleControllerIP_GetPingState
                0x00006eec        0xc
 i.CyBleControllerIP_GetPingState
                0x00006eec        0xc C:\Program Files (x86)\Cypress\PSoC Creator\4.0\PSoC Creator\psoc\content\cycomponentlibrary\CyComponentLibrary.cylib\BLE_v2_20\Library\gccCyBLEStack_BLE_SOC_PERIPHERAL.a(CyBleControllerIP_Interface.o)
                0x00006eec                CyBleControllerIP_GetPingState

i.CyBleController_AddDeviceToWhiteList
                0x00006ef8       0x40
 i.CyBleController_AddDeviceToWhiteList
                0x00006ef8       0x40 C:\Program Files (x86)\Cypress\PSoC Creator\4.0\PSoC Creator\psoc\content\cycomponentlibrary\CyComponentLibrary.cylib\BLE_v2_20\Library\gccCyBLEStack_BLE_SOC_PERIPHERAL.a(CyBleControllerIP_Interface.o)
                0x00006ef8                CyBleController_AddDeviceToWhiteList

i.CyBleController_ExitLowPowerMode
                0x00006f38       0x10
 i.CyBleController_ExitLowPowerMode
                0x00006f38       0x10 C:\Program Files (x86)\Cypress\PSoC Creator\4.0\PSoC Creator\psoc\content\cycomponentlibrary\CyComponentLibrary.cylib\BLE_v2_20\Library\gccCyBLEStack_BLE_SOC_PERIPHERAL.a(CyBleControllerIP_Interface.o)
                0x00006f38                CyBleController_ExitLowPowerMode

i.CyBleController_Init
                0x00006f48       0x32
 i.CyBleController_Init
                0x00006f48       0x32 C:\Program Files (x86)\Cypress\PSoC Creator\4.0\PSoC Creator\psoc\content\cycomponentlibrary\CyComponentLibrary.cylib\BLE_v2_20\Library\gccCyBLEStack_BLE_SOC_PERIPHERAL.a(CyBleControllerIP_Interface.o)
                0x00006f48                CyBleController_Init

i.CyBleController_SetDeviceAddress
                0x00006f7a       0x2e
 i.CyBleController_SetDeviceAddress
                0x00006f7a       0x2e C:\Program Files (x86)\Cypress\PSoC Creator\4.0\PSoC Creator\psoc\content\cycomponentlibrary\CyComponentLibrary.cylib\BLE_v2_20\Library\gccCyBLEStack_BLE_SOC_PERIPHERAL.a(CyBleControllerIP_Interface.o)
                0x00006f7a                CyBleController_SetDeviceAddress

i.CyBle_GetTxPowerLevel
                0x00006fa8       0x4e
 i.CyBle_GetTxPowerLevel
                0x00006fa8       0x4e C:\Program Files (x86)\Cypress\PSoC Creator\4.0\PSoC Creator\psoc\content\cycomponentlibrary\CyComponentLibrary.cylib\BLE_v2_20\Library\gccCyBLEStack_BLE_SOC_PERIPHERAL.a(CyBleControllerIP_Interface.o)
                0x00006fa8                CyBle_GetTxPowerLevel

i.CyBle_SetTxPowerLevel
                0x00006ff6       0x56
 i.CyBle_SetTxPowerLevel
                0x00006ff6       0x56 C:\Program Files (x86)\Cypress\PSoC Creator\4.0\PSoC Creator\psoc\content\cycomponentlibrary\CyComponentLibrary.cylib\BLE_v2_20\Library\gccCyBLEStack_BLE_SOC_PERIPHERAL.a(CyBleControllerIP_Interface.o)
                0x00006ff6                CyBle_SetTxPowerLevel

i.ll_check_and_mark_packet_ready_for_transmission
                0x0000704c       0x28
 i.ll_check_and_mark_packet_ready_for_transmission
                0x0000704c       0x28 C:\Program Files (x86)\Cypress\PSoC Creator\4.0\PSoC Creator\psoc\content\cycomponentlibrary\CyComponentLibrary.cylib\BLE_v2_20\Library\gccCyBLEStack_BLE_SOC_PERIPHERAL.a(ll.o)
                0x0000704c                ll_check_and_mark_packet_ready_for_transmission

i.ll_cleanup_pending_data_pdu
                0x00007074       0x38
 i.ll_cleanup_pending_data_pdu
                0x00007074       0x38 C:\Program Files (x86)\Cypress\PSoC Creator\4.0\PSoC Creator\psoc\content\cycomponentlibrary\CyComponentLibrary.cylib\BLE_v2_20\Library\gccCyBLEStack_BLE_SOC_PERIPHERAL.a(ll.o)
                0x00007074                ll_cleanup_pending_data_pdu

i.ll_exit_low_power_mode
                0x000070ac       0xac
 i.ll_exit_low_power_mode
                0x000070ac       0xac C:\Program Files (x86)\Cypress\PSoC Creator\4.0\PSoC Creator\psoc\content\cycomponentlibrary\CyComponentLibrary.cylib\BLE_v2_20\Library\gccCyBLEStack_BLE_SOC_PERIPHERAL.a(ll.o)
                0x000070ac                ll_exit_low_power_mode

i.ll_get_ack_status
                0x00007158       0x3c
 i.ll_get_ack_status
                0x00007158       0x3c C:\Program Files (x86)\Cypress\PSoC Creator\4.0\PSoC Creator\psoc\content\cycomponentlibrary\CyComponentLibrary.cylib\BLE_v2_20\Library\gccCyBLEStack_BLE_SOC_PERIPHERAL.a(ll.o)
                0x00007158                ll_get_ack_status

i.ll_get_adv_ch_tx_power
                0x00007194       0x20
 i.ll_get_adv_ch_tx_power
                0x00007194       0x20 C:\Program Files (x86)\Cypress\PSoC Creator\4.0\PSoC Creator\psoc\content\cycomponentlibrary\CyComponentLibrary.cylib\BLE_v2_20\Library\gccCyBLEStack_BLE_SOC_PERIPHERAL.a(ll.o)
                0x00007194                ll_get_adv_ch_tx_power

i.ll_get_data_channel_map
                0x000071b4       0x24
 i.ll_get_data_channel_map
                0x000071b4       0x24 C:\Program Files (x86)\Cypress\PSoC Creator\4.0\PSoC Creator\psoc\content\cycomponentlibrary\CyComponentLibrary.cylib\BLE_v2_20\Library\gccCyBLEStack_BLE_SOC_PERIPHERAL.a(ll.o)
                0x000071b4                ll_get_data_channel_map

i.ll_get_max_white_list_size
                0x000071d8        0xc
 i.ll_get_max_white_list_size
                0x000071d8        0xc C:\Program Files (x86)\Cypress\PSoC Creator\4.0\PSoC Creator\psoc\content\cycomponentlibrary\CyComponentLibrary.cylib\BLE_v2_20\Library\gccCyBLEStack_BLE_SOC_PERIPHERAL.a(ll.o)
                0x000071d8                ll_get_max_white_list_size

i.ll_get_my_role
                0x000071e4        0xc
 i.ll_get_my_role
                0x000071e4        0xc C:\Program Files (x86)\Cypress\PSoC Creator\4.0\PSoC Creator\psoc\content\cycomponentlibrary\CyComponentLibrary.cylib\BLE_v2_20\Library\gccCyBLEStack_BLE_SOC_PERIPHERAL.a(ll.o)
                0x000071e4                ll_get_my_role

i.ll_get_next_available_fifo_for_data_pdu
                0x000071f0        0x8
 i.ll_get_next_available_fifo_for_data_pdu
                0x000071f0        0x8 C:\Program Files (x86)\Cypress\PSoC Creator\4.0\PSoC Creator\psoc\content\cycomponentlibrary\CyComponentLibrary.cylib\BLE_v2_20\Library\gccCyBLEStack_BLE_SOC_PERIPHERAL.a(ll.o)
                0x000071f0                ll_get_next_available_fifo_for_data_pdu

i.ll_get_next_available_fifo_for_ll_pdu
                0x000071f8       0x24
 i.ll_get_next_available_fifo_for_ll_pdu
                0x000071f8       0x24 C:\Program Files (x86)\Cypress\PSoC Creator\4.0\PSoC Creator\psoc\content\cycomponentlibrary\CyComponentLibrary.cylib\BLE_v2_20\Library\gccCyBLEStack_BLE_SOC_PERIPHERAL.a(ll.o)
                0x000071f8                ll_get_next_available_fifo_for_ll_pdu

i.ll_get_rssi_value
                0x0000721c       0x26
 i.ll_get_rssi_value
                0x0000721c       0x26 C:\Program Files (x86)\Cypress\PSoC Creator\4.0\PSoC Creator\psoc\content\cycomponentlibrary\CyComponentLibrary.cylib\BLE_v2_20\Library\gccCyBLEStack_BLE_SOC_PERIPHERAL.a(ll.o)
                0x0000721c                ll_get_rssi_value

i.ll_get_transmit_power_level
                0x00007244       0x2c
 i.ll_get_transmit_power_level
                0x00007244       0x2c C:\Program Files (x86)\Cypress\PSoC Creator\4.0\PSoC Creator\psoc\content\cycomponentlibrary\CyComponentLibrary.cylib\BLE_v2_20\Library\gccCyBLEStack_BLE_SOC_PERIPHERAL.a(ll.o)
                0x00007244                ll_get_transmit_power_level

i.ll_handle_ack_received
                0x00007270       0x74
 i.ll_handle_ack_received
                0x00007270       0x74 C:\Program Files (x86)\Cypress\PSoC Creator\4.0\PSoC Creator\psoc\content\cycomponentlibrary\CyComponentLibrary.cylib\BLE_v2_20\Library\gccCyBLEStack_BLE_SOC_PERIPHERAL.a(ll.o)
                0x00007270                ll_handle_ack_received

i.ll_handle_add_device_in_whitelist
                0x000072e4       0x3a
 i.ll_handle_add_device_in_whitelist
                0x000072e4       0x3a C:\Program Files (x86)\Cypress\PSoC Creator\4.0\PSoC Creator\psoc\content\cycomponentlibrary\CyComponentLibrary.cylib\BLE_v2_20\Library\gccCyBLEStack_BLE_SOC_PERIPHERAL.a(ll.o)
                0x000072e4                ll_handle_add_device_in_whitelist

i.ll_handle_clear_whitelist
                0x0000731e       0x16
 i.ll_handle_clear_whitelist
                0x0000731e       0x16 C:\Program Files (x86)\Cypress\PSoC Creator\4.0\PSoC Creator\psoc\content\cycomponentlibrary\CyComponentLibrary.cylib\BLE_v2_20\Library\gccCyBLEStack_BLE_SOC_PERIPHERAL.a(ll.o)
                0x0000731e                ll_handle_clear_whitelist

i.ll_handle_encrypt_host_data
                0x00007334       0x36
 i.ll_handle_encrypt_host_data
                0x00007334       0x36 C:\Program Files (x86)\Cypress\PSoC Creator\4.0\PSoC Creator\psoc\content\cycomponentlibrary\CyComponentLibrary.cylib\BLE_v2_20\Library\gccCyBLEStack_BLE_SOC_PERIPHERAL.a(ll.o)
                0x00007334                ll_handle_encrypt_host_data

i.ll_handle_host_data_packet
                0x0000736a       0x54
 i.ll_handle_host_data_packet
                0x0000736a       0x54 C:\Program Files (x86)\Cypress\PSoC Creator\4.0\PSoC Creator\psoc\content\cycomponentlibrary\CyComponentLibrary.cylib\BLE_v2_20\Library\gccCyBLEStack_BLE_SOC_PERIPHERAL.a(ll.o)
                0x0000736a                ll_handle_host_data_packet

i.ll_handle_read_host_channel_map
                0x000073be        0x4
 i.ll_handle_read_host_channel_map
                0x000073be        0x4 C:\Program Files (x86)\Cypress\PSoC Creator\4.0\PSoC Creator\psoc\content\cycomponentlibrary\CyComponentLibrary.cylib\BLE_v2_20\Library\gccCyBLEStack_BLE_SOC_PERIPHERAL.a(ll.o)
                0x000073be                ll_handle_read_host_channel_map

i.ll_handle_remove_device_in_whitelist
                0x000073c2       0x2a
 i.ll_handle_remove_device_in_whitelist
                0x000073c2       0x2a C:\Program Files (x86)\Cypress\PSoC Creator\4.0\PSoC Creator\psoc\content\cycomponentlibrary\CyComponentLibrary.cylib\BLE_v2_20\Library\gccCyBLEStack_BLE_SOC_PERIPHERAL.a(ll.o)
                0x000073c2                ll_handle_remove_device_in_whitelist

i.ll_handle_reset
                0x000073ec        0xe
 i.ll_handle_reset
                0x000073ec        0xe C:\Program Files (x86)\Cypress\PSoC Creator\4.0\PSoC Creator\psoc\content\cycomponentlibrary\CyComponentLibrary.cylib\BLE_v2_20\Library\gccCyBLEStack_BLE_SOC_PERIPHERAL.a(ll.o)
                0x000073ec                ll_handle_reset

i.ll_handle_set_random_address
                0x000073fa       0x36
 i.ll_handle_set_random_address
                0x000073fa       0x36 C:\Program Files (x86)\Cypress\PSoC Creator\4.0\PSoC Creator\psoc\content\cycomponentlibrary\CyComponentLibrary.cylib\BLE_v2_20\Library\gccCyBLEStack_BLE_SOC_PERIPHERAL.a(ll.o)
                0x000073fa                ll_handle_set_random_address

i.ll_init       0x00007430       0x18
 i.ll_init      0x00007430       0x18 C:\Program Files (x86)\Cypress\PSoC Creator\4.0\PSoC Creator\psoc\content\cycomponentlibrary\CyComponentLibrary.cylib\BLE_v2_20\Library\gccCyBLEStack_BLE_SOC_PERIPHERAL.a(ll.o)
                0x00007430                ll_init

i.ll_initialize_device_attributes
                0x00007448       0x4c
 i.ll_initialize_device_attributes
                0x00007448       0x4c C:\Program Files (x86)\Cypress\PSoC Creator\4.0\PSoC Creator\psoc\content\cycomponentlibrary\CyComponentLibrary.cylib\BLE_v2_20\Library\gccCyBLEStack_BLE_SOC_PERIPHERAL.a(ll.o)
                0x00007448                ll_initialize_device_attributes

i.ll_is_pkt_pending
                0x00007494       0x2a
 i.ll_is_pkt_pending
                0x00007494       0x2a C:\Program Files (x86)\Cypress\PSoC Creator\4.0\PSoC Creator\psoc\content\cycomponentlibrary\CyComponentLibrary.cylib\BLE_v2_20\Library\gccCyBLEStack_BLE_SOC_PERIPHERAL.a(ll.o)
                0x00007494                ll_is_pkt_pending

i.ll_is_sent_pkt_pending
                0x000074be       0x1a
 i.ll_is_sent_pkt_pending
                0x000074be       0x1a C:\Program Files (x86)\Cypress\PSoC Creator\4.0\PSoC Creator\psoc\content\cycomponentlibrary\CyComponentLibrary.cylib\BLE_v2_20\Library\gccCyBLEStack_BLE_SOC_PERIPHERAL.a(ll.o)
                0x000074be                ll_is_sent_pkt_pending

i.ll_isr_exit_low_power_mode
                0x000074d8       0x16
 i.ll_isr_exit_low_power_mode
                0x000074d8       0x16 C:\Program Files (x86)\Cypress\PSoC Creator\4.0\PSoC Creator\psoc\content\cycomponentlibrary\CyComponentLibrary.cylib\BLE_v2_20\Library\gccCyBLEStack_BLE_SOC_PERIPHERAL.a(ll.o)
                0x000074d8                ll_isr_exit_low_power_mode

i.ll_load_host_data_packet
                0x000074ee       0x4a
 i.ll_load_host_data_packet
                0x000074ee       0x4a C:\Program Files (x86)\Cypress\PSoC Creator\4.0\PSoC Creator\psoc\content\cycomponentlibrary\CyComponentLibrary.cylib\BLE_v2_20\Library\gccCyBLEStack_BLE_SOC_PERIPHERAL.a(ll.o)
                0x000074ee                ll_load_host_data_packet

i.ll_load_packet_to_fifo
                0x00007538       0x6e
 i.ll_load_packet_to_fifo
                0x00007538       0x6e C:\Program Files (x86)\Cypress\PSoC Creator\4.0\PSoC Creator\psoc\content\cycomponentlibrary\CyComponentLibrary.cylib\BLE_v2_20\Library\gccCyBLEStack_BLE_SOC_PERIPHERAL.a(ll.o)
                0x00007538                ll_load_packet_to_fifo

i.ll_process_acks
                0x000075a6       0x3c
 i.ll_process_acks
                0x000075a6       0x3c C:\Program Files (x86)\Cypress\PSoC Creator\4.0\PSoC Creator\psoc\content\cycomponentlibrary\CyComponentLibrary.cylib\BLE_v2_20\Library\gccCyBLEStack_BLE_SOC_PERIPHERAL.a(ll.o)
                0x000075a6                ll_process_acks

i.ll_reset      0x000075e2       0x12
 i.ll_reset     0x000075e2       0x12 C:\Program Files (x86)\Cypress\PSoC Creator\4.0\PSoC Creator\psoc\content\cycomponentlibrary\CyComponentLibrary.cylib\BLE_v2_20\Library\gccCyBLEStack_BLE_SOC_PERIPHERAL.a(ll.o)
                0x000075e2                ll_reset

i.ll_update_active_features
                0x000075f4       0x58
 i.ll_update_active_features
                0x000075f4       0x58 C:\Program Files (x86)\Cypress\PSoC Creator\4.0\PSoC Creator\psoc\content\cycomponentlibrary\CyComponentLibrary.cylib\BLE_v2_20\Library\gccCyBLEStack_BLE_SOC_PERIPHERAL.a(ll.o)
                0x000075f4                ll_update_active_features

i.ll_update_device_fsm
                0x0000764c        0x8
 i.ll_update_device_fsm
                0x0000764c        0x8 C:\Program Files (x86)\Cypress\PSoC Creator\4.0\PSoC Creator\psoc\content\cycomponentlibrary\CyComponentLibrary.cylib\BLE_v2_20\Library\gccCyBLEStack_BLE_SOC_PERIPHERAL.a(ll.o)
                0x0000764c                ll_update_device_fsm

i.pf_le_start_timer
                0x00007654       0x16
 i.pf_le_start_timer
                0x00007654       0x16 C:\Program Files (x86)\Cypress\PSoC Creator\4.0\PSoC Creator\psoc\content\cycomponentlibrary\CyComponentLibrary.cylib\BLE_v2_20\Library\gccCyBLEStack_BLE_SOC_PERIPHERAL.a(ll.o)
                0x00007654                pf_le_start_timer

i.pf_le_stop_timer
                0x0000766a       0x12
 i.pf_le_stop_timer
                0x0000766a       0x12 C:\Program Files (x86)\Cypress\PSoC Creator\4.0\PSoC Creator\psoc\content\cycomponentlibrary\CyComponentLibrary.cylib\BLE_v2_20\Library\gccCyBLEStack_BLE_SOC_PERIPHERAL.a(ll.o)
                0x0000766a                pf_le_stop_timer

i.CyBleControllerIP_TuneAdvEventInterPktSlots
                0x0000767c       0x44
 i.CyBleControllerIP_TuneAdvEventInterPktSlots
                0x0000767c       0x44 C:\Program Files (x86)\Cypress\PSoC Creator\4.0\PSoC Creator\psoc\content\cycomponentlibrary\CyComponentLibrary.cylib\BLE_v2_20\Library\gccCyBLEStack_BLE_SOC_PERIPHERAL.a(ll_advertiser.o)
                0x0000767c                CyBleControllerIP_TuneAdvEventInterPktSlots

i.ll_adv_is_configured_connection_adv
                0x000076c0       0x1e
 i.ll_adv_is_configured_connection_adv
                0x000076c0       0x1e C:\Program Files (x86)\Cypress\PSoC Creator\4.0\PSoC Creator\psoc\content\cycomponentlibrary\CyComponentLibrary.cylib\BLE_v2_20\Library\gccCyBLEStack_BLE_SOC_PERIPHERAL.a(ll_advertiser.o)
                0x000076c0                ll_adv_is_configured_connection_adv

i.ll_check_random_address_in_use_by_advertiser
                0x000076de       0x10
 i.ll_check_random_address_in_use_by_advertiser
                0x000076de       0x10 C:\Program Files (x86)\Cypress\PSoC Creator\4.0\PSoC Creator\psoc\content\cycomponentlibrary\CyComponentLibrary.cylib\BLE_v2_20\Library\gccCyBLEStack_BLE_SOC_PERIPHERAL.a(ll_advertiser.o)
                0x000076de                ll_check_random_address_in_use_by_advertiser

i.ll_check_whitelist_in_use_by_advertiser
                0x000076ee       0x10
 i.ll_check_whitelist_in_use_by_advertiser
                0x000076ee       0x10 C:\Program Files (x86)\Cypress\PSoC Creator\4.0\PSoC Creator\psoc\content\cycomponentlibrary\CyComponentLibrary.cylib\BLE_v2_20\Library\gccCyBLEStack_BLE_SOC_PERIPHERAL.a(ll_advertiser.o)
                0x000076ee                ll_check_whitelist_in_use_by_advertiser

i.ll_get_adv_status
                0x000076fe        0xc
 i.ll_get_adv_status
                0x000076fe        0xc C:\Program Files (x86)\Cypress\PSoC Creator\4.0\PSoC Creator\psoc\content\cycomponentlibrary\CyComponentLibrary.cylib\BLE_v2_20\Library\gccCyBLEStack_BLE_SOC_PERIPHERAL.a(ll_advertiser.o)
                0x000076fe                ll_get_adv_status

i.ll_get_adv_type
                0x0000770a       0x16
 i.ll_get_adv_type
                0x0000770a       0x16 C:\Program Files (x86)\Cypress\PSoC Creator\4.0\PSoC Creator\psoc\content\cycomponentlibrary\CyComponentLibrary.cylib\BLE_v2_20\Library\gccCyBLEStack_BLE_SOC_PERIPHERAL.a(ll_advertiser.o)
                0x0000770a                ll_get_adv_type

i.ll_handle_adv_intr
                0x00007720       0x50
 i.ll_handle_adv_intr
                0x00007720       0x50 C:\Program Files (x86)\Cypress\PSoC Creator\4.0\PSoC Creator\psoc\content\cycomponentlibrary\CyComponentLibrary.cylib\BLE_v2_20\Library\gccCyBLEStack_BLE_SOC_PERIPHERAL.a(ll_advertiser.o)
                0x00007720                ll_handle_adv_intr

i.ll_handle_set_adv_data
                0x00007770       0x14
 i.ll_handle_set_adv_data
                0x00007770       0x14 C:\Program Files (x86)\Cypress\PSoC Creator\4.0\PSoC Creator\psoc\content\cycomponentlibrary\CyComponentLibrary.cylib\BLE_v2_20\Library\gccCyBLEStack_BLE_SOC_PERIPHERAL.a(ll_advertiser.o)
                0x00007770                ll_handle_set_adv_data

i.ll_handle_set_adv_parameters
                0x00007784       0x84
 i.ll_handle_set_adv_parameters
                0x00007784       0x84 C:\Program Files (x86)\Cypress\PSoC Creator\4.0\PSoC Creator\psoc\content\cycomponentlibrary\CyComponentLibrary.cylib\BLE_v2_20\Library\gccCyBLEStack_BLE_SOC_PERIPHERAL.a(ll_advertiser.o)
                0x00007784                ll_handle_set_adv_parameters

i.ll_handle_set_advertise_enable
                0x00007808       0x70
 i.ll_handle_set_advertise_enable
                0x00007808       0x70 C:\Program Files (x86)\Cypress\PSoC Creator\4.0\PSoC Creator\psoc\content\cycomponentlibrary\CyComponentLibrary.cylib\BLE_v2_20\Library\gccCyBLEStack_BLE_SOC_PERIPHERAL.a(ll_advertiser.o)
                0x00007808                ll_handle_set_advertise_enable

i.ll_handle_set_scan_resp_data
                0x00007878       0x14
 i.ll_handle_set_scan_resp_data
                0x00007878       0x14 C:\Program Files (x86)\Cypress\PSoC Creator\4.0\PSoC Creator\psoc\content\cycomponentlibrary\CyComponentLibrary.cylib\BLE_v2_20\Library\gccCyBLEStack_BLE_SOC_PERIPHERAL.a(ll_advertiser.o)
                0x00007878                ll_handle_set_scan_resp_data

i.ll_init_advertiser
                0x0000788c       0x68
 i.ll_init_advertiser
                0x0000788c       0x68 C:\Program Files (x86)\Cypress\PSoC Creator\4.0\PSoC Creator\psoc\content\cycomponentlibrary\CyComponentLibrary.cylib\BLE_v2_20\Library\gccCyBLEStack_BLE_SOC_PERIPHERAL.a(ll_advertiser.o)
                0x0000788c                ll_init_advertiser

i.is_le_connection_handle
                0x000078f4       0x28
 i.is_le_connection_handle
                0x000078f4       0x28 C:\Program Files (x86)\Cypress\PSoC Creator\4.0\PSoC Creator\psoc\content\cycomponentlibrary\CyComponentLibrary.cylib\BLE_v2_20\Library\gccCyBLEStack_BLE_SOC_PERIPHERAL.a(ll_connection.o)
                0x000078f4                is_le_connection_handle

i.le_assign_connection_handle
                0x0000791c       0x28
 i.le_assign_connection_handle
                0x0000791c       0x28 C:\Program Files (x86)\Cypress\PSoC Creator\4.0\PSoC Creator\psoc\content\cycomponentlibrary\CyComponentLibrary.cylib\BLE_v2_20\Library\gccCyBLEStack_BLE_SOC_PERIPHERAL.a(ll_connection.o)
                0x0000791c                le_assign_connection_handle

i.le_get_connection_index
                0x00007944        0x6
 i.le_get_connection_index
                0x00007944        0x6 C:\Program Files (x86)\Cypress\PSoC Creator\4.0\PSoC Creator\psoc\content\cycomponentlibrary\CyComponentLibrary.cylib\BLE_v2_20\Library\gccCyBLEStack_BLE_SOC_PERIPHERAL.a(ll_connection.o)
                0x00007944                le_get_connection_index

i.ll_allocate_connection
                0x0000794c       0x44
 i.ll_allocate_connection
                0x0000794c       0x44 C:\Program Files (x86)\Cypress\PSoC Creator\4.0\PSoC Creator\psoc\content\cycomponentlibrary\CyComponentLibrary.cylib\BLE_v2_20\Library\gccCyBLEStack_BLE_SOC_PERIPHERAL.a(ll_connection.o)
                0x0000794c                ll_allocate_connection

i.ll_calculate_and_program_def_win_widen_drift
                0x00007990       0x14
 i.ll_calculate_and_program_def_win_widen_drift
                0x00007990       0x14 C:\Program Files (x86)\Cypress\PSoC Creator\4.0\PSoC Creator\psoc\content\cycomponentlibrary\CyComponentLibrary.cylib\BLE_v2_20\Library\gccCyBLEStack_BLE_SOC_PERIPHERAL.a(ll_connection.o)
                0x00007990                ll_calculate_and_program_def_win_widen_drift

i.ll_calculate_drift
                0x000079a4       0x2c
 i.ll_calculate_drift
                0x000079a4       0x2c C:\Program Files (x86)\Cypress\PSoC Creator\4.0\PSoC Creator\psoc\content\cycomponentlibrary\CyComponentLibrary.cylib\BLE_v2_20\Library\gccCyBLEStack_BLE_SOC_PERIPHERAL.a(ll_connection.o)
                0x000079a4                ll_calculate_drift

i.ll_check_and_decrypt_ll_pdu
                0x000079d0       0x68
 i.ll_check_and_decrypt_ll_pdu
                0x000079d0       0x68 C:\Program Files (x86)\Cypress\PSoC Creator\4.0\PSoC Creator\psoc\content\cycomponentlibrary\CyComponentLibrary.cylib\BLE_v2_20\Library\gccCyBLEStack_BLE_SOC_PERIPHERAL.a(ll_connection.o)
                0x000079d0                ll_check_and_decrypt_ll_pdu

i.ll_check_and_decrypt_packet
                0x00007a38       0x6a
 i.ll_check_and_decrypt_packet
                0x00007a38       0x6a C:\Program Files (x86)\Cypress\PSoC Creator\4.0\PSoC Creator\psoc\content\cycomponentlibrary\CyComponentLibrary.cylib\BLE_v2_20\Library\gccCyBLEStack_BLE_SOC_PERIPHERAL.a(ll_connection.o)
                0x00007a38                ll_check_and_decrypt_packet

i.ll_check_and_encrypt_ll_pdu
                0x00007aa2       0x72
 i.ll_check_and_encrypt_ll_pdu
                0x00007aa2       0x72 C:\Program Files (x86)\Cypress\PSoC Creator\4.0\PSoC Creator\psoc\content\cycomponentlibrary\CyComponentLibrary.cylib\BLE_v2_20\Library\gccCyBLEStack_BLE_SOC_PERIPHERAL.a(ll_connection.o)
                0x00007aa2                ll_check_and_encrypt_ll_pdu

i.ll_check_and_encrypt_packet
                0x00007b14       0x8a
 i.ll_check_and_encrypt_packet
                0x00007b14       0x8a C:\Program Files (x86)\Cypress\PSoC Creator\4.0\PSoC Creator\psoc\content\cycomponentlibrary\CyComponentLibrary.cylib\BLE_v2_20\Library\gccCyBLEStack_BLE_SOC_PERIPHERAL.a(ll_connection.o)
                0x00007b14                ll_check_and_encrypt_packet

i.ll_check_for_allowing_incoming_connection_update
                0x00007b9e       0x42
 i.ll_check_for_allowing_incoming_connection_update
                0x00007b9e       0x42 C:\Program Files (x86)\Cypress\PSoC Creator\4.0\PSoC Creator\psoc\content\cycomponentlibrary\CyComponentLibrary.cylib\BLE_v2_20\Library\gccCyBLEStack_BLE_SOC_PERIPHERAL.a(ll_connection.o)
                0x00007b9e                ll_check_for_allowing_incoming_connection_update

i.ll_check_if_pdu_is_loaded_to_hardware
                0x00007be0       0x1c
 i.ll_check_if_pdu_is_loaded_to_hardware
                0x00007be0       0x1c C:\Program Files (x86)\Cypress\PSoC Creator\4.0\PSoC Creator\psoc\content\cycomponentlibrary\CyComponentLibrary.cylib\BLE_v2_20\Library\gccCyBLEStack_BLE_SOC_PERIPHERAL.a(ll_connection.o)