Archive member included because of file (symbol)

.\CortexM0\ARM_GCC_493\Debug\test01.a(cyfitter_cfg.o)
                              .\CortexM0\ARM_GCC_493\Debug\Cm0Start.o (cyfitter_cfg)
.\CortexM0\ARM_GCC_493\Debug\test01.a(BLE.o)
                              .\CortexM0\ARM_GCC_493\Debug\main.o (CyBle_Start)
.\CortexM0\ARM_GCC_493\Debug\test01.a(BLE_gatt.o)
                              .\CortexM0\ARM_GCC_493\Debug\main.o (cyBle_state)
.\CortexM0\ARM_GCC_493\Debug\test01.a(BLE_eventHandler.o)
                              .\CortexM0\ARM_GCC_493\Debug\main.o (cyBle_connHandle)
.\CortexM0\ARM_GCC_493\Debug\test01.a(BLE_custom.o)
                              .\CortexM0\ARM_GCC_493\Debug\test01.a(BLE.o) (CyBle_CustomInit)
.\CortexM0\ARM_GCC_493\Debug\test01.a(CyLib.o)
                              .\CortexM0\ARM_GCC_493\Debug\test01.a(cyfitter_cfg.o) (CySysClkWriteImoFreq)
.\CortexM0\ARM_GCC_493\Debug\test01.a(CyLFClk.o)
                              .\CortexM0\ARM_GCC_493\Debug\test01.a(cyfitter_cfg.o) (CySysClkWcoStart)
.\CortexM0\ARM_GCC_493\Debug\test01.a(Pin_button.o)
                              .\CortexM0\ARM_GCC_493\Debug\main.o (Pin_button_Read)
.\CortexM0\ARM_GCC_493\Debug\test01.a(Pin_Red.o)
                              .\CortexM0\ARM_GCC_493\Debug\main.o (Pin_Red_Write)
.\CortexM0\ARM_GCC_493\Debug\test01.a(CyBootAsmGnu.o)
                              .\CortexM0\ARM_GCC_493\Debug\test01.a(cyfitter_cfg.o) (CyDelayCycles)
C:\Program Files (x86)\Cypress\PSoC Creator\4.0\PSoC Creator\psoc\content\cycomponentlibrary\CyComponentLibrary.cylib\BLE_v2_20\Library\gccCyBLEStack_BLE_SOC_PERIPHERAL.a(CyBle.o)
                              .\CortexM0\ARM_GCC_493\Debug\main.o (CyBle_ProcessEvents)
C:\Program Files (x86)\Cypress\PSoC Creator\4.0\PSoC Creator\psoc\content\cycomponentlibrary\CyComponentLibrary.cylib\BLE_v2_20\Library\gccCyBLEStack_BLE_SOC_PERIPHERAL.a(CyBleStackMgrIP_Interface.o)
                              C:\Program Files (x86)\Cypress\PSoC Creator\4.0\PSoC Creator\psoc\content\cycomponentlibrary\CyComponentLibrary.cylib\BLE_v2_20\Library\gccCyBLEStack_BLE_SOC_PERIPHERAL.a(CyBle.o) (CyBleStackMgr_Init)
C:\Program Files (x86)\Cypress\PSoC Creator\4.0\PSoC Creator\psoc\content\cycomponentlibrary\CyComponentLibrary.cylib\BLE_v2_20\Library\gccCyBLEStack_BLE_SOC_PERIPHERAL.a(BT_os.o)
                              C:\Program Files (x86)\Cypress\PSoC Creator\4.0\PSoC Creator\psoc\content\cycomponentlibrary\CyComponentLibrary.cylib\BLE_v2_20\Library\gccCyBLEStack_BLE_SOC_PERIPHERAL.a(CyBleStackMgrIP_Interface.o) (cyBleStackMemoryConfig)
C:\Program Files (x86)\Cypress\PSoC Creator\4.0\PSoC Creator\psoc\content\cycomponentlibrary\CyComponentLibrary.cylib\BLE_v2_20\Library\gccCyBLEStack_BLE_SOC_PERIPHERAL.a(CyBleStackMgr_StackTaskHandler.o)
                              C:\Program Files (x86)\Cypress\PSoC Creator\4.0\PSoC Creator\psoc\content\cycomponentlibrary\CyComponentLibrary.cylib\BLE_v2_20\Library\gccCyBLEStack_BLE_SOC_PERIPHERAL.a(CyBleStackMgrIP_Interface.o) (CyBle_CreateBleStackTask)
C:\Program Files (x86)\Cypress\PSoC Creator\4.0\PSoC Creator\psoc\content\cycomponentlibrary\CyComponentLibrary.cylib\BLE_v2_20\Library\gccCyBLEStack_BLE_SOC_PERIPHERAL.a(transport_sf.o)
                              C:\Program Files (x86)\Cypress\PSoC Creator\4.0\PSoC Creator\psoc\content\cycomponentlibrary\CyComponentLibrary.cylib\BLE_v2_20\Library\gccCyBLEStack_BLE_SOC_PERIPHERAL.a(CyBleStackMgr_StackTaskHandler.o) (hci_soft_transport_notify_data_received)
C:\Program Files (x86)\Cypress\PSoC Creator\4.0\PSoC Creator\psoc\content\cycomponentlibrary\CyComponentLibrary.cylib\BLE_v2_20\Library\gccCyBLEStack_BLE_SOC_PERIPHERAL.a(CyBleStackMgr_PSoCHal.o)
                              C:\Program Files (x86)\Cypress\PSoC Creator\4.0\PSoC Creator\psoc\content\cycomponentlibrary\CyComponentLibrary.cylib\BLE_v2_20\Library\gccCyBLEStack_BLE_SOC_PERIPHERAL.a(CyBleStackMgrIP_Interface.o) (CyBleStackMgr_HalInit)
C:\Program Files (x86)\Cypress\PSoC Creator\4.0\PSoC Creator\psoc\content\cycomponentlibrary\CyComponentLibrary.cylib\BLE_v2_20\Library\gccCyBLEStack_BLE_SOC_PERIPHERAL.a(CyBleStackMgr_BleSSDriver.o)
                              C:\Program Files (x86)\Cypress\PSoC Creator\4.0\PSoC Creator\psoc\content\cycomponentlibrary\CyComponentLibrary.cylib\BLE_v2_20\Library\gccCyBLEStack_BLE_SOC_PERIPHERAL.a(CyBleStackMgrIP_Interface.o) (CyBleStackMgr_BleSSInit)
C:\Program Files (x86)\Cypress\PSoC Creator\4.0\PSoC Creator\psoc\content\cycomponentlibrary\CyComponentLibrary.cylib\BLE_v2_20\Library\gccCyBLEStack_BLE_SOC_PERIPHERAL.a(config_bin.o)
                              C:\Program Files (x86)\Cypress\PSoC Creator\4.0\PSoC Creator\psoc\content\cycomponentlibrary\CyComponentLibrary.cylib\BLE_v2_20\Library\gccCyBLEStack_BLE_SOC_PERIPHERAL.a(CyBleStackMgr_PSoCHal.o) (bt_cfg_pdata)
[...]
Memory Configuration

Name             Origin             Length             Attributes
rom              0x00000000         0x00020000         xr
ram              0x20000000         0x00004000         xrw
*default*        0x00000000         0xffffffff

Linker script and memory map

LOAD c:/program files (x86)/cypress/psoc creator/4.0/psoc creator/import/gnu/arm/4.9.3/bin/../lib/gcc/arm-none-eabi/4.9.3/armv6-m/crti.o
LOAD c:/program files (x86)/cypress/psoc creator/4.0/psoc creator/import/gnu/arm/4.9.3/bin/../lib/gcc/arm-none-eabi/4.9.3/armv6-m/crtbegin.o
LOAD c:/program files (x86)/cypress/psoc creator/4.0/psoc creator/import/gnu/arm/4.9.3/bin/../lib/gcc/arm-none-eabi/4.9.3/../../../../arm-none-eabi/lib/armv6-m/crt0.o
START GROUP
LOAD .\CortexM0\ARM_GCC_493\Debug\main.o
LOAD .\CortexM0\ARM_GCC_493\Debug\cymetadata.o
LOAD .\CortexM0\ARM_GCC_493\Debug\Cm0Start.o
LOAD .\CortexM0\ARM_GCC_493\Debug\test01.a
LOAD C:\Program Files (x86)\Cypress\PSoC Creator\4.0\PSoC Creator\psoc\content\cycomponentlibrary\CyComponentLibrary.cylib\BLE_v2_20\Library\gccCyBLEStack_BLE_SOC_PERIPHERAL.a
LOAD C:\Program Files (x86)\Cypress\PSoC Creator\4.0\PSoC Creator\psoc\content\cycomponentlibrary\CyComponentLibrary.cylib\CortexM0\ARM_GCC_493\Debug\CyComponentLibrary.a
LOAD c:/program files (x86)/cypress/psoc creator/4.0/psoc creator/import/gnu/arm/4.9.3/bin/../lib/gcc/arm-none-eabi/4.9.3/../../../../arm-none-eabi/lib/armv6-m\libm.a
END GROUP
START GROUP
LOAD c:/program files (x86)/cypress/psoc creator/4.0/psoc creator/import/gnu/arm/4.9.3/bin/../lib/gcc/arm-none-eabi/4.9.3/armv6-m\libgcc.a
LOAD c:/program files (x86)/cypress/psoc creator/4.0/psoc creator/import/gnu/arm/4.9.3/bin/../lib/gcc/arm-none-eabi/4.9.3/../../../../arm-none-eabi/lib/armv6-m\libg_nano.a
LOAD c:/program files (x86)/cypress/psoc creator/4.0/psoc creator/import/gnu/arm/4.9.3/bin/../lib/gcc/arm-none-eabi/4.9.3/../../../../arm-none-eabi/lib/armv6-m\libc_nano.a
END GROUP
START GROUP
LOAD c:/program files (x86)/cypress/psoc creator/4.0/psoc creator/import/gnu/arm/4.9.3/bin/../lib/gcc/arm-none-eabi/4.9.3/armv6-m\libgcc.a
LOAD c:/program files (x86)/cypress/psoc creator/4.0/psoc creator/import/gnu/arm/4.9.3/bin/../lib/gcc/arm-none-eabi/4.9.3/../../../../arm-none-eabi/lib/armv6-m\libc_nano.a
END GROUP
LOAD c:/program files (x86)/cypress/psoc creator/4.0/psoc creator/import/gnu/arm/4.9.3/bin/../lib/gcc/arm-none-eabi/4.9.3/armv6-m/crtend.o
LOAD c:/program files (x86)/cypress/psoc creator/4.0/psoc creator/import/gnu/arm/4.9.3/bin/../lib/gcc/arm-none-eabi/4.9.3/armv6-m/crtn.o
START GROUP
LOAD c:/program files (x86)/cypress/psoc creator/4.0/psoc creator/import/gnu/arm/4.9.3/bin/../lib/gcc/arm-none-eabi/4.9.3/armv6-m\libgcc.a
LOAD c:/program files (x86)/cypress/psoc creator/4.0/psoc creator/import/gnu/arm/4.9.3/bin/../lib/gcc/arm-none-eabi/4.9.3/../../../../arm-none-eabi/lib/armv6-m\libc.a
LOAD c:/program files (x86)/cypress/psoc creator/4.0/psoc creator/import/gnu/arm/4.9.3/bin/../lib/gcc/arm-none-eabi/4.9.3/../../../../arm-none-eabi/lib/armv6-m\libnosys.a
END GROUP
                0x00000000                CY_APPL_ORIGIN = 0x0
                0x00000080                CY_FLASH_ROW_SIZE = 0x80
                0x00000001                CY_APPL_NUM = 0x1
                0x00000001                CY_APPL_MAX = 0x1
                0x00000040                CY_METADATA_SIZE = 0x40
                0x00000000                CY_APPL_LOADABLE = 0x0
                0x00000000                CY_CHECKSUM_EXCLUDE_SIZE = ALIGN (0x0, CY_FLASH_ROW_SIZE)
                0x00000000                CY_APP_FOR_STACK_AND_COPIER = 0x0
                0x20001e68                PROVIDE (__cy_heap_start, _end)
                0x00000001                PROVIDE (__cy_region_num, ((__cy_regions_end - __cy_regions) / 0x10))
                0x20004000                PROVIDE (__cy_stack, (ORIGIN (ram) + 0x4000))
                0x20003800                PROVIDE (__cy_heap_end, (__cy_stack - 0x800))

.cybootloader   0x00000000        0x0
 *(.cybootloader)
                0x00000000                appl1_start = CY_APPL_ORIGIN?CY_APPL_ORIGIN:ALIGN (CY_FLASH_ROW_SIZE)
                0x0000ff80                appl2_start = (appl1_start + ALIGN ((((0x20000 - appl1_start) - (0x2 * CY_FLASH_ROW_SIZE)) / 0x2), CY_FLASH_ROW_SIZE))
                0x00000000                appl_start = (CY_APPL_NUM == 0x1)?appl1_start:appl2_start
                0x00000001                cy_project_type_bootloader = (appl_start == 0x0)?0x1:0x0
                0x00000000                cy_project_type_app_for_stack_and_copier = (CY_APP_FOR_STACK_AND_COPIER == 0x1)?0x1:0x0

.text           0x00000000     0x48f8
 CREATE_OBJECT_SYMBOLS
                0x00000000                PROVIDE (__cy_interrupt_vector, RomVectors)
 *(.romvectors)
 .romvectors    0x00000000       0x10 .\CortexM0\ARM_GCC_493\Debug\Cm0Start.o
                0x00000000                RomVectors
                0x00000001                ASSERT ((. != __cy_interrupt_vector), No interrupt vector)
                0x00000001                ASSERT (CY_APPL_ORIGIN?(SIZEOF (.cybootloader) <= CY_APPL_ORIGIN):0x1, Wrong image location)
                0x00000010                PROVIDE (__cy_reset, Reset)
 *(.text.Reset)
 .text.Reset    0x00000010        0x8 .\CortexM0\ARM_GCC_493\Debug\Cm0Start.o
                0x00000010                Reset
                0x00000001                ASSERT ((. != __cy_reset), No reset code)
 *(.psocinit)
 .psocinit      0x00000018      0x1a0 .\CortexM0\ARM_GCC_493\Debug\test01.a(cyfitter_cfg.o)
                0x000000f0                cyfitter_cfg
                0x000001b8                . = MAX (., 0x100)
 *(.text .text.* .gnu.linkonce.t.*)
 .text          0x000001b8       0x60 c:/program files (x86)/cypress/psoc creator/4.0/psoc creator/import/gnu/arm/4.9.3/bin/../lib/gcc/arm-none-eabi/4.9.3/armv6-m/crtbegin.o
 .text.updateGATTDB
                0x00000218       0x80 .\CortexM0\ARM_GCC_493\Debug\main.o
                0x00000218                updateGATTDB
 .text.BluetoothEventHandler
                0x00000298       0x70 .\CortexM0\ARM_GCC_493\Debug\main.o
                0x00000298                BluetoothEventHandler
 .text.InitializeSystem
                0x00000308       0x20 .\CortexM0\ARM_GCC_493\Debug\main.o
                0x00000308                InitializeSystem
 .text.main     0x00000328       0x38 .\CortexM0\ARM_GCC_493\Debug\main.o
                0x00000328                main
 .text.IntDefaultHandler
                0x00000360        0x4 .\CortexM0\ARM_GCC_493\Debug\Cm0Start.o
                0x00000360                IntDefaultHandler
 .text._sbrk    0x00000364       0x34 .\CortexM0\ARM_GCC_493\Debug\Cm0Start.o
                0x00000364                _sbrk
 .text.Start_c  0x00000398       0x48 .\CortexM0\ARM_GCC_493\Debug\Cm0Start.o
                0x00000398                Start_c
 .text.initialize_psoc
                0x000003e0       0x54 .\CortexM0\ARM_GCC_493\Debug\Cm0Start.o
                0x000003e0                initialize_psoc
 .text.AnalogSetDefault
                0x00000434       0x20 .\CortexM0\ARM_GCC_493\Debug\test01.a(cyfitter_cfg.o)
 .text.CYMEMZERO
                0x00000454        0xc .\CortexM0\ARM_GCC_493\Debug\test01.a(cyfitter_cfg.o)
 .text.CyBle_ServiceInit
                0x00000460        0x8 .\CortexM0\ARM_GCC_493\Debug\test01.a(BLE.o)
                0x00000460                CyBle_ServiceInit
 .text.CyBle_Init
                0x00000468       0x24 .\CortexM0\ARM_GCC_493\Debug\test01.a(BLE.o)
                0x00000468                CyBle_Init
 .text.CyBle_Start
                0x0000048c       0x88 .\CortexM0\ARM_GCC_493\Debug\test01.a(BLE.o)
                0x0000048c                CyBle_Start
 .text.CyBle_GappStartAdvertisement
                0x00000514       0x84 .\CortexM0\ARM_GCC_493\Debug\test01.a(BLE.o)
                0x00000514                CyBle_GappStartAdvertisement
 .text.CyBle_ChangeAdDeviceAddress
                0x00000598        0x4 .\CortexM0\ARM_GCC_493\Debug\test01.a(BLE.o)
                0x00000598                CyBle_ChangeAdDeviceAddress
 .text.CyBle_Get16ByPtr
                0x0000059c        0xc .\CortexM0\ARM_GCC_493\Debug\test01.a(BLE.o)
                0x0000059c                CyBle_Get16ByPtr
 .text.CyBle_GattsWriteEventHandler
                0x000005a8       0x58 .\CortexM0\ARM_GCC_493\Debug\test01.a(BLE_gatt.o)
                0x000005a8                CyBle_GattsWriteEventHandler
 .text.CyBle_GattDisconnectEventHandler
                0x00000600       0x10 .\CortexM0\ARM_GCC_493\Debug\test01.a(BLE_eventHandler.o)
 .text.CyBle_IsDeviceAddressValid
                0x00000610       0x24 .\CortexM0\ARM_GCC_493\Debug\test01.a(BLE_eventHandler.o)
 .text.CyBle_WriteReqHandler
                0x00000634       0x38 .\CortexM0\ARM_GCC_493\Debug\test01.a(BLE_eventHandler.o)
 .text.CyBle_EventHandler
                0x0000066c      0x1c0 .\CortexM0\ARM_GCC_493\Debug\test01.a(BLE_eventHandler.o)
                0x0000066c                CyBle_EventHandler
 .text.CyBle_CustomInit
                0x0000082c        0x4 .\CortexM0\ARM_GCC_493\Debug\test01.a(BLE_custom.o)
                0x0000082c                CyBle_CustomInit
 .text.CySysClkWriteImoFreq
                0x00000830       0x64 .\CortexM0\ARM_GCC_493\Debug\test01.a(CyLib.o)
                0x00000830                CySysClkWriteImoFreq
 .text.CySysClkEcoReadStatus
                0x00000894       0x10 .\CortexM0\ARM_GCC_493\Debug\test01.a(CyLib.o)
                0x00000894                CySysClkEcoReadStatus
 .text.CyIntEnable
                0x000008a4       0x14 .\CortexM0\ARM_GCC_493\Debug\test01.a(CyLib.o)
                0x000008a4                CyIntEnable
 .text.CyHalt   0x000008b8        0x4 .\CortexM0\ARM_GCC_493\Debug\test01.a(CyLib.o)
                0x000008b8                CyHalt
 .text.CyIntSetVector
                0x000008bc       0x24 .\CortexM0\ARM_GCC_493\Debug\test01.a(CyLib.o)
                0x000008bc                CyIntSetVector
 .text.CyDelay  0x000008e0       0x30 .\CortexM0\ARM_GCC_493\Debug\test01.a(CyLib.o)
                0x000008e0                CyDelay
 .text.CyDelayUs
                0x00000910       0x14 .\CortexM0\ARM_GCC_493\Debug\test01.a(CyLib.o)
                0x00000910                CyDelayUs
 .text.CySysClkEcoStart
                0x00000924       0x54 .\CortexM0\ARM_GCC_493\Debug\test01.a(CyLib.o)
                0x00000924                CySysClkEcoStart
 .text.CySysWdtLocked
                0x00000978       0x14 .\CortexM0\ARM_GCC_493\Debug\test01.a(CyLFClk.o)
 .text.CySysClkWcoStart
                0x0000098c       0x40 .\CortexM0\ARM_GCC_493\Debug\test01.a(CyLFClk.o)
                0x0000098c                CySysClkWcoStart
 .text.CySysClkWcoSetPowerMode
                0x000009cc       0x80 .\CortexM0\ARM_GCC_493\Debug\test01.a(CyLFClk.o)
                0x000009cc                CySysClkWcoSetPowerMode
 .text.CySysWdtLock
                0x00000a4c       0x1c .\CortexM0\ARM_GCC_493\Debug\test01.a(CyLFClk.o)
                0x00000a4c                CySysWdtLock
 .text.CySysWdtUnlock
                0x00000a68       0x30 .\CortexM0\ARM_GCC_493\Debug\test01.a(CyLFClk.o)
                0x00000a68                CySysWdtUnlock
 .text.CySysWdtClearInterrupt
                0x00000a98       0x4c .\CortexM0\ARM_GCC_493\Debug\test01.a(CyLFClk.o)
                0x00000a98                CySysWdtClearInterrupt
 .text.CySysWdtIsr
                0x00000ae4       0xa4 .\CortexM0\ARM_GCC_493\Debug\test01.a(CyLFClk.o)
                0x00000ae4                CySysWdtIsr
 .text.Pin_button_Read
                0x00000b88       0x10 .\CortexM0\ARM_GCC_493\Debug\test01.a(Pin_button.o)
                0x00000b88                Pin_button_Read
 .text.Pin_Red_Write
                0x00000b98       0x18 .\CortexM0\ARM_GCC_493\Debug\test01.a(Pin_Red.o)
                0x00000b98                Pin_Red_Write
 .text          0x00000bb0       0x20 .\CortexM0\ARM_GCC_493\Debug\test01.a(CyBootAsmGnu.o)
                0x00000bb0                CyDelayCycles
                0x00000bc2                CyEnterCriticalSection
                0x00000bca                CyExitCriticalSection
 .text.CyBLE_Bless_LlRegWrite
                0x00000bd0        0x4 .\CortexM0\ARM_GCC_493\Debug\test01.a(BLE_HAL_PVT.o)
                0x00000bd0                CyBLE_Bless_LlRegWrite
 .text.CyBLE_Bless_RfRegWrite
                0x00000bd4        0x4 .\CortexM0\ARM_GCC_493\Debug\test01.a(BLE_HAL_PVT.o)
                0x00000bd4                CyBLE_Bless_RfRegWrite
 .text.CyBLE_BlessDeviceConfig
                0x00000bd8       0xdc .\CortexM0\ARM_GCC_493\Debug\test01.a(BLE_HAL_PVT.o)
                0x00000bd8                CyBLE_BlessDeviceConfig
 .text.CyBleHal_DelayUs
                0x00000cb4        0x8 .\CortexM0\ARM_GCC_493\Debug\test01.a(BLE_HAL_PVT.o)
                0x00000cb4                CyBleHal_DelayUs
 .text.CyBleHal_EnableGlobalInterrupts
                0x00000cbc        0x8 .\CortexM0\ARM_GCC_493\Debug\test01.a(BLE_HAL_PVT.o)
                0x00000cbc                CyBleHal_EnableGlobalInterrupts
 .text.CyBleHal_DisableGlobalInterrupts
                0x00000cc4        0x8 .\CortexM0\ARM_GCC_493\Debug\test01.a(BLE_HAL_PVT.o)
                0x00000cc4                CyBleHal_DisableGlobalInterrupts
 .text.CyBle_HalInit
                0x00000ccc       0x18 .\CortexM0\ARM_GCC_493\Debug\test01.a(BLE_HAL_PVT.o)
                0x00000ccc                CyBle_HalInit
 .text.CYBLE_BlessStart
                0x00000ce4       0x10 .\CortexM0\ARM_GCC_493\Debug\test01.a(BLE_HAL_PVT.o)
                0x00000ce4                CYBLE_BlessStart
 .text.BLE_bless_isr_SetVector
                0x00000cf4        0xc .\CortexM0\ARM_GCC_493\Debug\test01.a(BLE_bless_isr.o)
                0x00000cf4                BLE_bless_isr_SetVector
 .text.BLE_bless_isr_SetPriority
                0x00000d00       0x20 .\CortexM0\ARM_GCC_493\Debug\test01.a(BLE_bless_isr.o)
                0x00000d00                BLE_bless_isr_SetPriority
 .text.BLE_bless_isr_Enable
                0x00000d20       0x10 .\CortexM0\ARM_GCC_493\Debug\test01.a(BLE_bless_isr.o)
                0x00000d20                BLE_bless_isr_Enable
 .text.BLE_bless_isr_Disable
                0x00000d30       0x10 .\CortexM0\ARM_GCC_493\Debug\test01.a(BLE_bless_isr.o)
                0x00000d30                BLE_bless_isr_Disable
 .text.BLE_bless_isr_StartEx
                0x00000d40       0x1c .\CortexM0\ARM_GCC_493\Debug\test01.a(BLE_bless_isr.o)
                0x00000d40                BLE_bless_isr_StartEx
 .text.CySysPmSleep
                0x00000d5c       0x1c .\CortexM0\ARM_GCC_493\Debug\test01.a(cyPm.o)
                0x00000d5c                CySysPmSleep
 .text.CyBLE_Bless_Interrupt
                0x00000d78        0x8 .\CortexM0\ARM_GCC_493\Debug\test01.a(BLE_HAL_INT.o)
                0x00000d78                CyBLE_Bless_Interrupt
 .text          0x00000d80      0x120 c:/program files (x86)/cypress/psoc creator/4.0/psoc creator/import/gnu/arm/4.9.3/bin/../lib/gcc/arm-none-eabi/4.9.3/armv6-m\libgcc.a(_udivsi3.o)
                0x00000d80                __aeabi_uidiv
                0x00000d80                __udivsi3
                0x00000e8c                __aeabi_uidivmod
 .text          0x00000ea0      0x1e0 c:/program files (x86)/cypress/psoc creator/4.0/psoc creator/import/gnu/arm/4.9.3/bin/../lib/gcc/arm-none-eabi/4.9.3/armv6-m\libgcc.a(_divsi3.o)
                0x00000ea0                __divsi3
                0x00000ea0                __aeabi_idiv
                0x0000106c                __aeabi_idivmod
 .text          0x00001080        0x4 c:/program files (x86)/cypress/psoc creator/4.0/psoc creator/import/gnu/arm/4.9.3/bin/../lib/gcc/arm-none-eabi/4.9.3/armv6-m\libgcc.a(_dvmd_tls.o)
                0x00001080                __aeabi_idiv0
                0x00001080                __aeabi_ldiv0
 .text.__errno  0x00001084        0xc c:/program files (x86)/cypress/psoc creator/4.0/psoc creator/import/gnu/arm/4.9.3/bin/../lib/gcc/arm-none-eabi/4.9.3/../../../../arm-none-eabi/lib/armv6-m\libg_nano.a(lib_a-errno.o)
                0x00001084                __errno
 .text.__libc_init_array
                0x00001090       0x4c c:/program files (x86)/cypress/psoc creator/4.0/psoc creator/import/gnu/arm/4.9.3/bin/../lib/gcc/arm-none-eabi/4.9.3/../../../../arm-none-eabi/lib/armv6-m\libg_nano.a(lib_a-init.o)
                0x00001090                __libc_init_array
 .text.memcmp   0x000010dc       0x1e c:/program files (x86)/cypress/psoc creator/4.0/psoc creator/import/gnu/arm/4.9.3/bin/../lib/gcc/arm-none-eabi/4.9.3/../../../../arm-none-eabi/lib/armv6-m\libg_nano.a(lib_a-memcmp.o)
                0x000010dc                memcmp
 .text.memcpy   0x000010fa       0x12 c:/program files (x86)/cypress/psoc creator/4.0/psoc creator/import/gnu/arm/4.9.3/bin/../lib/gcc/arm-none-eabi/4.9.3/../../../../arm-none-eabi/lib/armv6-m\libg_nano.a(lib_a-memcpy.o)
                0x000010fa                memcpy
 .text.memset   0x0000110c       0x10 c:/program files (x86)/cypress/psoc creator/4.0/psoc creator/import/gnu/arm/4.9.3/bin/../lib/gcc/arm-none-eabi/4.9.3/../../../../arm-none-eabi/lib/armv6-m\libg_nano.a(lib_a-memset.o)
                0x0000110c                memset
 .text.__cvt    0x0000111c       0xc8 c:/program files (x86)/cypress/psoc creator/4.0/psoc creator/import/gnu/arm/4.9.3/bin/../lib/gcc/arm-none-eabi/4.9.3/../../../../arm-none-eabi/lib/armv6-m\libg_nano.a(lib_a-nano-vfprintf_float.o)
                0x0000111c                __cvt
 .text.__exponent
                0x000011e4       0x62 c:/program files (x86)/cypress/psoc creator/4.0/psoc creator/import/gnu/arm/4.9.3/bin/../lib/gcc/arm-none-eabi/4.9.3/../../../../arm-none-eabi/lib/armv6-m\libg_nano.a(lib_a-nano-vfprintf_float.o)
                0x000011e4                __exponent
 *fill*         0x00001246        0x2 
 .text._printf_float
                0x00001248      0x47c c:/program files (x86)/cypress/psoc creator/4.0/psoc creator/import/gnu/arm/4.9.3/bin/../lib/gcc/arm-none-eabi/4.9.3/../../../../arm-none-eabi/lib/armv6-m\libg_nano.a(lib_a-nano-vfprintf_float.o)
                0x00001248                _printf_float
 .text._printf_common
                0x000016c4       0xdc c:/program files (x86)/cypress/psoc creator/4.0/psoc creator/import/gnu/arm/4.9.3/bin/../lib/gcc/arm-none-eabi/4.9.3/../../../../arm-none-eabi/lib/armv6-m\libg_nano.a(lib_a-nano-vfprintf_i.o)
                0x000016c4                _printf_common
 .text.__fpclassifyd
                0x000017a0       0x50 c:/program files (x86)/cypress/psoc creator/4.0/psoc creator/import/gnu/arm/4.9.3/bin/../lib/gcc/arm-none-eabi/4.9.3/../../../../arm-none-eabi/lib/armv6-m\libg_nano.a(lib_a-s_fpclassify.o)
                0x000017a0                __fpclassifyd
 .text.strlen   0x000017f0        0xe c:/program files (x86)/cypress/psoc creator/4.0/psoc creator/import/gnu/arm/4.9.3/bin/../lib/gcc/arm-none-eabi/4.9.3/../../../../arm-none-eabi/lib/armv6-m\libg_nano.a(lib_a-strlen.o)
                0x000017f0                strlen
 .text.quorem   0x000017fe      0x10e c:/program files (x86)/cypress/psoc creator/4.0/psoc creator/import/gnu/arm/4.9.3/bin/../lib/gcc/arm-none-eabi/4.9.3/../../../../arm-none-eabi/lib/armv6-m\libg_nano.a(lib_a-dtoa.o)
 .text._dtoa_r  0x0000190c      0xc00 c:/program files (x86)/cypress/psoc creator/4.0/psoc creator/import/gnu/arm/4.9.3/bin/../lib/gcc/arm-none-eabi/4.9.3/../../../../arm-none-eabi/lib/armv6-m\libg_nano.a(lib_a-dtoa.o)
                0x0000190c                _dtoa_r
 .text._localeconv_r
                0x0000250c        0x8 c:/program files (x86)/cypress/psoc creator/4.0/psoc creator/import/gnu/arm/4.9.3/bin/../lib/gcc/arm-none-eabi/4.9.3/../../../../arm-none-eabi/lib/armv6-m\libg_nano.a(lib_a-locale.o)
                0x0000250c                _localeconv_r
 .text.malloc   0x00002514       0x14 c:/program files (x86)/cypress/psoc creator/4.0/psoc creator/import/gnu/arm/4.9.3/bin/../lib/gcc/arm-none-eabi/4.9.3/../../../../arm-none-eabi/lib/armv6-m\libg_nano.a(lib_a-malloc.o)
                0x00002514                malloc
 .text._Balloc  0x00002528       0x70 c:/program files (x86)/cypress/psoc creator/4.0/psoc creator/import/gnu/arm/4.9.3/bin/../lib/gcc/arm-none-eabi/4.9.3/../../../../arm-none-eabi/lib/armv6-m\libg_nano.a(lib_a-mprec.o)
                0x00002528                _Balloc
 .text._Bfree   0x00002598       0x32 c:/program files (x86)/cypress/psoc creator/4.0/psoc creator/import/gnu/arm/4.9.3/bin/../lib/gcc/arm-none-eabi/4.9.3/../../../../arm-none-eabi/lib/armv6-m\libg_nano.a(lib_a-mprec.o)
                0x00002598                _Bfree
 .text.__multadd
                0x000025ca       0x78 c:/program files (x86)/cypress/psoc creator/4.0/psoc creator/import/gnu/arm/4.9.3/bin/../lib/gcc/arm-none-eabi/4.9.3/../../../../arm-none-eabi/lib/armv6-m\libg_nano.a(lib_a-mprec.o)
                0x000025ca                __multadd
 .text.__hi0bits
                0x00002642       0x36 c:/program files (x86)/cypress/psoc creator/4.0/psoc creator/import/gnu/arm/4.9.3/bin/../lib/gcc/arm-none-eabi/4.9.3/../../../../arm-none-eabi/lib/armv6-m\libg_nano.a(lib_a-mprec.o)
                0x00002642                __hi0bits
 .text.__lo0bits
                0x00002678       0x5e c:/program files (x86)/cypress/psoc creator/4.0/psoc creator/import/gnu/arm/4.9.3/bin/../lib/gcc/arm-none-eabi/4.9.3/../../../../arm-none-eabi/lib/armv6-m\libg_nano.a(lib_a-mprec.o)
                0x00002678                __lo0bits
 .text.__i2b    0x000026d6       0x12 c:/program files (x86)/cypress/psoc creator/4.0/psoc creator/import/gnu/arm/4.9.3/bin/../lib/gcc/arm-none-eabi/4.9.3/../../../../arm-none-eabi/lib/armv6-m\libg_nano.a(lib_a-mprec.o)
                0x000026d6                __i2b
 .text.__multiply
                0x000026e8      0x11a c:/program files (x86)/cypress/psoc creator/4.0/psoc creator/import/gnu/arm/4.9.3/bin/../lib/gcc/arm-none-eabi/4.9.3/../../../../arm-none-eabi/lib/armv6-m\libg_nano.a(lib_a-mprec.o)
                0x000026e8                __multiply
 *fill*         0x00002802        0x2 
 .text.__pow5mult
                0x00002804       0xa4 c:/program files (x86)/cypress/psoc creator/4.0/psoc creator/import/gnu/arm/4.9.3/bin/../lib/gcc/arm-none-eabi/4.9.3/../../../../arm-none-eabi/lib/armv6-m\libg_nano.a(lib_a-mprec.o)
                0x00002804                __pow5mult
 .text.__lshift
                0x000028a8       0xa4 c:/program files (x86)/cypress/psoc creator/4.0/psoc creator/import/gnu/arm/4.9.3/bin/../lib/gcc/arm-none-eabi/4.9.3/../../../../arm-none-eabi/lib/armv6-m\libg_nano.a(lib_a-mprec.o)
                0x000028a8                __lshift
 .text.__mcmp   0x0000294c       0x36 c:/program files (x86)/cypress/psoc creator/4.0/psoc creator/import/gnu/arm/4.9.3/bin/../lib/gcc/arm-none-eabi/4.9.3/../../../../arm-none-eabi/lib/armv6-m\libg_nano.a(lib_a-mprec.o)
                0x0000294c                __mcmp
 .text.__mdiff  0x00002982       0xd6 c:/program files (x86)/cypress/psoc creator/4.0/psoc creator/import/gnu/arm/4.9.3/bin/../lib/gcc/arm-none-eabi/4.9.3/../../../../arm-none-eabi/lib/armv6-m\libg_nano.a(lib_a-mprec.o)
                0x00002982                __mdiff
 .text.__d2b    0x00002a58       0xa8 c:/program files (x86)/cypress/psoc creator/4.0/psoc creator/import/gnu/arm/4.9.3/bin/../lib/gcc/arm-none-eabi/4.9.3/../../../../arm-none-eabi/lib/armv6-m\libg_nano.a(lib_a-mprec.o)
                0x00002a58                __d2b
 .text._calloc_r
                0x00002b00       0x1c c:/program files (x86)/cypress/psoc creator/4.0/psoc creator/import/gnu/arm/4.9.3/bin/../lib/gcc/arm-none-eabi/4.9.3/../../../../arm-none-eabi/lib/armv6-m\libg_nano.a(lib_a-nano-callocr.o)
                0x00002b00                _calloc_r
 .text._malloc_r
                0x00002b1c       0xb0 c:/program files (x86)/cypress/psoc creator/4.0/psoc creator/import/gnu/arm/4.9.3/bin/../lib/gcc/arm-none-eabi/4.9.3/../../../../arm-none-eabi/lib/armv6-m\libg_nano.a(lib_a-nano-mallocr.o)
                0x00002b1c                _malloc_r
 .text._sbrk_r  0x00002bcc       0x24 c:/program files (x86)/cypress/psoc creator/4.0/psoc creator/import/gnu/arm/4.9.3/bin/../lib/gcc/arm-none-eabi/4.9.3/../../../../arm-none-eabi/lib/armv6-m\libg_nano.a(lib_a-sbrkr.o)
                0x00002bcc                _sbrk_r
 .text          0x00002bf0       0x14 c:/program files (x86)/cypress/psoc creator/4.0/psoc creator/import/gnu/arm/4.9.3/bin/../lib/gcc/arm-none-eabi/4.9.3/armv6-m\libgcc.a(_thumb1_case_uqi.o)
                0x00002bf0                __gnu_thumb1_case_uqi
 .text          0x00002c04       0x7c c:/program files (x86)/cypress/psoc creator/4.0/psoc creator/import/gnu/arm/4.9.3/bin/../lib/gcc/arm-none-eabi/4.9.3/armv6-m\libgcc.a(_arm_cmpdf2.o)
                0x00002c04                __aeabi_cdrcmple
                0x00002c14                __aeabi_cdcmple
                0x00002c14                __aeabi_cdcmpeq
                0x00002c24                __aeabi_dcmpeq
                0x00002c30                __aeabi_dcmplt
                0x00002c44                __aeabi_dcmple
                0x00002c58                __aeabi_dcmpgt
                0x00002c6c                __aeabi_dcmpge
 .text          0x00002c80      0x650 c:/program files (x86)/cypress/psoc creator/4.0/psoc creator/import/gnu/arm/4.9.3/bin/../lib/gcc/arm-none-eabi/4.9.3/armv6-m\libgcc.a(adddf3.o)
                0x00002c80                __aeabi_dadd
 .text          0x000032d0      0x648 c:/program files (x86)/cypress/psoc creator/4.0/psoc creator/import/gnu/arm/4.9.3/bin/../lib/gcc/arm-none-eabi/4.9.3/armv6-m\libgcc.a(divdf3.o)
                0x000032d0                __aeabi_ddiv
 .text          0x00003918       0x88 c:/program files (x86)/cypress/psoc creator/4.0/psoc creator/import/gnu/arm/4.9.3/bin/../lib/gcc/arm-none-eabi/4.9.3/armv6-m\libgcc.a(eqdf2.o)
                0x00003918                __nedf2
                0x00003918                __eqdf2
 .text          0x000039a0       0xe0 c:/program files (x86)/cypress/psoc creator/4.0/psoc creator/import/gnu/arm/4.9.3/bin/../lib/gcc/arm-none-eabi/4.9.3/armv6-m\libgcc.a(gedf2.o)
                0x000039a0                __gedf2
                0x000039a0                __gtdf2
 .text          0x00003a80       0xcc c:/program files (x86)/cypress/psoc creator/4.0/psoc creator/import/gnu/arm/4.9.3/bin/../lib/gcc/arm-none-eabi/4.9.3/armv6-m\libgcc.a(ledf2.o)
                0x00003a80                __ledf2
                0x00003a80                __ltdf2
 .text          0x00003b4c      0x534 c:/program files (x86)/cypress/psoc creator/4.0/psoc creator/import/gnu/arm/4.9.3/bin/../lib/gcc/arm-none-eabi/4.9.3/armv6-m\libgcc.a(muldf3.o)
                0x00003b4c                __aeabi_dmul
 .text          0x00004080      0x6f4 c:/program files (x86)/cypress/psoc creator/4.0/psoc creator/import/gnu/arm/4.9.3/bin/../lib/gcc/arm-none-eabi/4.9.3/armv6-m\libgcc.a(subdf3.o)
                0x00004080                __aeabi_dsub
 .text          0x00004774       0x6c c:/program files (x86)/cypress/psoc creator/4.0/psoc creator/import/gnu/arm/4.9.3/bin/../lib/gcc/arm-none-eabi/4.9.3/armv6-m\libgcc.a(fixdfsi.o)
                0x00004774                __aeabi_d2iz
 .text          0x000047e0       0x78 c:/program files (x86)/cypress/psoc creator/4.0/psoc creator/import/gnu/arm/4.9.3/bin/../lib/gcc/arm-none-eabi/4.9.3/armv6-m\libgcc.a(floatsidf.o)
                0x000047e0                __aeabi_i2d
 .text          0x00004858       0x64 c:/program files (x86)/cypress/psoc creator/4.0/psoc creator/import/gnu/arm/4.9.3/bin/../lib/gcc/arm-none-eabi/4.9.3/armv6-m\libgcc.a(floatunsidf.o)
                0x00004858                __aeabi_ui2d
 .text          0x000048bc       0x3c c:/program files (x86)/cypress/psoc creator/4.0/psoc creator/import/gnu/arm/4.9.3/bin/../lib/gcc/arm-none-eabi/4.9.3/armv6-m\libgcc.a(_clzsi2.o)
                0x000048bc                __clzsi2
 *(.plt)
 *(.gnu.warning)
 *(.glue_7t)
 .glue_7t       0x00000000        0x0 linker stubs
 *(.glue_7)
 .glue_7        0x00000000        0x0 linker stubs
 *(.vfp11_veneer)
 .vfp11_veneer  0x00000000        0x0 linker stubs
 *(.bootloader)
 *(.ARM.extab* .gnu.linkonce.armextab.*)
 *(.gcc_except_table)

.v4_bx          0x000048f8        0x0
 .v4_bx         0x00000000        0x0 linker stubs

.iplt           0x000048f8        0x0
 .iplt          0x00000000        0x0 c:/program files (x86)/cypress/psoc creator/4.0/psoc creator/import/gnu/arm/4.9.3/bin/../lib/gcc/arm-none-eabi/4.9.3/armv6-m/crtbegin.o

i.CyBle_ExitLPM
                0x000048f8        0x8
 i.CyBle_ExitLPM
                0x000048f8        0x8 C:\Program Files (x86)\Cypress\PSoC Creator\4.0\PSoC Creator\psoc\content\cycomponentlibrary\CyComponentLibrary.cylib\BLE_v2_20\Library\gccCyBLEStack_BLE_SOC_PERIPHERAL.a(CyBle.o)
                0x000048f8                CyBle_ExitLPM

i.CyBle_ProcessEvents
                0x00004900        0x8
 i.CyBle_ProcessEvents
                0x00004900        0x8 C:\Program Files (x86)\Cypress\PSoC Creator\4.0\PSoC Creator\psoc\content\cycomponentlibrary\CyComponentLibrary.cylib\BLE_v2_20\Library\gccCyBLEStack_BLE_SOC_PERIPHERAL.a(CyBle.o)
                0x00004900                CyBle_ProcessEvents

i.CyBle_SetDeviceAddress
                0x00004908       0x24
 i.CyBle_SetDeviceAddress
                0x00004908       0x24 C:\Program Files (x86)\Cypress\PSoC Creator\4.0\PSoC Creator\psoc\content\cycomponentlibrary\CyComponentLibrary.cylib\BLE_v2_20\Library\gccCyBLEStack_BLE_SOC_PERIPHERAL.a(CyBle.o)
                0x00004908                CyBle_SetDeviceAddress

i.CyBle_StackInit
                0x0000492c       0xfc
 i.CyBle_StackInit
                0x0000492c       0xfc C:\Program Files (x86)\Cypress\PSoC Creator\4.0\PSoC Creator\psoc\content\cycomponentlibrary\CyComponentLibrary.cylib\BLE_v2_20\Library\gccCyBLEStack_BLE_SOC_PERIPHERAL.a(CyBle.o)
                0x0000492c                CyBle_StackInit

i.CyBle_StackValidateInputParams
                0x00004a28       0xf4
 i.CyBle_StackValidateInputParams
                0x00004a28       0xf4 C:\Program Files (x86)\Cypress\PSoC Creator\4.0\PSoC Creator\psoc\content\cycomponentlibrary\CyComponentLibrary.cylib\BLE_v2_20\Library\gccCyBLEStack_BLE_SOC_PERIPHERAL.a(CyBle.o)

i.__ARM_common_switch8
                0x00004b1c       0x1a
 i.__ARM_common_switch8
                0x00004b1c       0x1a C:\Program Files (x86)\Cypress\PSoC Creator\4.0\PSoC Creator\psoc\content\cycomponentlibrary\CyComponentLibrary.cylib\BLE_v2_20\Library\gccCyBLEStack_BLE_SOC_PERIPHERAL.a(CyBle.o)
                0x00004b1c                __ARM_common_switch8

i.CyBleStackMgr_Init
                0x00004b38       0x9c
 i.CyBleStackMgr_Init
                0x00004b38       0x9c C:\Program Files (x86)\Cypress\PSoC Creator\4.0\PSoC Creator\psoc\content\cycomponentlibrary\CyComponentLibrary.cylib\BLE_v2_20\Library\gccCyBLEStack_BLE_SOC_PERIPHERAL.a(CyBleStackMgrIP_Interface.o)
                0x00004b38                CyBleStackMgr_Init

i.CyBleStackMgr_ProcessBleEvents
                0x00004bd4       0x14
 i.CyBleStackMgr_ProcessBleEvents
                0x00004bd4       0x14 C:\Program Files (x86)\Cypress\PSoC Creator\4.0\PSoC Creator\psoc\content\cycomponentlibrary\CyComponentLibrary.cylib\BLE_v2_20\Library\gccCyBLEStack_BLE_SOC_PERIPHERAL.a(CyBleStackMgrIP_Interface.o)
                0x00004bd4                CyBleStackMgr_ProcessBleEvents

i.CyBle_GetHeapMemory
                0x00004be8       0x28
 i.CyBle_GetHeapMemory
                0x00004be8       0x28 C:\Program Files (x86)\Cypress\PSoC Creator\4.0\PSoC Creator\psoc\content\cycomponentlibrary\CyComponentLibrary.cylib\BLE_v2_20\Library\gccCyBLEStack_BLE_SOC_PERIPHERAL.a(CyBleStackMgrIP_Interface.o)
                0x00004be8                CyBle_GetHeapMemory

i.CyBle_GetNumAppBufferPools
                0x00004c10        0xc
 i.CyBle_GetNumAppBufferPools
                0x00004c10        0xc C:\Program Files (x86)\Cypress\PSoC Creator\4.0\PSoC Creator\psoc\content\cycomponentlibrary\CyComponentLibrary.cylib\BLE_v2_20\Library\gccCyBLEStack_BLE_SOC_PERIPHERAL.a(CyBleStackMgrIP_Interface.o)
                0x00004c10                CyBle_GetNumAppBufferPools

i.CyBle_HostStackBufferPoolInit
                0x00004c1c       0xec
 i.CyBle_HostStackBufferPoolInit
                0x00004c1c       0xec C:\Program Files (x86)\Cypress\PSoC Creator\4.0\PSoC Creator\psoc\content\cycomponentlibrary\CyComponentLibrary.cylib\BLE_v2_20\Library\gccCyBLEStack_BLE_SOC_PERIPHERAL.a(CyBleStackMgrIP_Interface.o)

i.ble_stack_idle_task_callback
                0x00004d08        0x2
 i.ble_stack_idle_task_callback
                0x00004d08        0x2 C:\Program Files (x86)\Cypress\PSoC Creator\4.0\PSoC Creator\psoc\content\cycomponentlibrary\CyComponentLibrary.cylib\BLE_v2_20\Library\gccCyBLEStack_BLE_SOC_PERIPHERAL.a(CyBleStackMgrIP_Interface.o)
                0x00004d08                ble_stack_idle_task_callback

i.BT_OSFreeBuf  0x00004d0c       0x20
 i.BT_OSFreeBuf
                0x00004d0c       0x20 C:\Program Files (x86)\Cypress\PSoC Creator\4.0\PSoC Creator\psoc\content\cycomponentlibrary\CyComponentLibrary.cylib\BLE_v2_20\Library\gccCyBLEStack_BLE_SOC_PERIPHERAL.a(BT_os.o)
                0x00004d0c                BT_OSFreeBuf

i.BT_OSGetBuF   0x00004d2c       0x34
 i.BT_OSGetBuF  0x00004d2c       0x34 C:\Program Files (x86)\Cypress\PSoC Creator\4.0\PSoC Creator\psoc\content\cycomponentlibrary\CyComponentLibrary.cylib\BLE_v2_20\Library\gccCyBLEStack_BLE_SOC_PERIPHERAL.a(BT_os.o)
                0x00004d2c                BT_OSGetBuF

i.BT_OSMemCreate
                0x00004d60       0x3c
 i.BT_OSMemCreate
                0x00004d60       0x3c C:\Program Files (x86)\Cypress\PSoC Creator\4.0\PSoC Creator\psoc\content\cycomponentlibrary\CyComponentLibrary.cylib\BLE_v2_20\Library\gccCyBLEStack_BLE_SOC_PERIPHERAL.a(BT_os.o)
                0x00004d60                BT_OSMemCreate

i.BT_alloc_mem_ext
                0x00004d9c       0x3c
 i.BT_alloc_mem_ext
                0x00004d9c       0x3c C:\Program Files (x86)\Cypress\PSoC Creator\4.0\PSoC Creator\psoc\content\cycomponentlibrary\CyComponentLibrary.cylib\BLE_v2_20\Library\gccCyBLEStack_BLE_SOC_PERIPHERAL.a(BT_os.o)
                0x00004d9c                BT_alloc_mem_ext

i.BT_free_mem   0x00004dd8        0xc
 i.BT_free_mem  0x00004dd8        0xc C:\Program Files (x86)\Cypress\PSoC Creator\4.0\PSoC Creator\psoc\content\cycomponentlibrary\CyComponentLibrary.cylib\BLE_v2_20\Library\gccCyBLEStack_BLE_SOC_PERIPHERAL.a(BT_os.o)
                0x00004dd8                BT_free_mem

i.bt_stack_create_buffer_pool
                0x00004de4       0x30
 i.bt_stack_create_buffer_pool
                0x00004de4       0x30 C:\Program Files (x86)\Cypress\PSoC Creator\4.0\PSoC Creator\psoc\content\cycomponentlibrary\CyComponentLibrary.cylib\BLE_v2_20\Library\gccCyBLEStack_BLE_SOC_PERIPHERAL.a(BT_os.o)
                0x00004de4                bt_stack_create_buffer_pool

i.CyBle_CheckBleStackTaskStatus
                0x00004e14        0x4
 i.CyBle_CheckBleStackTaskStatus
                0x00004e14        0x4 C:\Program Files (x86)\Cypress\PSoC Creator\4.0\PSoC Creator\psoc\content\cycomponentlibrary\CyComponentLibrary.cylib\BLE_v2_20\Library\gccCyBLEStack_BLE_SOC_PERIPHERAL.a(CyBleStackMgr_StackTaskHandler.o)
                0x00004e14                CyBle_CheckBleStackTaskStatus

i.CyBle_CreateBleStackTask
                0x00004e18       0x2c
 i.CyBle_CreateBleStackTask
                0x00004e18       0x2c C:\Program Files (x86)\Cypress\PSoC Creator\4.0\PSoC Creator\psoc\content\cycomponentlibrary\CyComponentLibrary.cylib\BLE_v2_20\Library\gccCyBLEStack_BLE_SOC_PERIPHERAL.a(CyBleStackMgr_StackTaskHandler.o)
                0x00004e18                CyBle_CreateBleStackTask

i.CyBle_SignalBleStackTask
                0x00004e44       0x50
 i.CyBle_SignalBleStackTask
                0x00004e44       0x50 C:\Program Files (x86)\Cypress\PSoC Creator\4.0\PSoC Creator\psoc\content\cycomponentlibrary\CyComponentLibrary.cylib\BLE_v2_20\Library\gccCyBLEStack_BLE_SOC_PERIPHERAL.a(CyBleStackMgr_StackTaskHandler.o)
                0x00004e44                CyBle_SignalBleStackTask

i.CyBle_StackTaskHandler
                0x00004e94       0x5c
 i.CyBle_StackTaskHandler
                0x00004e94       0x5c C:\Program Files (x86)\Cypress\PSoC Creator\4.0\PSoC Creator\psoc\content\cycomponentlibrary\CyComponentLibrary.cylib\BLE_v2_20\Library\gccCyBLEStack_BLE_SOC_PERIPHERAL.a(CyBleStackMgr_StackTaskHandler.o)
                0x00004e94                CyBle_StackTaskHandler

i.hci_soft_transport_notify_data_received
                0x00004ef0        0xc
 i.hci_soft_transport_notify_data_received
                0x00004ef0        0xc C:\Program Files (x86)\Cypress\PSoC Creator\4.0\PSoC Creator\psoc\content\cycomponentlibrary\CyComponentLibrary.cylib\BLE_v2_20\Library\gccCyBLEStack_BLE_SOC_PERIPHERAL.a(transport_sf.o)
                0x00004ef0                hci_soft_transport_notify_data_received

i.hci_soft_transport_rx_data
                0x00004efc       0x40
 i.hci_soft_transport_rx_data
                0x00004efc       0x40 C:\Program Files (x86)\Cypress\PSoC Creator\4.0\PSoC Creator\psoc\content\cycomponentlibrary\CyComponentLibrary.cylib\BLE_v2_20\Library\gccCyBLEStack_BLE_SOC_PERIPHERAL.a(transport_sf.o)
                0x00004efc                hci_soft_transport_rx_data

i.hci_transport_bt_init
                0x00004f3c        0x2
 i.hci_transport_bt_init
                0x00004f3c        0x2 C:\Program Files (x86)\Cypress\PSoC Creator\4.0\PSoC Creator\psoc\content\cycomponentlibrary\CyComponentLibrary.cylib\BLE_v2_20\Library\gccCyBLEStack_BLE_SOC_PERIPHERAL.a(transport_sf.o)
                0x00004f3c                hci_transport_bt_init

i.hci_transport_init
                0x00004f40       0x10
 i.hci_transport_init
                0x00004f40       0x10 C:\Program Files (x86)\Cypress\PSoC Creator\4.0\PSoC Creator\psoc\content\cycomponentlibrary\CyComponentLibrary.cylib\BLE_v2_20\Library\gccCyBLEStack_BLE_SOC_PERIPHERAL.a(transport_sf.o)
                0x00004f40                hci_transport_init

i.hci_transport_write_data
                0x00004f50       0xd4
 i.hci_transport_write_data
                0x00004f50       0xd4 C:\Program Files (x86)\Cypress\PSoC Creator\4.0\PSoC Creator\psoc\content\cycomponentlibrary\CyComponentLibrary.cylib\BLE_v2_20\Library\gccCyBLEStack_BLE_SOC_PERIPHERAL.a(transport_sf.o)
                0x00004f50                hci_transport_write_data

i.pf_hci_soft_transport_write
                0x00005024       0x44
 i.pf_hci_soft_transport_write
                0x00005024       0x44 C:\Program Files (x86)\Cypress\PSoC Creator\4.0\PSoC Creator\psoc\content\cycomponentlibrary\CyComponentLibrary.cylib\BLE_v2_20\Library\gccCyBLEStack_BLE_SOC_PERIPHERAL.a(transport_sf.o)
                0x00005024                pf_hci_soft_transport_write

i.pf_soft_hci_transport_init
                0x00005068        0xc
 i.pf_soft_hci_transport_init
                0x00005068        0xc C:\Program Files (x86)\Cypress\PSoC Creator\4.0\PSoC Creator\psoc\content\cycomponentlibrary\CyComponentLibrary.cylib\BLE_v2_20\Library\gccCyBLEStack_BLE_SOC_PERIPHERAL.a(transport_sf.o)
                0x00005068                pf_soft_hci_transport_init

i.CyBleStackMgr_GetTime
                0x00005074       0x14
 i.CyBleStackMgr_GetTime
                0x00005074       0x14 C:\Program Files (x86)\Cypress\PSoC Creator\4.0\PSoC Creator\psoc\content\cycomponentlibrary\CyComponentLibrary.cylib\BLE_v2_20\Library\gccCyBLEStack_BLE_SOC_PERIPHERAL.a(CyBleStackMgr_PSoCHal.o)
                0x00005074                CyBleStackMgr_GetTime

i.CyBleStackMgr_HalInit
                0x00005088       0x24
 i.CyBleStackMgr_HalInit
                0x00005088       0x24 C:\Program Files (x86)\Cypress\PSoC Creator\4.0\PSoC Creator\psoc\content\cycomponentlibrary\CyComponentLibrary.cylib\BLE_v2_20\Library\gccCyBLEStack_BLE_SOC_PERIPHERAL.a(CyBleStackMgr_PSoCHal.o)
                0x00005088                CyBleStackMgr_HalInit

i.CyBleStackMgr_HalIntrEnable
                0x000050ac        0x8
 i.CyBleStackMgr_HalIntrEnable
                0x000050ac        0x8 C:\Program Files (x86)\Cypress\PSoC Creator\4.0\PSoC Creator\psoc\content\cycomponentlibrary\CyComponentLibrary.cylib\BLE_v2_20\Library\gccCyBLEStack_BLE_SOC_PERIPHERAL.a(CyBleStackMgr_PSoCHal.o)
                0x000050ac                CyBleStackMgr_HalIntrEnable

i.CyBleStackMgr_HandleLinkLayerTick
                0x000050b4       0x5c
 i.CyBleStackMgr_HandleLinkLayerTick
                0x000050b4       0x5c C:\Program Files (x86)\Cypress\PSoC Creator\4.0\PSoC Creator\psoc\content\cycomponentlibrary\CyComponentLibrary.cylib\BLE_v2_20\Library\gccCyBLEStack_BLE_SOC_PERIPHERAL.a(CyBleStackMgr_PSoCHal.o)
                0x000050b4                CyBleStackMgr_HandleLinkLayerTick

i.CyBleStackMgr_HciPortInit
                0x00005110        0xc
 i.CyBleStackMgr_HciPortInit
                0x00005110        0xc C:\Program Files (x86)\Cypress\PSoC Creator\4.0\PSoC Creator\psoc\content\cycomponentlibrary\CyComponentLibrary.cylib\BLE_v2_20\Library\gccCyBLEStack_BLE_SOC_PERIPHERAL.a(CyBleStackMgr_PSoCHal.o)
                0x00005110                CyBleStackMgr_HciPortInit

i.CyBleStackMgr_HciPortReset
                0x0000511c        0x2
 i.CyBleStackMgr_HciPortReset
                0x0000511c        0x2 C:\Program Files (x86)\Cypress\PSoC Creator\4.0\PSoC Creator\psoc\content\cycomponentlibrary\CyComponentLibrary.cylib\BLE_v2_20\Library\gccCyBLEStack_BLE_SOC_PERIPHERAL.a(CyBleStackMgr_PSoCHal.o)
                0x0000511c                CyBleStackMgr_HciPortReset

i.CyBleStackMgr_HciPortWrite
                0x0000511e        0x8
 i.CyBleStackMgr_HciPortWrite
                0x0000511e        0x8 C:\Program Files (x86)\Cypress\PSoC Creator\4.0\PSoC Creator\psoc\content\cycomponentlibrary\CyComponentLibrary.cylib\BLE_v2_20\Library\gccCyBLEStack_BLE_SOC_PERIPHERAL.a(CyBleStackMgr_PSoCHal.o)
                0x0000511e                CyBleStackMgr_HciPortWrite

i.CyBleStackMgr_ResetLinkLayerTimerEntity
                0x00005128       0x14
 i.CyBleStackMgr_ResetLinkLayerTimerEntity
                0x00005128       0x14 C:\Program Files (x86)\Cypress\PSoC Creator\4.0\PSoC Creator\psoc\content\cycomponentlibrary\CyComponentLibrary.cylib\BLE_v2_20\Library\gccCyBLEStack_BLE_SOC_PERIPHERAL.a(CyBleStackMgr_PSoCHal.o)
                0x00005128                CyBleStackMgr_ResetLinkLayerTimerEntity

i.CyBleStackMgr_TimerStart
                0x0000513c       0x2c
 i.CyBleStackMgr_TimerStart
                0x0000513c       0x2c C:\Program Files (x86)\Cypress\PSoC Creator\4.0\PSoC Creator\psoc\content\cycomponentlibrary\CyComponentLibrary.cylib\BLE_v2_20\Library\gccCyBLEStack_BLE_SOC_PERIPHERAL.a(CyBleStackMgr_PSoCHal.o)
                0x0000513c                CyBleStackMgr_TimerStart

i.CyBleStackMgr_TimerStop
                0x00005168       0x18
 i.CyBleStackMgr_TimerStop
                0x00005168       0x18 C:\Program Files (x86)\Cypress\PSoC Creator\4.0\PSoC Creator\psoc\content\cycomponentlibrary\CyComponentLibrary.cylib\BLE_v2_20\Library\gccCyBLEStack_BLE_SOC_PERIPHERAL.a(CyBleStackMgr_PSoCHal.o)
                0x00005168                CyBleStackMgr_TimerStop

i.CyBleStackMgr_isTimerRunning
                0x00005180       0x10
 i.CyBleStackMgr_isTimerRunning
                0x00005180       0x10 C:\Program Files (x86)\Cypress\PSoC Creator\4.0\PSoC Creator\psoc\content\cycomponentlibrary\CyComponentLibrary.cylib\BLE_v2_20\Library\gccCyBLEStack_BLE_SOC_PERIPHERAL.a(CyBleStackMgr_PSoCHal.o)
                0x00005180                CyBleStackMgr_isTimerRunning

i.CyBleAtlantisRadioInit
                0x00005190      0x110
 i.CyBleAtlantisRadioInit
                0x00005190      0x110 C:\Program Files (x86)\Cypress\PSoC Creator\4.0\PSoC Creator\psoc\content\cycomponentlibrary\CyComponentLibrary.cylib\BLE_v2_20\Library\gccCyBLEStack_BLE_SOC_PERIPHERAL.a(CyBleStackMgr_BleSSDriver.o)

i.CyBleStackMgr_BleSSFifoRead
                0x000052a0       0x38
 i.CyBleStackMgr_BleSSFifoRead
                0x000052a0       0x38 C:\Program Files (x86)\Cypress\PSoC Creator\4.0\PSoC Creator\psoc\content\cycomponentlibrary\CyComponentLibrary.cylib\BLE_v2_20\Library\gccCyBLEStack_BLE_SOC_PERIPHERAL.a(CyBleStackMgr_BleSSDriver.o)
                0x000052a0                CyBleStackMgr_BleSSFifoRead

i.CyBleStackMgr_BleSSFifoWrite
                0x000052d8       0x30
 i.CyBleStackMgr_BleSSFifoWrite
                0x000052d8       0x30 C:\Program Files (x86)\Cypress\PSoC Creator\4.0\PSoC Creator\psoc\content\cycomponentlibrary\CyComponentLibrary.cylib\BLE_v2_20\Library\gccCyBLEStack_BLE_SOC_PERIPHERAL.a(CyBleStackMgr_BleSSDriver.o)
                0x000052d8                CyBleStackMgr_BleSSFifoWrite

i.CyBleStackMgr_BleSSInit
                0x00005308       0x50
 i.CyBleStackMgr_BleSSInit
                0x00005308       0x50 C:\Program Files (x86)\Cypress\PSoC Creator\4.0\PSoC Creator\psoc\content\cycomponentlibrary\CyComponentLibrary.cylib\BLE_v2_20\Library\gccCyBLEStack_BLE_SOC_PERIPHERAL.a(CyBleStackMgr_BleSSDriver.o)
                0x00005308                CyBleStackMgr_BleSSInit

i.CyBleStackMgr_BleSSMemRead
                0x00005358       0x26
 i.CyBleStackMgr_BleSSMemRead
                0x00005358       0x26 C:\Program Files (x86)\Cypress\PSoC Creator\4.0\PSoC Creator\psoc\content\cycomponentlibrary\CyComponentLibrary.cylib\BLE_v2_20\Library\gccCyBLEStack_BLE_SOC_PERIPHERAL.a(CyBleStackMgr_BleSSDriver.o)
                0x00005358                CyBleStackMgr_BleSSMemRead

i.CyBleStackMgr_BleSSMemWrite
                0x00005380       0x34
 i.CyBleStackMgr_BleSSMemWrite
                0x00005380       0x34 C:\Program Files (x86)\Cypress\PSoC Creator\4.0\PSoC Creator\psoc\content\cycomponentlibrary\CyComponentLibrary.cylib\BLE_v2_20\Library\gccCyBLEStack_BLE_SOC_PERIPHERAL.a(CyBleStackMgr_BleSSDriver.o)
                0x00005380                CyBleStackMgr_BleSSMemWrite

i.CyBleStackMgr_BleSSRegRead
                0x000053b4        0xc
 i.CyBleStackMgr_BleSSRegRead
                0x000053b4        0xc C:\Program Files (x86)\Cypress\PSoC Creator\4.0\PSoC Creator\psoc\content\cycomponentlibrary\CyComponentLibrary.cylib\BLE_v2_20\Library\gccCyBLEStack_BLE_SOC_PERIPHERAL.a(CyBleStackMgr_BleSSDriver.o)
                0x000053b4                CyBleStackMgr_BleSSRegRead

i.CyBleStackMgr_BleSSRegWrite
                0x000053c0        0xc
 i.CyBleStackMgr_BleSSRegWrite
                0x000053c0        0xc C:\Program Files (x86)\Cypress\PSoC Creator\4.0\PSoC Creator\psoc\content\cycomponentlibrary\CyComponentLibrary.cylib\BLE_v2_20\Library\gccCyBLEStack_BLE_SOC_PERIPHERAL.a(CyBleStackMgr_BleSSDriver.o)
                0x000053c0                CyBleStackMgr_BleSSRegWrite

i.CyBleStackMgr_BleSSReset
                0x000053cc       0x38
 i.CyBleStackMgr_BleSSReset
                0x000053cc       0x38 C:\Program Files (x86)\Cypress\PSoC Creator\4.0\PSoC Creator\psoc\content\cycomponentlibrary\CyComponentLibrary.cylib\BLE_v2_20\Library\gccCyBLEStack_BLE_SOC_PERIPHERAL.a(CyBleStackMgr_BleSSDriver.o)
                0x000053cc                CyBleStackMgr_BleSSReset

i.CyBleStackMgr_GenericIface
                0x00005404       0x3c
 i.CyBleStackMgr_GenericIface
                0x00005404       0x3c C:\Program Files (x86)\Cypress\PSoC Creator\4.0\PSoC Creator\psoc\content\cycomponentlibrary\CyComponentLibrary.cylib\BLE_v2_20\Library\gccCyBLEStack_BLE_SOC_PERIPHERAL.a(CyBleStackMgr_BleSSDriver.o)
                0x00005404                CyBleStackMgr_GenericIface

i.CyBleStackMgr_HandleBleSSIntr
                0x00005440       0x90
 i.CyBleStackMgr_HandleBleSSIntr
                0x00005440       0x90 C:\Program Files (x86)\Cypress\PSoC Creator\4.0\PSoC Creator\psoc\content\cycomponentlibrary\CyComponentLibrary.cylib\BLE_v2_20\Library\gccCyBLEStack_BLE_SOC_PERIPHERAL.a(CyBleStackMgr_BleSSDriver.o)
                0x00005440                CyBleStackMgr_HandleBleSSIntr

i.CyBleStackMgr_SetClockParam
                0x000054d0       0xb4
 i.CyBleStackMgr_SetClockParam
                0x000054d0       0xb4 C:\Program Files (x86)\Cypress\PSoC Creator\4.0\PSoC Creator\psoc\content\cycomponentlibrary\CyComponentLibrary.cylib\BLE_v2_20\Library\gccCyBLEStack_BLE_SOC_PERIPHERAL.a(CyBleStackMgr_BleSSDriver.o)

i.CyBle_ExitDsmMode
                0x00005584       0x2c
 i.CyBle_ExitDsmMode
                0x00005584       0x2c C:\Program Files (x86)\Cypress\PSoC Creator\4.0\PSoC Creator\psoc\content\cycomponentlibrary\CyComponentLibrary.cylib\BLE_v2_20\Library\gccCyBLEStack_BLE_SOC_PERIPHERAL.a(CyBleStackMgr_BleSSDriver.o)
                0x00005584                CyBle_ExitDsmMode

i.CyBle_GetBleSsOperationalMode
                0x000055b0        0xc
 i.CyBle_GetBleSsOperationalMode
                0x000055b0        0xc C:\Program Files (x86)\Cypress\PSoC Creator\4.0\PSoC Creator\psoc\content\cycomponentlibrary\CyComponentLibrary.cylib\BLE_v2_20\Library\gccCyBLEStack_BLE_SOC_PERIPHERAL.a(CyBleStackMgr_BleSSDriver.o)
                0x000055b0                CyBle_GetBleSsOperationalMode

i.CyBle_GetLpMode
                0x000055bc       0x26
 i.CyBle_GetLpMode
                0x000055bc       0x26 C:\Program Files (x86)\Cypress\PSoC Creator\4.0\PSoC Creator\psoc\content\cycomponentlibrary\CyComponentLibrary.cylib\BLE_v2_20\Library\gccCyBLEStack_BLE_SOC_PERIPHERAL.a(CyBleStackMgr_BleSSDriver.o)
                0x000055bc                CyBle_GetLpMode

i.CyBle_GetTxGainMode
                0x000055e4       0x2c
 i.CyBle_GetTxGainMode
                0x000055e4       0x2c C:\Program Files (x86)\Cypress\PSoC Creator\4.0\PSoC Creator\psoc\content\cycomponentlibrary\CyComponentLibrary.cylib\BLE_v2_20\Library\gccCyBLEStack_BLE_SOC_PERIPHERAL.a(CyBleStackMgr_BleSSDriver.o)
                0x000055e4                CyBle_GetTxGainMode

i.CyBle_SetBleSsOperationalMode
                0x00005610       0x20
 i.CyBle_SetBleSsOperationalMode
                0x00005610       0x20 C:\Program Files (x86)\Cypress\PSoC Creator\4.0\PSoC Creator\psoc\content\cycomponentlibrary\CyComponentLibrary.cylib\BLE_v2_20\Library\gccCyBLEStack_BLE_SOC_PERIPHERAL.a(CyBleStackMgr_BleSSDriver.o)
                0x00005610                CyBle_SetBleSsOperationalMode

i.CyBle_SetEventCloseState
                0x00005630        0xc
 i.CyBle_SetEventCloseState
                0x00005630        0xc C:\Program Files (x86)\Cypress\PSoC Creator\4.0\PSoC Creator\psoc\content\cycomponentlibrary\CyComponentLibrary.cylib\BLE_v2_20\Library\gccCyBLEStack_BLE_SOC_PERIPHERAL.a(CyBleStackMgr_BleSSDriver.o)
                0x00005630                CyBle_SetEventCloseState

i.CyBle_SetRxGainMode
                0x0000563c       0x20
 i.CyBle_SetRxGainMode
                0x0000563c       0x20 C:\Program Files (x86)\Cypress\PSoC Creator\4.0\PSoC Creator\psoc\content\cycomponentlibrary\CyComponentLibrary.cylib\BLE_v2_20\Library\gccCyBLEStack_BLE_SOC_PERIPHERAL.a(CyBleStackMgr_BleSSDriver.o)
                0x0000563c                CyBle_SetRxGainMode

i.CyBle_SetTxGainMode
                0x0000565c       0x38
 i.CyBle_SetTxGainMode
                0x0000565c       0x38 C:\Program Files (x86)\Cypress\PSoC Creator\4.0\PSoC Creator\psoc\content\cycomponentlibrary\CyComponentLibrary.cylib\BLE_v2_20\Library\gccCyBLEStack_BLE_SOC_PERIPHERAL.a(CyBleStackMgr_BleSSDriver.o)
                0x0000565c                CyBle_SetTxGainMode

i.pf_rf_get_abs_rssi
                0x00005694       0x24
 i.pf_rf_get_abs_rssi
                0x00005694       0x24 C:\Program Files (x86)\Cypress\PSoC Creator\4.0\PSoC Creator\psoc\content\cycomponentlibrary\CyComponentLibrary.cylib\BLE_v2_20\Library\gccCyBLEStack_BLE_SOC_PERIPHERAL.a(CyBleStackMgr_BleSSDriver.o)
                0x00005694                pf_rf_get_abs_rssi

i.BleStackFlashStorageInit
                0x000056b8       0x74
 i.BleStackFlashStorageInit
                0x000056b8       0x74 C:\Program Files (x86)\Cypress\PSoC Creator\4.0\PSoC Creator\psoc\content\cycomponentlibrary\CyComponentLibrary.cylib\BLE_v2_20\Library\gccCyBLEStack_BLE_SOC_PERIPHERAL.a(storage_pl.o)
                0x000056b8                BleStackFlashStorageInit

i.BleStackWriteToFlashPending
                0x0000572c       0x24
 i.BleStackWriteToFlashPending
                0x0000572c       0x24 C:\Program Files (x86)\Cypress\PSoC Creator\4.0\PSoC Creator\psoc\content\cycomponentlibrary\CyComponentLibrary.cylib\BLE_v2_20\Library\gccCyBLEStack_BLE_SOC_PERIPHERAL.a(storage_pl.o)
                0x0000572c                BleStackWriteToFlashPending

i.BleStackWriteToFlashRam
                0x00005750       0x70
 i.BleStackWriteToFlashRam
                0x00005750       0x70 C:\Program Files (x86)\Cypress\PSoC Creator\4.0\PSoC Creator\psoc\content\cycomponentlibrary\CyComponentLibrary.cylib\BLE_v2_20\Library\gccCyBLEStack_BLE_SOC_PERIPHERAL.a(storage_pl.o)
                0x00005750                BleStackWriteToFlashRam

i.storage_bt_init_pl
                0x000057c0       0x28
 i.storage_bt_init_pl
                0x000057c0       0x28 C:\Program Files (x86)\Cypress\PSoC Creator\4.0\PSoC Creator\psoc\content\cycomponentlibrary\CyComponentLibrary.cylib\BLE_v2_20\Library\gccCyBLEStack_BLE_SOC_PERIPHERAL.a(storage_pl.o)
                0x000057c0                storage_bt_init_pl

i.storage_close_pl
                0x000057e8        0x4
 i.storage_close_pl
                0x000057e8        0x4 C:\Program Files (x86)\Cypress\PSoC Creator\4.0\PSoC Creator\psoc\content\cycomponentlibrary\CyComponentLibrary.cylib\BLE_v2_20\Library\gccCyBLEStack_BLE_SOC_PERIPHERAL.a(storage_pl.o)
                0x000057e8                storage_close_pl

i.storage_open_pl
                0x000057ec       0x1c
 i.storage_open_pl
                0x000057ec       0x1c C:\Program Files (x86)\Cypress\PSoC Creator\4.0\PSoC Creator\psoc\content\cycomponentlibrary\CyComponentLibrary.cylib\BLE_v2_20\Library\gccCyBLEStack_BLE_SOC_PERIPHERAL.a(storage_pl.o)
                0x000057ec                storage_open_pl

i.storage_read_pl
                0x00005808       0x28
 i.storage_read_pl
                0x00005808       0x28 C:\Program Files (x86)\Cypress\PSoC Creator\4.0\PSoC Creator\psoc\content\cycomponentlibrary\CyComponentLibrary.cylib\BLE_v2_20\Library\gccCyBLEStack_BLE_SOC_PERIPHERAL.a(storage_pl.o)
                0x00005808                storage_read_pl

i.storage_read_signature_pl
                0x00005830       0x2c
 i.storage_read_signature_pl
                0x00005830       0x2c C:\Program Files (x86)\Cypress\PSoC Creator\4.0\PSoC Creator\psoc\content\cycomponentlibrary\CyComponentLibrary.cylib\BLE_v2_20\Library\gccCyBLEStack_BLE_SOC_PERIPHERAL.a(storage_pl.o)
                0x00005830                storage_read_signature_pl

i.storage_register_flash_pointer
                0x0000585c       0x20
 i.storage_register_flash_pointer
                0x0000585c       0x20 C:\Program Files (x86)\Cypress\PSoC Creator\4.0\PSoC Creator\psoc\content\cycomponentlibrary\CyComponentLibrary.cylib\BLE_v2_20\Library\gccCyBLEStack_BLE_SOC_PERIPHERAL.a(storage_pl.o)
                0x0000585c                storage_register_flash_pointer

i.storage_reset_storage_offset
                0x0000587c       0x10
 i.storage_reset_storage_offset
                0x0000587c       0x10 C:\Program Files (x86)\Cypress\PSoC Creator\4.0\PSoC Creator\psoc\content\cycomponentlibrary\CyComponentLibrary.cylib\BLE_v2_20\Library\gccCyBLEStack_BLE_SOC_PERIPHERAL.a(storage_pl.o)

i.storage_write_pl
                0x0000588c       0x24
 i.storage_write_pl
                0x0000588c       0x24 C:\Program Files (x86)\Cypress\PSoC Creator\4.0\PSoC Creator\psoc\content\cycomponentlibrary\CyComponentLibrary.cylib\BLE_v2_20\Library\gccCyBLEStack_BLE_SOC_PERIPHERAL.a(storage_pl.o)
                0x0000588c                storage_write_pl

i.storage_write_signature_pl
                0x000058b0       0x14
 i.storage_write_signature_pl
                0x000058b0       0x14 C:\Program Files (x86)\Cypress\PSoC Creator\4.0\PSoC Creator\psoc\content\cycomponentlibrary\CyComponentLibrary.cylib\BLE_v2_20\Library\gccCyBLEStack_BLE_SOC_PERIPHERAL.a(storage_pl.o)
                0x000058b0                storage_write_signature_pl

i.OS_init       0x000058c4       0x64
 i.OS_init      0x000058c4       0x64 C:\Program Files (x86)\Cypress\PSoC Creator\4.0\PSoC Creator\psoc\content\cycomponentlibrary\CyComponentLibrary.cylib\BLE_v2_20\Library\gccCyBLEStack_BLE_SOC_PERIPHERAL.a(mint_os.o)
                0x000058c4                OS_init

i.mintos_malloc
                0x00005928       0x34
 i.mintos_malloc
                0x00005928       0x34 C:\Program Files (x86)\Cypress\PSoC Creator\4.0\PSoC Creator\psoc\content\cycomponentlibrary\CyComponentLibrary.cylib\BLE_v2_20\Library\gccCyBLEStack_BLE_SOC_PERIPHERAL.a(mint_os.o)
                0x00005928                mintos_malloc

i.OS_create_queue
                0x0000595c       0x64
 i.OS_create_queue
                0x0000595c       0x64 C:\Program Files (x86)\Cypress\PSoC Creator\4.0\PSoC Creator\psoc\content\cycomponentlibrary\CyComponentLibrary.cylib\BLE_v2_20\Library\gccCyBLEStack_BLE_SOC_PERIPHERAL.a(mint_os_queue.o)
                0x0000595c                OS_create_queue

i.OS_enqueue_item
                0x000059c0       0x8c
 i.OS_enqueue_item
                0x000059c0       0x8c C:\Program Files (x86)\Cypress\PSoC Creator\4.0\PSoC Creator\psoc\content\cycomponentlibrary\CyComponentLibrary.cylib\BLE_v2_20\Library\gccCyBLEStack_BLE_SOC_PERIPHERAL.a(mint_os_queue.o)
                0x000059c0                OS_enqueue_item

i.OS_queue_get_num_of_items
                0x00005a4c       0x28
 i.OS_queue_get_num_of_items
                0x00005a4c       0x28 C:\Program Files (x86)\Cypress\PSoC Creator\4.0\PSoC Creator\psoc\content\cycomponentlibrary\CyComponentLibrary.cylib\BLE_v2_20\Library\gccCyBLEStack_BLE_SOC_PERIPHERAL.a(mint_os_queue.o)
                0x00005a4c                OS_queue_get_num_of_items

i.OS_queue_mgmt_init
                0x00005a74       0x40
 i.OS_queue_mgmt_init
                0x00005a74       0x40 C:\Program Files (x86)\Cypress\PSoC Creator\4.0\PSoC Creator\psoc\content\cycomponentlibrary\CyComponentLibrary.cylib\BLE_v2_20\Library\gccCyBLEStack_BLE_SOC_PERIPHERAL.a(mint_os_queue.o)
                0x00005a74                OS_queue_mgmt_init

i.OS_remove_item
                0x00005ab4       0xa0
 i.OS_remove_item
                0x00005ab4       0xa0 C:\Program Files (x86)\Cypress\PSoC Creator\4.0\PSoC Creator\psoc\content\cycomponentlibrary\CyComponentLibrary.cylib\BLE_v2_20\Library\gccCyBLEStack_BLE_SOC_PERIPHERAL.a(mint_os_queue.o)
                0x00005ab4                OS_remove_item

i.OS_create_task
                0x00005b54       0x88
 i.OS_create_task
                0x00005b54       0x88 C:\Program Files (x86)\Cypress\PSoC Creator\4.0\PSoC Creator\psoc\content\cycomponentlibrary\CyComponentLibrary.cylib\BLE_v2_20\Library\gccCyBLEStack_BLE_SOC_PERIPHERAL.a(mint_os_task.o)
                0x00005b54                OS_create_task

i.OS_isr_send_signal_to_task
                0x00005bdc        0xc
 i.OS_isr_send_signal_to_task
                0x00005bdc        0xc C:\Program Files (x86)\Cypress\PSoC Creator\4.0\PSoC Creator\psoc\content\cycomponentlibrary\CyComponentLibrary.cylib\BLE_v2_20\Library\gccCyBLEStack_BLE_SOC_PERIPHERAL.a(mint_os_task.o)
                0x00005bdc                OS_isr_send_signal_to_task

i.OS_scheduler  0x00005be8       0x64
 i.OS_scheduler
                0x00005be8       0x64 C:\Program Files (x86)\Cypress\PSoC Creator\4.0\PSoC Creator\psoc\content\cycomponentlibrary\CyComponentLibrary.cylib\BLE_v2_20\Library\gccCyBLEStack_BLE_SOC_PERIPHERAL.a(mint_os_task.o)
                0x00005be8                OS_scheduler

i.OS_send_signal_to_task
                0x00005c4c        0xc
 i.OS_send_signal_to_task
                0x00005c4c        0xc C:\Program Files (x86)\Cypress\PSoC Creator\4.0\PSoC Creator\psoc\content\cycomponentlibrary\CyComponentLibrary.cylib\BLE_v2_20\Library\gccCyBLEStack_BLE_SOC_PERIPHERAL.a(mint_os_task.o)
                0x00005c4c                OS_send_signal_to_task

i.OS_send_signal_to_task_context
                0x00005c58       0x3c
 i.OS_send_signal_to_task_context
                0x00005c58       0x3c C:\Program Files (x86)\Cypress\PSoC Creator\4.0\PSoC Creator\psoc\content\cycomponentlibrary\CyComponentLibrary.cylib\BLE_v2_20\Library\gccCyBLEStack_BLE_SOC_PERIPHERAL.a(mint_os_task.o)

i.OS_task_mgmt_init
                0x00005c94       0x50
 i.OS_task_mgmt_init
                0x00005c94       0x50 C:\Program Files (x86)\Cypress\PSoC Creator\4.0\PSoC Creator\psoc\content\cycomponentlibrary\CyComponentLibrary.cylib\BLE_v2_20\Library\gccCyBLEStack_BLE_SOC_PERIPHERAL.a(mint_os_task.o)
                0x00005c94                OS_task_mgmt_init

i.mint_buf_mgmt_allocate_buffer
                0x00005ce4       0x4c
 i.mint_buf_mgmt_allocate_buffer
                0x00005ce4       0x4c C:\Program Files (x86)\Cypress\PSoC Creator\4.0\PSoC Creator\psoc\content\cycomponentlibrary\CyComponentLibrary.cylib\BLE_v2_20\Library\gccCyBLEStack_BLE_SOC_PERIPHERAL.a(mint_buf_mgmt.o)
                0x00005ce4                mint_buf_mgmt_allocate_buffer

i.mint_buf_mgmt_create_pool
                0x00005d30       0xd0
 i.mint_buf_mgmt_create_pool
                0x00005d30       0xd0 C:\Program Files (x86)\Cypress\PSoC Creator\4.0\PSoC Creator\psoc\content\cycomponentlibrary\CyComponentLibrary.cylib\BLE_v2_20\Library\gccCyBLEStack_BLE_SOC_PERIPHERAL.a(mint_buf_mgmt.o)
                0x00005d30                mint_buf_mgmt_create_pool

i.mint_buf_mgmt_free_buffer
                0x00005e00       0xa4
 i.mint_buf_mgmt_free_buffer
                0x00005e00       0xa4 C:\Program Files (x86)\Cypress\PSoC Creator\4.0\PSoC Creator\psoc\content\cycomponentlibrary\CyComponentLibrary.cylib\BLE_v2_20\Library\gccCyBLEStack_BLE_SOC_PERIPHERAL.a(mint_buf_mgmt.o)
                0x00005e00                mint_buf_mgmt_free_buffer

i.mint_buf_mgmt_init
                0x00005ea4       0x44
 i.mint_buf_mgmt_init
                0x00005ea4       0x44 C:\Program Files (x86)\Cypress\PSoC Creator\4.0\PSoC Creator\psoc\content\cycomponentlibrary\CyComponentLibrary.cylib\BLE_v2_20\Library\gccCyBLEStack_BLE_SOC_PERIPHERAL.a(mint_buf_mgmt.o)
                0x00005ea4                mint_buf_mgmt_init

i.mint_buf_mgmt_malloc
                0x00005ee8       0x2c
 i.mint_buf_mgmt_malloc
                0x00005ee8       0x2c C:\Program Files (x86)\Cypress\PSoC Creator\4.0\PSoC Creator\psoc\content\cycomponentlibrary\CyComponentLibrary.cylib\BLE_v2_20\Library\gccCyBLEStack_BLE_SOC_PERIPHERAL.a(mint_buf_mgmt.o)
                0x00005ee8                mint_buf_mgmt_malloc

i.mint_buf_mgmt_pl_init
                0x00005f14       0x48
 i.mint_buf_mgmt_pl_init
                0x00005f14       0x48 C:\Program Files (x86)\Cypress\PSoC Creator\4.0\PSoC Creator\psoc\content\cycomponentlibrary\CyComponentLibrary.cylib\BLE_v2_20\Library\gccCyBLEStack_BLE_SOC_PERIPHERAL.a(mint_buf_mgmt.o)
                0x00005f14                mint_buf_mgmt_pl_init

i.mint_buf_mgmt_reset_pool
                0x00005f5c       0x70
 i.mint_buf_mgmt_reset_pool
                0x00005f5c       0x70 C:\Program Files (x86)\Cypress\PSoC Creator\4.0\PSoC Creator\psoc\content\cycomponentlibrary\CyComponentLibrary.cylib\BLE_v2_20\Library\gccCyBLEStack_BLE_SOC_PERIPHERAL.a(mint_buf_mgmt.o)
                0x00005f5c                mint_buf_mgmt_reset_pool

i.mint_buf_mgmt_stack_init
                0x00005fcc       0x24
 i.mint_buf_mgmt_stack_init
                0x00005fcc       0x24 C:\Program Files (x86)\Cypress\PSoC Creator\4.0\PSoC Creator\psoc\content\cycomponentlibrary\CyComponentLibrary.cylib\BLE_v2_20\Library\gccCyBLEStack_BLE_SOC_PERIPHERAL.a(mint_buf_mgmt.o)
                0x00005fcc                mint_buf_mgmt_stack_init

i.mint_buf_mgmt_stack_pop
                0x00005ff0       0x36
 i.mint_buf_mgmt_stack_pop
                0x00005ff0       0x36 C:\Program Files (x86)\Cypress\PSoC Creator\4.0\PSoC Creator\psoc\content\cycomponentlibrary\CyComponentLibrary.cylib\BLE_v2_20\Library\gccCyBLEStack_BLE_SOC_PERIPHERAL.a(mint_buf_mgmt.o)
                0x00005ff0                mint_buf_mgmt_stack_pop

i.mint_buf_mgmt_stack_push
                0x00006026       0x36
 i.mint_buf_mgmt_stack_push
                0x00006026       0x36 C:\Program Files (x86)\Cypress\PSoC Creator\4.0\PSoC Creator\psoc\content\cycomponentlibrary\CyComponentLibrary.cylib\BLE_v2_20\Library\gccCyBLEStack_BLE_SOC_PERIPHERAL.a(mint_buf_mgmt.o)
                0x00006026                mint_buf_mgmt_stack_push

i.mint_buf_mgmt_stack_reset
                0x0000605c       0x1e
 i.mint_buf_mgmt_stack_reset
                0x0000605c       0x1e C:\Program Files (x86)\Cypress\PSoC Creator\4.0\PSoC Creator\psoc\content\cycomponentlibrary\CyComponentLibrary.cylib\BLE_v2_20\Library\gccCyBLEStack_BLE_SOC_PERIPHERAL.a(mint_buf_mgmt.o)
                0x0000605c                mint_buf_mgmt_stack_reset

i.mint_buf_mgmt_stack_search_item
                0x0000607a       0x30
 i.mint_buf_mgmt_stack_search_item
                0x0000607a       0x30 C:\Program Files (x86)\Cypress\PSoC Creator\4.0\PSoC Creator\psoc\content\cycomponentlibrary\CyComponentLibrary.cylib\BLE_v2_20\Library\gccCyBLEStack_BLE_SOC_PERIPHERAL.a(mint_buf_mgmt.o)
                0x0000607a                mint_buf_mgmt_stack_search_item

i.CyBleControllerIP_GetPingState
                0x000060ac        0xc
 i.CyBleControllerIP_GetPingState
                0x000060ac        0xc C:\Program Files (x86)\Cypress\PSoC Creator\4.0\PSoC Creator\psoc\content\cycomponentlibrary\CyComponentLibrary.cylib\BLE_v2_20\Library\gccCyBLEStack_BLE_SOC_PERIPHERAL.a(CyBleControllerIP_Interface.o)
                0x000060ac                CyBleControllerIP_GetPingState

i.CyBleController_AddDeviceToWhiteList
                0x000060b8       0x40
 i.CyBleController_AddDeviceToWhiteList
                0x000060b8       0x40 C:\Program Files (x86)\Cypress\PSoC Creator\4.0\PSoC Creator\psoc\content\cycomponentlibrary\CyComponentLibrary.cylib\BLE_v2_20\Library\gccCyBLEStack_BLE_SOC_PERIPHERAL.a(CyBleControllerIP_Interface.o)
                0x000060b8                CyBleController_AddDeviceToWhiteList

i.CyBleController_ExitLowPowerMode
                0x000060f8       0x10
 i.CyBleController_ExitLowPowerMode
                0x000060f8       0x10 C:\Program Files (x86)\Cypress\PSoC Creator\4.0\PSoC Creator\psoc\content\cycomponentlibrary\CyComponentLibrary.cylib\BLE_v2_20\Library\gccCyBLEStack_BLE_SOC_PERIPHERAL.a(CyBleControllerIP_Interface.o)
                0x000060f8                CyBleController_ExitLowPowerMode

i.CyBleController_Init
                0x00006108       0x32
 i.CyBleController_Init
                0x00006108       0x32 C:\Program Files (x86)\Cypress\PSoC Creator\4.0\PSoC Creator\psoc\content\cycomponentlibrary\CyComponentLibrary.cylib\BLE_v2_20\Library\gccCyBLEStack_BLE_SOC_PERIPHERAL.a(CyBleControllerIP_Interface.o)
                0x00006108                CyBleController_Init

i.CyBleController_SetDeviceAddress
                0x0000613a       0x2e
 i.CyBleController_SetDeviceAddress
                0x0000613a       0x2e C:\Program Files (x86)\Cypress\PSoC Creator\4.0\PSoC Creator\psoc\content\cycomponentlibrary\CyComponentLibrary.cylib\BLE_v2_20\Library\gccCyBLEStack_BLE_SOC_PERIPHERAL.a(CyBleControllerIP_Interface.o)
                0x0000613a                CyBleController_SetDeviceAddress

i.CyBle_GetTxPowerLevel
                0x00006168       0x4e
 i.CyBle_GetTxPowerLevel
                0x00006168       0x4e C:\Program Files (x86)\Cypress\PSoC Creator\4.0\PSoC Creator\psoc\content\cycomponentlibrary\CyComponentLibrary.cylib\BLE_v2_20\Library\gccCyBLEStack_BLE_SOC_PERIPHERAL.a(CyBleControllerIP_Interface.o)
                0x00006168                CyBle_GetTxPowerLevel

i.CyBle_SetTxPowerLevel
                0x000061b6       0x56
 i.CyBle_SetTxPowerLevel
                0x000061b6       0x56 C:\Program Files (x86)\Cypress\PSoC Creator\4.0\PSoC Creator\psoc\content\cycomponentlibrary\CyComponentLibrary.cylib\BLE_v2_20\Library\gccCyBLEStack_BLE_SOC_PERIPHERAL.a(CyBleControllerIP_Interface.o)
                0x000061b6                CyBle_SetTxPowerLevel

i.ll_check_and_mark_packet_ready_for_transmission
                0x0000620c       0x28
 i.ll_check_and_mark_packet_ready_for_transmission
                0x0000620c       0x28 C:\Program Files (x86)\Cypress\PSoC Creator\4.0\PSoC Creator\psoc\content\cycomponentlibrary\CyComponentLibrary.cylib\BLE_v2_20\Library\gccCyBLEStack_BLE_SOC_PERIPHERAL.a(ll.o)
                0x0000620c                ll_check_and_mark_packet_ready_for_transmission

i.ll_cleanup_pending_data_pdu
                0x00006234       0x38
 i.ll_cleanup_pending_data_pdu
                0x00006234       0x38 C:\Program Files (x86)\Cypress\PSoC Creator\4.0\PSoC Creator\psoc\content\cycomponentlibrary\CyComponentLibrary.cylib\BLE_v2_20\Library\gccCyBLEStack_BLE_SOC_PERIPHERAL.a(ll.o)
                0x00006234                ll_cleanup_pending_data_pdu

i.ll_exit_low_power_mode
                0x0000626c       0xac
 i.ll_exit_low_power_mode
                0x0000626c       0xac C:\Program Files (x86)\Cypress\PSoC Creator\4.0\PSoC Creator\psoc\content\cycomponentlibrary\CyComponentLibrary.cylib\BLE_v2_20\Library\gccCyBLEStack_BLE_SOC_PERIPHERAL.a(ll.o)
                0x0000626c                ll_exit_low_power_mode

i.ll_get_ack_status
                0x00006318       0x3c
 i.ll_get_ack_status
                0x00006318       0x3c C:\Program Files (x86)\Cypress\PSoC Creator\4.0\PSoC Creator\psoc\content\cycomponentlibrary\CyComponentLibrary.cylib\BLE_v2_20\Library\gccCyBLEStack_BLE_SOC_PERIPHERAL.a(ll.o)
                0x00006318                ll_get_ack_status

i.ll_get_adv_ch_tx_power
                0x00006354       0x20
 i.ll_get_adv_ch_tx_power
                0x00006354       0x20 C:\Program Files (x86)\Cypress\PSoC Creator\4.0\PSoC Creator\psoc\content\cycomponentlibrary\CyComponentLibrary.cylib\BLE_v2_20\Library\gccCyBLEStack_BLE_SOC_PERIPHERAL.a(ll.o)
                0x00006354                ll_get_adv_ch_tx_power

i.ll_get_data_channel_map
                0x00006374       0x24
 i.ll_get_data_channel_map
                0x00006374       0x24 C:\Program Files (x86)\Cypress\PSoC Creator\4.0\PSoC Creator\psoc\content\cycomponentlibrary\CyComponentLibrary.cylib\BLE_v2_20\Library\gccCyBLEStack_BLE_SOC_PERIPHERAL.a(ll.o)
                0x00006374                ll_get_data_channel_map

i.ll_get_max_white_list_size
                0x00006398        0xc
 i.ll_get_max_white_list_size
                0x00006398        0xc C:\Program Files (x86)\Cypress\PSoC Creator\4.0\PSoC Creator\psoc\content\cycomponentlibrary\CyComponentLibrary.cylib\BLE_v2_20\Library\gccCyBLEStack_BLE_SOC_PERIPHERAL.a(ll.o)
                0x00006398                ll_get_max_white_list_size

i.ll_get_my_role
                0x000063a4        0xc
 i.ll_get_my_role
                0x000063a4        0xc C:\Program Files (x86)\Cypress\PSoC Creator\4.0\PSoC Creator\psoc\content\cycomponentlibrary\CyComponentLibrary.cylib\BLE_v2_20\Library\gccCyBLEStack_BLE_SOC_PERIPHERAL.a(ll.o)
                0x000063a4                ll_get_my_role

i.ll_get_next_available_fifo_for_data_pdu
                0x000063b0        0x8
 i.ll_get_next_available_fifo_for_data_pdu
                0x000063b0        0x8 C:\Program Files (x86)\Cypress\PSoC Creator\4.0\PSoC Creator\psoc\content\cycomponentlibrary\CyComponentLibrary.cylib\BLE_v2_20\Library\gccCyBLEStack_BLE_SOC_PERIPHERAL.a(ll.o)
                0x000063b0                ll_get_next_available_fifo_for_data_pdu

i.ll_get_next_available_fifo_for_ll_pdu
                0x000063b8       0x24
 i.ll_get_next_available_fifo_for_ll_pdu
                0x000063b8       0x24 C:\Program Files (x86)\Cypress\PSoC Creator\4.0\PSoC Creator\psoc\content\cycomponentlibrary\CyComponentLibrary.cylib\BLE_v2_20\Library\gccCyBLEStack_BLE_SOC_PERIPHERAL.a(ll.o)
                0x000063b8                ll_get_next_available_fifo_for_ll_pdu

i.ll_get_rssi_value
                0x000063dc       0x26
 i.ll_get_rssi_value
                0x000063dc       0x26 C:\Program Files (x86)\Cypress\PSoC Creator\4.0\PSoC Creator\psoc\content\cycomponentlibrary\CyComponentLibrary.cylib\BLE_v2_20\Library\gccCyBLEStack_BLE_SOC_PERIPHERAL.a(ll.o)
                0x000063dc                ll_get_rssi_value

i.ll_get_transmit_power_level
                0x00006404       0x2c
 i.ll_get_transmit_power_level
                0x00006404       0x2c C:\Program Files (x86)\Cypress\PSoC Creator\4.0\PSoC Creator\psoc\content\cycomponentlibrary\CyComponentLibrary.cylib\BLE_v2_20\Library\gccCyBLEStack_BLE_SOC_PERIPHERAL.a(ll.o)
                0x00006404                ll_get_transmit_power_level

i.ll_handle_ack_received
                0x00006430       0x74
 i.ll_handle_ack_received
                0x00006430       0x74 C:\Program Files (x86)\Cypress\PSoC Creator\4.0\PSoC Creator\psoc\content\cycomponentlibrary\CyComponentLibrary.cylib\BLE_v2_20\Library\gccCyBLEStack_BLE_SOC_PERIPHERAL.a(ll.o)
                0x00006430                ll_handle_ack_received

i.ll_handle_add_device_in_whitelist
                0x000064a4       0x3a
 i.ll_handle_add_device_in_whitelist
                0x000064a4       0x3a C:\Program Files (x86)\Cypress\PSoC Creator\4.0\PSoC Creator\psoc\content\cycomponentlibrary\CyComponentLibrary.cylib\BLE_v2_20\Library\gccCyBLEStack_BLE_SOC_PERIPHERAL.a(ll.o)
                0x000064a4                ll_handle_add_device_in_whitelist

i.ll_handle_clear_whitelist
                0x000064de       0x16
 i.ll_handle_clear_whitelist
                0x000064de       0x16 C:\Program Files (x86)\Cypress\PSoC Creator\4.0\PSoC Creator\psoc\content\cycomponentlibrary\CyComponentLibrary.cylib\BLE_v2_20\Library\gccCyBLEStack_BLE_SOC_PERIPHERAL.a(ll.o)
                0x000064de                ll_handle_clear_whitelist

i.ll_handle_encrypt_host_data
                0x000064f4       0x36
 i.ll_handle_encrypt_host_data
                0x000064f4       0x36 C:\Program Files (x86)\Cypress\PSoC Creator\4.0\PSoC Creator\psoc\content\cycomponentlibrary\CyComponentLibrary.cylib\BLE_v2_20\Library\gccCyBLEStack_BLE_SOC_PERIPHERAL.a(ll.o)
                0x000064f4                ll_handle_encrypt_host_data

i.ll_handle_host_data_packet
                0x0000652a       0x54
 i.ll_handle_host_data_packet
                0x0000652a       0x54 C:\Program Files (x86)\Cypress\PSoC Creator\4.0\PSoC Creator\psoc\content\cycomponentlibrary\CyComponentLibrary.cylib\BLE_v2_20\Library\gccCyBLEStack_BLE_SOC_PERIPHERAL.a(ll.o)
                0x0000652a                ll_handle_host_data_packet

i.ll_handle_read_host_channel_map
                0x0000657e        0x4
 i.ll_handle_read_host_channel_map
                0x0000657e        0x4 C:\Program Files (x86)\Cypress\PSoC Creator\4.0\PSoC Creator\psoc\content\cycomponentlibrary\CyComponentLibrary.cylib\BLE_v2_20\Library\gccCyBLEStack_BLE_SOC_PERIPHERAL.a(ll.o)
                0x0000657e                ll_handle_read_host_channel_map

i.ll_handle_remove_device_in_whitelist
                0x00006582       0x2a
 i.ll_handle_remove_device_in_whitelist
                0x00006582       0x2a C:\Program Files (x86)\Cypress\PSoC Creator\4.0\PSoC Creator\psoc\content\cycomponentlibrary\CyComponentLibrary.cylib\BLE_v2_20\Library\gccCyBLEStack_BLE_SOC_PERIPHERAL.a(ll.o)
                0x00006582                ll_handle_remove_device_in_whitelist

i.ll_handle_reset
                0x000065ac        0xe
 i.ll_handle_reset
                0x000065ac        0xe C:\Program Files (x86)\Cypress\PSoC Creator\4.0\PSoC Creator\psoc\content\cycomponentlibrary\CyComponentLibrary.cylib\BLE_v2_20\Library\gccCyBLEStack_BLE_SOC_PERIPHERAL.a(ll.o)
                0x000065ac                ll_handle_reset

i.ll_handle_set_random_address
                0x000065ba       0x36
 i.ll_handle_set_random_address
                0x000065ba       0x36 C:\Program Files (x86)\Cypress\PSoC Creator\4.0\PSoC Creator\psoc\content\cycomponentlibrary\CyComponentLibrary.cylib\BLE_v2_20\Library\gccCyBLEStack_BLE_SOC_PERIPHERAL.a(ll.o)
                0x000065ba                ll_handle_set_random_address

i.ll_init       0x000065f0       0x18
 i.ll_init      0x000065f0       0x18 C:\Program Files (x86)\Cypress\PSoC Creator\4.0\PSoC Creator\psoc\content\cycomponentlibrary\CyComponentLibrary.cylib\BLE_v2_20\Library\gccCyBLEStack_BLE_SOC_PERIPHERAL.a(ll.o)
                0x000065f0                ll_init

i.ll_initialize_device_attributes
                0x00006608       0x4c
 i.ll_initialize_device_attributes
                0x00006608       0x4c C:\Program Files (x86)\Cypress\PSoC Creator\4.0\PSoC Creator\psoc\content\cycomponentlibrary\CyComponentLibrary.cylib\BLE_v2_20\Library\gccCyBLEStack_BLE_SOC_PERIPHERAL.a(ll.o)
                0x00006608                ll_initialize_device_attributes

i.ll_is_pkt_pending
                0x00006654       0x2a
 i.ll_is_pkt_pending
                0x00006654       0x2a C:\Program Files (x86)\Cypress\PSoC Creator\4.0\PSoC Creator\psoc\content\cycomponentlibrary\CyComponentLibrary.cylib\BLE_v2_20\Library\gccCyBLEStack_BLE_SOC_PERIPHERAL.a(ll.o)
                0x00006654                ll_is_pkt_pending

i.ll_is_sent_pkt_pending
                0x0000667e       0x1a
 i.ll_is_sent_pkt_pending
                0x0000667e       0x1a C:\Program Files (x86)\Cypress\PSoC Creator\4.0\PSoC Creator\psoc\content\cycomponentlibrary\CyComponentLibrary.cylib\BLE_v2_20\Library\gccCyBLEStack_BLE_SOC_PERIPHERAL.a(ll.o)
                0x0000667e                ll_is_sent_pkt_pending

i.ll_isr_exit_low_power_mode
                0x00006698       0x16
 i.ll_isr_exit_low_power_mode
                0x00006698       0x16 C:\Program Files (x86)\Cypress\PSoC Creator\4.0\PSoC Creator\psoc\content\cycomponentlibrary\CyComponentLibrary.cylib\BLE_v2_20\Library\gccCyBLEStack_BLE_SOC_PERIPHERAL.a(ll.o)
                0x00006698                ll_isr_exit_low_power_mode

i.ll_load_host_data_packet
                0x000066ae       0x4a
 i.ll_load_host_data_packet
                0x000066ae       0x4a C:\Program Files (x86)\Cypress\PSoC Creator\4.0\PSoC Creator\psoc\content\cycomponentlibrary\CyComponentLibrary.cylib\BLE_v2_20\Library\gccCyBLEStack_BLE_SOC_PERIPHERAL.a(ll.o)
                0x000066ae                ll_load_host_data_packet

i.ll_load_packet_to_fifo
                0x000066f8       0x6e
 i.ll_load_packet_to_fifo
                0x000066f8       0x6e C:\Program Files (x86)\Cypress\PSoC Creator\4.0\PSoC Creator\psoc\content\cycomponentlibrary\CyComponentLibrary.cylib\BLE_v2_20\Library\gccCyBLEStack_BLE_SOC_PERIPHERAL.a(ll.o)
                0x000066f8                ll_load_packet_to_fifo

i.ll_process_acks
                0x00006766       0x3c
 i.ll_process_acks
                0x00006766       0x3c C:\Program Files (x86)\Cypress\PSoC Creator\4.0\PSoC Creator\psoc\content\cycomponentlibrary\CyComponentLibrary.cylib\BLE_v2_20\Library\gccCyBLEStack_BLE_SOC_PERIPHERAL.a(ll.o)
                0x00006766                ll_process_acks

i.ll_reset      0x000067a2       0x12
 i.ll_reset     0x000067a2       0x12 C:\Program Files (x86)\Cypress\PSoC Creator\4.0\PSoC Creator\psoc\content\cycomponentlibrary\CyComponentLibrary.cylib\BLE_v2_20\Library\gccCyBLEStack_BLE_SOC_PERIPHERAL.a(ll.o)
                0x000067a2                ll_reset

i.ll_update_active_features
                0x000067b4       0x58
 i.ll_update_active_features
                0x000067b4       0x58 C:\Program Files (x86)\Cypress\PSoC Creator\4.0\PSoC Creator\psoc\content\cycomponentlibrary\CyComponentLibrary.cylib\BLE_v2_20\Library\gccCyBLEStack_BLE_SOC_PERIPHERAL.a(ll.o)
                0x000067b4                ll_update_active_features

i.ll_update_device_fsm
                0x0000680c        0x8
 i.ll_update_device_fsm
                0x0000680c        0x8 C:\Program Files (x86)\Cypress\PSoC Creator\4.0\PSoC Creator\psoc\content\cycomponentlibrary\CyComponentLibrary.cylib\BLE_v2_20\Library\gccCyBLEStack_BLE_SOC_PERIPHERAL.a(ll.o)
                0x0000680c                ll_update_device_fsm

i.pf_le_start_timer
                0x00006814       0x16
 i.pf_le_start_timer
                0x00006814       0x16 C:\Program Files (x86)\Cypress\PSoC Creator\4.0\PSoC Creator\psoc\content\cycomponentlibrary\CyComponentLibrary.cylib\BLE_v2_20\Library\gccCyBLEStack_BLE_SOC_PERIPHERAL.a(ll.o)
                0x00006814                pf_le_start_timer

i.pf_le_stop_timer
                0x0000682a       0x12
 i.pf_le_stop_timer
                0x0000682a       0x12 C:\Program Files (x86)\Cypress\PSoC Creator\4.0\PSoC Creator\psoc\content\cycomponentlibrary\CyComponentLibrary.cylib\BLE_v2_20\Library\gccCyBLEStack_BLE_SOC_PERIPHERAL.a(ll.o)
                0x0000682a                pf_le_stop_timer

i.CyBleControllerIP_TuneAdvEventInterPktSlots
                0x0000683c       0x44
 i.CyBleControllerIP_TuneAdvEventInterPktSlots
                0x0000683c       0x44 C:\Program Files (x86)\Cypress\PSoC Creator\4.0\PSoC Creator\psoc\content\cycomponentlibrary\CyComponentLibrary.cylib\BLE_v2_20\Library\gccCyBLEStack_BLE_SOC_PERIPHERAL.a(ll_advertiser.o)
                0x0000683c                CyBleControllerIP_TuneAdvEventInterPktSlots

i.ll_adv_is_configured_connection_adv
                0x00006880       0x1e
 i.ll_adv_is_configured_connection_adv
                0x00006880       0x1e C:\Program Files (x86)\Cypress\PSoC Creator\4.0\PSoC Creator\psoc\content\cycomponentlibrary\CyComponentLibrary.cylib\BLE_v2_20\Library\gccCyBLEStack_BLE_SOC_PERIPHERAL.a(ll_advertiser.o)
                0x00006880                ll_adv_is_configured_connection_adv

i.ll_check_random_address_in_use_by_advertiser
                0x0000689e       0x10
 i.ll_check_random_address_in_use_by_advertiser
                0x0000689e       0x10 C:\Program Files (x86)\Cypress\PSoC Creator\4.0\PSoC Creator\psoc\content\cycomponentlibrary\CyComponentLibrary.cylib\BLE_v2_20\Library\gccCyBLEStack_BLE_SOC_PERIPHERAL.a(ll_advertiser.o)
                0x0000689e                ll_check_random_address_in_use_by_advertiser

i.ll_check_whitelist_in_use_by_advertiser
                0x000068ae       0x10
 i.ll_check_whitelist_in_use_by_advertiser
                0x000068ae       0x10 C:\Program Files (x86)\Cypress\PSoC Creator\4.0\PSoC Creator\psoc\content\cycomponentlibrary\CyComponentLibrary.cylib\BLE_v2_20\Library\gccCyBLEStack_BLE_SOC_PERIPHERAL.a(ll_advertiser.o)
                0x000068ae                ll_check_whitelist_in_use_by_advertiser

i.ll_get_adv_status
                0x000068be        0xc
 i.ll_get_adv_status
                0x000068be        0xc C:\Program Files (x86)\Cypress\PSoC Creator\4.0\PSoC Creator\psoc\content\cycomponentlibrary\CyComponentLibrary.cylib\BLE_v2_20\Library\gccCyBLEStack_BLE_SOC_PERIPHERAL.a(ll_advertiser.o)
                0x000068be                ll_get_adv_status

i.ll_get_adv_type
                0x000068ca       0x16
 i.ll_get_adv_type
                0x000068ca       0x16 C:\Program Files (x86)\Cypress\PSoC Creator\4.0\PSoC Creator\psoc\content\cycomponentlibrary\CyComponentLibrary.cylib\BLE_v2_20\Library\gccCyBLEStack_BLE_SOC_PERIPHERAL.a(ll_advertiser.o)
                0x000068ca                ll_get_adv_type

i.ll_handle_adv_intr
                0x000068e0       0x50
 i.ll_handle_adv_intr
                0x000068e0       0x50 C:\Program Files (x86)\Cypress\PSoC Creator\4.0\PSoC Creator\psoc\content\cycomponentlibrary\CyComponentLibrary.cylib\BLE_v2_20\Library\gccCyBLEStack_BLE_SOC_PERIPHERAL.a(ll_advertiser.o)
                0x000068e0                ll_handle_adv_intr

i.ll_handle_set_adv_data
                0x00006930       0x14
 i.ll_handle_set_adv_data
                0x00006930       0x14 C:\Program Files (x86)\Cypress\PSoC Creator\4.0\PSoC Creator\psoc\content\cycomponentlibrary\CyComponentLibrary.cylib\BLE_v2_20\Library\gccCyBLEStack_BLE_SOC_PERIPHERAL.a(ll_advertiser.o)
                0x00006930                ll_handle_set_adv_data

i.ll_handle_set_adv_parameters
                0x00006944       0x84
 i.ll_handle_set_adv_parameters
                0x00006944       0x84 C:\Program Files (x86)\Cypress\PSoC Creator\4.0\PSoC Creator\psoc\content\cycomponentlibrary\CyComponentLibrary.cylib\BLE_v2_20\Library\gccCyBLEStack_BLE_SOC_PERIPHERAL.a(ll_advertiser.o)
                0x00006944                ll_handle_set_adv_parameters

i.ll_handle_set_advertise_enable
                0x000069c8       0x70
 i.ll_handle_set_advertise_enable
                0x000069c8       0x70 C:\Program Files (x86)\Cypress\PSoC Creator\4.0\PSoC Creator\psoc\content\cycomponentlibrary\CyComponentLibrary.cylib\BLE_v2_20\Library\gccCyBLEStack_BLE_SOC_PERIPHERAL.a(ll_advertiser.o)
                0x000069c8                ll_handle_set_advertise_enable

i.ll_handle_set_scan_resp_data
                0x00006a38       0x14
 i.ll_handle_set_scan_resp_data
                0x00006a38       0x14 C:\Program Files (x86)\Cypress\PSoC Creator\4.0\PSoC Creator\psoc\content\cycomponentlibrary\CyComponentLibrary.cylib\BLE_v2_20\Library\gccCyBLEStack_BLE_SOC_PERIPHERAL.a(ll_advertiser.o)
                0x00006a38                ll_handle_set_scan_resp_data

i.ll_init_advertiser
                0x00006a4c       0x68
 i.ll_init_advertiser
                0x00006a4c       0x68 C:\Program Files (x86)\Cypress\PSoC Creator\4.0\PSoC Creator\psoc\content\cycomponentlibrary\CyComponentLibrary.cylib\BLE_v2_20\Library\gccCyBLEStack_BLE_SOC_PERIPHERAL.a(ll_advertiser.o)
                0x00006a4c                ll_init_advertiser

i.is_le_connection_handle
                0x00006ab4       0x28
 i.is_le_connection_handle
                0x00006ab4       0x28 C:\Program Files (x86)\Cypress\PSoC Creator\4.0\PSoC Creator\psoc\content\cycomponentlibrary\CyComponentLibrary.cylib\BLE_v2_20\Library\gccCyBLEStack_BLE_SOC_PERIPHERAL.a(ll_connection.o)
                0x00006ab4                is_le_connection_handle

i.le_assign_connection_handle
                0x00006adc       0x28
 i.le_assign_connection_handle
                0x00006adc       0x28 C:\Program Files (x86)\Cypress\PSoC Creator\4.0\PSoC Creator\psoc\content\cycomponentlibrary\CyComponentLibrary.cylib\BLE_v2_20\Library\gccCyBLEStack_BLE_SOC_PERIPHERAL.a(ll_connection.o)
                0x00006adc                le_assign_connection_handle

i.le_get_connection_index
                0x00006b04        0x6
 i.le_get_connection_index
                0x00006b04        0x6 C:\Program Files (x86)\Cypress\PSoC Creator\4.0\PSoC Creator\psoc\content\cycomponentlibrary\CyComponentLibrary.cylib\BLE_v2_20\Library\gccCyBLEStack_BLE_SOC_PERIPHERAL.a(ll_connection.o)
                0x00006b04                le_get_connection_index

i.ll_allocate_connection
                0x00006b0c       0x44
 i.ll_allocate_connection
                0x00006b0c       0x44 C:\Program Files (x86)\Cypress\PSoC Creator\4.0\PSoC Creator\psoc\content\cycomponentlibrary\CyComponentLibrary.cylib\BLE_v2_20\Library\gccCyBLEStack_BLE_SOC_PERIPHERAL.a(ll_connection.o)
                0x00006b0c                ll_allocate_connection

i.ll_calculate_and_program_def_win_widen_drift
                0x00006b50       0x14
 i.ll_calculate_and_program_def_win_widen_drift
                0x00006b50       0x14 C:\Program Files (x86)\Cypress\PSoC Creator\4.0\PSoC Creator\psoc\content\cycomponentlibrary\CyComponentLibrary.cylib\BLE_v2_20\Library\gccCyBLEStack_BLE_SOC_PERIPHERAL.a(ll_connection.o)
                0x00006b50                ll_calculate_and_program_def_win_widen_drift

i.ll_calculate_drift
                0x00006b64       0x2c
 i.ll_calculate_drift
                0x00006b64       0x2c C:\Program Files (x86)\Cypress\PSoC Creator\4.0\PSoC Creator\psoc\content\cycomponentlibrary\CyComponentLibrary.cylib\BLE_v2_20\Library\gccCyBLEStack_BLE_SOC_PERIPHERAL.a(ll_connection.o)
                0x00006b64                ll_calculate_drift

i.ll_check_and_decrypt_ll_pdu
                0x00006b90       0x68
 i.ll_check_and_decrypt_ll_pdu
                0x00006b90       0x68 C:\Program Files (x86)\Cypress\PSoC Creator\4.0\PSoC Creator\psoc\content\cycomponentlibrary\CyComponentLibrary.cylib\BLE_v2_20\Library\gccCyBLEStack_BLE_SOC_PERIPHERAL.a(ll_connection.o)
                0x00006b90                ll_check_and_decrypt_ll_pdu

i.ll_check_and_decrypt_packet
                0x00006bf8       0x6a
 i.ll_check_and_decrypt_packet
                0x00006bf8       0x6a C:\Program Files (x86)\Cypress\PSoC Creator\4.0\PSoC Creator\psoc\content\cycomponentlibrary\CyComponentLibrary.cylib\BLE_v2_20\Library\gccCyBLEStack_BLE_SOC_PERIPHERAL.a(ll_connection.o)
                0x00006bf8                ll_check_and_decrypt_packet

i.ll_check_and_encrypt_ll_pdu
                0x00006c62       0x72
 i.ll_check_and_encrypt_ll_pdu
                0x00006c62       0x72 C:\Program Files (x86)\Cypress\PSoC Creator\4.0\PSoC Creator\psoc\content\cycomponentlibrary\CyComponentLibrary.cylib\BLE_v2_20\Library\gccCyBLEStack_BLE_SOC_PERIPHERAL.a(ll_connection.o)
                0x00006c62                ll_check_and_encrypt_ll_pdu

i.ll_check_and_encrypt_packet
                0x00006cd4       0x8a
 i.ll_check_and_encrypt_packet
                0x00006cd4       0x8a C:\Program Files (x86)\Cypress\PSoC Creator\4.0\PSoC Creator\psoc\content\cycomponentlibrary\CyComponentLibrary.cylib\BLE_v2_20\Library\gccCyBLEStack_BLE_SOC_PERIPHERAL.a(ll_connection.o)
                0x00006cd4                ll_check_and_encrypt_packet

i.ll_check_for_allowing_incoming_connection_update
                0x00006d5e       0x42
 i.ll_check_for_allowing_incoming_connection_update
                0x00006d5e       0x42 C:\Program Files (x86)\Cypress\PSoC Creator\4.0\PSoC Creator\psoc\content\cycomponentlibrary\CyComponentLibrary.cylib\BLE_v2_20\Library\gccCyBLEStack_BLE_SOC_PERIPHERAL.a(ll_connection.o)
                0x00006d5e                ll_check_for_allowing_incoming_connection_update

i.ll_check_if_pdu_is_loaded_to_hardware
                0x00006da0       0x1c
 i.ll_check_if_pdu_is_loaded_to_hardware
                0x00006da0       0x1c C:\Program Files (x86)\Cypress\PSoC Creator\4.0\PSoC Creator\psoc\content\cycomponentlibrary\CyComponentLibrary.cylib\BLE_v2_20\Library\gccCyBLEStack_BLE_SOC_PERIPHERAL.a(ll_connection.o)
                0x00006da0                ll_check_if_pdu_is_loaded_to_hardware

i.ll_check_random_address_in_use_by_initiator
                0x00006dbc       0x30
 i.ll_check_random_address_in_use_by_initiator
                0x00006dbc       0x30 C:\Program Files (x86)\Cypress\PSoC Creator\4.0\PSoC Creator\psoc\content\cycomponentlibrary\CyComponentLibrary.cylib\BLE_v2_20\Library\gccCyBLEStack_BLE_SOC_PERIPHERAL.a(ll_connection.o)
                0x00006dbc                ll_check_random_address_in_use_by_initiator

i.ll_check_white_list_in_use_by_initiator
                0x00006dec       0x30
 i.ll_check_white_list_in_use_by_initiator
                0x00006dec       0x30 C:\Program Files (x86)\Cypress\PSoC Creator\4.0\PSoC Creator\psoc\content\cycomponentlibrary\CyComponentLibrary.cylib\BLE_v2_20\Library\gccCyBLEStack_BLE_SOC_PERIPHERAL.a(ll_connection.o)
                0x00006dec                ll_check_white_list_in_use_by_initiator

i.ll_conn_free_enc_txn_buffer
                0x00006e1c       0x16
 i.ll_conn_free_enc_txn_buffer
                0x00006e1c       0x16 C:\Program Files (x86)\Cypress\PSoC Creator\4.0\PSoC Creator\psoc\content\cycomponentlibrary\CyComponentLibrary.cylib\BLE_v2_20\Library\gccCyBLEStack_BLE_SOC_PERIPHERAL.a(ll_connection.o)
                0x00006e1c                ll_conn_free_enc_txn_buffer

i.ll_conn_fsm_update_channel_state
                0x00006e32        0x6
 i.ll_conn_fsm_update_channel_state
                0x00006e32        0x6 C:\Program Files (x86)\Cypress\PSoC Creator\4.0\PSoC Creator\psoc\content\cycomponentlibrary\CyComponentLibrary.cylib\BLE_v2_20\Library\gccCyBLEStack_BLE_SOC_PERIPHERAL.a(ll_connection.o)
                0x00006e32                ll_conn_fsm_update_channel_state

i.ll_conn_fsm_update_conn_update_state
                0x00006e38        0x6
 i.ll_conn_fsm_update_conn_update_state
                0x00006e38        0x6 C:\Program Files (x86)\Cypress\PSoC Creator\4.0\PSoC Creator\psoc\content\cycomponentlibrary\CyComponentLibrary.cylib\BLE_v2_20\Library\gccCyBLEStack_BLE_SOC_PERIPHERAL.a(ll_connection.o)
                0x00006e38                ll_conn_fsm_update_conn_update_state

i.ll_conn_fsm_update_enc_state
                0x00006e3e        0x6
 i.ll_conn_fsm_update_enc_state
                0x00006e3e        0x6 C:\Program Files (x86)\Cypress\PSoC Creator\4.0\PSoC Creator\psoc\content\cycomponentlibrary\CyComponentLibrary.cylib\BLE_v2_20\Library\gccCyBLEStack_BLE_SOC_PERIPHERAL.a(ll_connection.o)
                0x00006e3e                ll_conn_fsm_update_enc_state

i.ll_conn_fsm_update_state
                0x00006e44        0x4
 i.ll_conn_fsm_update_state
                0x00006e44        0x4 C:\Program Files (x86)\Cypress\PSoC Creator\4.0\PSoC Creator\psoc\content\cycomponentlibrary\CyComponentLibrary.cylib\BLE_v2_20\Library\gccCyBLEStack_BLE_SOC_PERIPHERAL.a(ll_connection.o)
                0x00006e44                ll_conn_fsm_update_state

i.ll_conn_handle_data_pdu_from_host_when_data_paused
                0x00006e48        0x8
 i.ll_conn_handle_data_pdu_from_host_when_data_paused
                0x00006e48        0x8 C:\Program Files (x86)\Cypress\PSoC Creator\4.0\PSoC Creator\psoc\content\cycomponentlibrary\CyComponentLibrary.cylib\BLE_v2_20\Library\gccCyBLEStack_BLE_SOC_PERIPHERAL.a(ll_connection.o)
                0x00006e48                ll_conn_handle_data_pdu_from_host_when_data_paused

i.ll_conn_handle_direct_adv_timeout
                0x00006e50       0x2a
 i.ll_conn_handle_direct_adv_timeout