ARM GAS  C:\Users\Harsha\AppData\Local\Temp\ccd8Q24W.s 			page 1


   1              		.cpu cortex-m0
   2              		.fpu softvfp
   3              		.eabi_attribute 20, 1
   4              		.eabi_attribute 21, 1
   5              		.eabi_attribute 23, 3
   6              		.eabi_attribute 24, 1
   7              		.eabi_attribute 25, 1
   8              		.eabi_attribute 26, 1
   9              		.eabi_attribute 30, 1
  10              		.eabi_attribute 34, 0
  11              		.eabi_attribute 18, 4
  12              		.code	16
  13              		.file	"cyfitter_cfg.c"
  14              		.text
  15              	.Ltext0:
  16              		.cfi_sections	.debug_frame
  17              		.section	.text.AnalogSetDefault,"ax",%progbits
  18              		.align	2
  19              		.code	16
  20              		.thumb_func
  21              		.type	AnalogSetDefault, %function
  22              	AnalogSetDefault:
  23              	.LFB6:
  24              		.file 1 "Generated_Source\\PSoC4\\cyfitter_cfg.c"
   1:Generated_Source\PSoC4/cyfitter_cfg.c **** /*******************************************************************************
   2:Generated_Source\PSoC4/cyfitter_cfg.c **** * File Name: cyfitter_cfg.c
   3:Generated_Source\PSoC4/cyfitter_cfg.c **** * 
   4:Generated_Source\PSoC4/cyfitter_cfg.c **** * PSoC Creator  4.0
   5:Generated_Source\PSoC4/cyfitter_cfg.c **** *
   6:Generated_Source\PSoC4/cyfitter_cfg.c **** * Description:
   7:Generated_Source\PSoC4/cyfitter_cfg.c **** * This file contains device initialization code.
   8:Generated_Source\PSoC4/cyfitter_cfg.c **** * Except for the user defined sections in CyClockStartupError(), this file should not be modified.
   9:Generated_Source\PSoC4/cyfitter_cfg.c **** * This file is automatically generated by PSoC Creator.
  10:Generated_Source\PSoC4/cyfitter_cfg.c **** *
  11:Generated_Source\PSoC4/cyfitter_cfg.c **** ********************************************************************************
  12:Generated_Source\PSoC4/cyfitter_cfg.c **** * Copyright (c) 2007-2016 Cypress Semiconductor.  All rights reserved.
  13:Generated_Source\PSoC4/cyfitter_cfg.c **** * You may use this file only in accordance with the license, terms, conditions, 
  14:Generated_Source\PSoC4/cyfitter_cfg.c **** * disclaimers, and limitations in the end user license agreement accompanying 
  15:Generated_Source\PSoC4/cyfitter_cfg.c **** * the software package with which this file was provided.
  16:Generated_Source\PSoC4/cyfitter_cfg.c **** ********************************************************************************/
  17:Generated_Source\PSoC4/cyfitter_cfg.c **** 
  18:Generated_Source\PSoC4/cyfitter_cfg.c **** #include <string.h>
  19:Generated_Source\PSoC4/cyfitter_cfg.c **** #include "cytypes.h"
  20:Generated_Source\PSoC4/cyfitter_cfg.c **** #include "cydevice_trm.h"
  21:Generated_Source\PSoC4/cyfitter_cfg.c **** #include "cyfitter.h"
  22:Generated_Source\PSoC4/cyfitter_cfg.c **** #include "CyLib.h"
  23:Generated_Source\PSoC4/cyfitter_cfg.c **** #include "CyLFClk.h"
  24:Generated_Source\PSoC4/cyfitter_cfg.c **** #include "cyfitter_cfg.h"
  25:Generated_Source\PSoC4/cyfitter_cfg.c **** #include "cyapicallbacks.h"
  26:Generated_Source\PSoC4/cyfitter_cfg.c **** 
  27:Generated_Source\PSoC4/cyfitter_cfg.c **** 
  28:Generated_Source\PSoC4/cyfitter_cfg.c **** #if defined(__GNUC__) || defined(__ARMCC_VERSION)
  29:Generated_Source\PSoC4/cyfitter_cfg.c ****     #define CYPACKED 
  30:Generated_Source\PSoC4/cyfitter_cfg.c ****     #define CYPACKED_ATTR __attribute__ ((packed))
  31:Generated_Source\PSoC4/cyfitter_cfg.c ****     #define CYALIGNED __attribute__ ((aligned))
  32:Generated_Source\PSoC4/cyfitter_cfg.c ****     #define CY_CFG_UNUSED __attribute__ ((unused))
  33:Generated_Source\PSoC4/cyfitter_cfg.c ****     #ifndef CY_CFG_SECTION
ARM GAS  C:\Users\Harsha\AppData\Local\Temp\ccd8Q24W.s 			page 2


  34:Generated_Source\PSoC4/cyfitter_cfg.c ****         #define CY_CFG_SECTION __attribute__ ((section(".psocinit")))
  35:Generated_Source\PSoC4/cyfitter_cfg.c ****     #endif
  36:Generated_Source\PSoC4/cyfitter_cfg.c ****     
  37:Generated_Source\PSoC4/cyfitter_cfg.c ****     #if defined(__ARMCC_VERSION)
  38:Generated_Source\PSoC4/cyfitter_cfg.c ****         #define CY_CFG_MEMORY_BARRIER() __memory_changed()
  39:Generated_Source\PSoC4/cyfitter_cfg.c ****     #else
  40:Generated_Source\PSoC4/cyfitter_cfg.c ****         #define CY_CFG_MEMORY_BARRIER() __sync_synchronize()
  41:Generated_Source\PSoC4/cyfitter_cfg.c ****     #endif
  42:Generated_Source\PSoC4/cyfitter_cfg.c ****     
  43:Generated_Source\PSoC4/cyfitter_cfg.c **** #elif defined(__ICCARM__)
  44:Generated_Source\PSoC4/cyfitter_cfg.c ****     #include <intrinsics.h>
  45:Generated_Source\PSoC4/cyfitter_cfg.c **** 
  46:Generated_Source\PSoC4/cyfitter_cfg.c ****     #define CYPACKED __packed
  47:Generated_Source\PSoC4/cyfitter_cfg.c ****     #define CYPACKED_ATTR 
  48:Generated_Source\PSoC4/cyfitter_cfg.c ****     #define CYALIGNED _Pragma("data_alignment=4")
  49:Generated_Source\PSoC4/cyfitter_cfg.c ****     #define CY_CFG_UNUSED _Pragma("diag_suppress=Pe177")
  50:Generated_Source\PSoC4/cyfitter_cfg.c ****     #define CY_CFG_SECTION _Pragma("location=\".psocinit\"")
  51:Generated_Source\PSoC4/cyfitter_cfg.c ****     
  52:Generated_Source\PSoC4/cyfitter_cfg.c ****     #define CY_CFG_MEMORY_BARRIER() __DMB()
  53:Generated_Source\PSoC4/cyfitter_cfg.c ****     
  54:Generated_Source\PSoC4/cyfitter_cfg.c **** #else
  55:Generated_Source\PSoC4/cyfitter_cfg.c ****     #error Unsupported toolchain
  56:Generated_Source\PSoC4/cyfitter_cfg.c **** #endif
  57:Generated_Source\PSoC4/cyfitter_cfg.c **** 
  58:Generated_Source\PSoC4/cyfitter_cfg.c **** 
  59:Generated_Source\PSoC4/cyfitter_cfg.c **** CY_CFG_UNUSED
  60:Generated_Source\PSoC4/cyfitter_cfg.c **** static void CYMEMZERO(void *s, size_t n);
  61:Generated_Source\PSoC4/cyfitter_cfg.c **** CY_CFG_UNUSED
  62:Generated_Source\PSoC4/cyfitter_cfg.c **** static void CYMEMZERO(void *s, size_t n)
  63:Generated_Source\PSoC4/cyfitter_cfg.c **** {
  64:Generated_Source\PSoC4/cyfitter_cfg.c **** 	(void)memset(s, 0, n);
  65:Generated_Source\PSoC4/cyfitter_cfg.c **** }
  66:Generated_Source\PSoC4/cyfitter_cfg.c **** CY_CFG_UNUSED
  67:Generated_Source\PSoC4/cyfitter_cfg.c **** static void CYCONFIGCPY(void *dest, const void *src, size_t n);
  68:Generated_Source\PSoC4/cyfitter_cfg.c **** CY_CFG_UNUSED
  69:Generated_Source\PSoC4/cyfitter_cfg.c **** static void CYCONFIGCPY(void *dest, const void *src, size_t n)
  70:Generated_Source\PSoC4/cyfitter_cfg.c **** {
  71:Generated_Source\PSoC4/cyfitter_cfg.c **** 	(void)memcpy(dest, src, n);
  72:Generated_Source\PSoC4/cyfitter_cfg.c **** }
  73:Generated_Source\PSoC4/cyfitter_cfg.c **** CY_CFG_UNUSED
  74:Generated_Source\PSoC4/cyfitter_cfg.c **** static void CYCONFIGCPYCODE(void *dest, const void *src, size_t n);
  75:Generated_Source\PSoC4/cyfitter_cfg.c **** CY_CFG_UNUSED
  76:Generated_Source\PSoC4/cyfitter_cfg.c **** static void CYCONFIGCPYCODE(void *dest, const void *src, size_t n)
  77:Generated_Source\PSoC4/cyfitter_cfg.c **** {
  78:Generated_Source\PSoC4/cyfitter_cfg.c **** 	(void)memcpy(dest, src, n);
  79:Generated_Source\PSoC4/cyfitter_cfg.c **** }
  80:Generated_Source\PSoC4/cyfitter_cfg.c **** 
  81:Generated_Source\PSoC4/cyfitter_cfg.c **** 
  82:Generated_Source\PSoC4/cyfitter_cfg.c **** 
  83:Generated_Source\PSoC4/cyfitter_cfg.c **** 
  84:Generated_Source\PSoC4/cyfitter_cfg.c **** /* Clock startup error codes                                                   */
  85:Generated_Source\PSoC4/cyfitter_cfg.c **** #define CYCLOCKSTART_NO_ERROR    0u
  86:Generated_Source\PSoC4/cyfitter_cfg.c **** #define CYCLOCKSTART_XTAL_ERROR  1u
  87:Generated_Source\PSoC4/cyfitter_cfg.c **** #define CYCLOCKSTART_32KHZ_ERROR 2u
  88:Generated_Source\PSoC4/cyfitter_cfg.c **** #define CYCLOCKSTART_PLL_ERROR   3u
  89:Generated_Source\PSoC4/cyfitter_cfg.c **** 
  90:Generated_Source\PSoC4/cyfitter_cfg.c **** 
ARM GAS  C:\Users\Harsha\AppData\Local\Temp\ccd8Q24W.s 			page 3


  91:Generated_Source\PSoC4/cyfitter_cfg.c **** #ifdef CY_NEED_CYCLOCKSTARTUPERROR
  92:Generated_Source\PSoC4/cyfitter_cfg.c **** /*******************************************************************************
  93:Generated_Source\PSoC4/cyfitter_cfg.c **** * Function Name: CyClockStartupError
  94:Generated_Source\PSoC4/cyfitter_cfg.c **** ********************************************************************************
  95:Generated_Source\PSoC4/cyfitter_cfg.c **** * Summary:
  96:Generated_Source\PSoC4/cyfitter_cfg.c **** *  If an error is encountered during clock configuration (crystal startup error,
  97:Generated_Source\PSoC4/cyfitter_cfg.c **** *  PLL lock error, etc.), the system will end up here.  Unless reimplemented by
  98:Generated_Source\PSoC4/cyfitter_cfg.c **** *  the customer, this function will stop in an infinite loop.
  99:Generated_Source\PSoC4/cyfitter_cfg.c **** *
 100:Generated_Source\PSoC4/cyfitter_cfg.c **** * Parameters:
 101:Generated_Source\PSoC4/cyfitter_cfg.c **** *   void
 102:Generated_Source\PSoC4/cyfitter_cfg.c **** *
 103:Generated_Source\PSoC4/cyfitter_cfg.c **** * Return:
 104:Generated_Source\PSoC4/cyfitter_cfg.c **** *   void
 105:Generated_Source\PSoC4/cyfitter_cfg.c **** *
 106:Generated_Source\PSoC4/cyfitter_cfg.c **** *******************************************************************************/
 107:Generated_Source\PSoC4/cyfitter_cfg.c **** CY_CFG_UNUSED
 108:Generated_Source\PSoC4/cyfitter_cfg.c **** static void CyClockStartupError(uint8 errorCode);
 109:Generated_Source\PSoC4/cyfitter_cfg.c **** CY_CFG_UNUSED
 110:Generated_Source\PSoC4/cyfitter_cfg.c **** static void CyClockStartupError(uint8 errorCode)
 111:Generated_Source\PSoC4/cyfitter_cfg.c **** {
 112:Generated_Source\PSoC4/cyfitter_cfg.c ****     /* To remove the compiler warning if errorCode not used.                */
 113:Generated_Source\PSoC4/cyfitter_cfg.c ****     errorCode = errorCode;
 114:Generated_Source\PSoC4/cyfitter_cfg.c **** 
 115:Generated_Source\PSoC4/cyfitter_cfg.c ****     /* If we have a clock startup error (bad MHz crystal, PLL lock, etc.),  */
 116:Generated_Source\PSoC4/cyfitter_cfg.c ****     /* we will end up here to allow the customer to implement something to  */
 117:Generated_Source\PSoC4/cyfitter_cfg.c ****     /* deal with the clock condition.                                       */
 118:Generated_Source\PSoC4/cyfitter_cfg.c **** 
 119:Generated_Source\PSoC4/cyfitter_cfg.c **** #ifdef CY_CFG_CLOCK_STARTUP_ERROR_CALLBACK
 120:Generated_Source\PSoC4/cyfitter_cfg.c **** 	CY_CFG_Clock_Startup_ErrorCallback();
 121:Generated_Source\PSoC4/cyfitter_cfg.c **** #else
 122:Generated_Source\PSoC4/cyfitter_cfg.c **** 	/*  If not using CY_CFG_CLOCK_STARTUP_ERROR_CALLBACK, place your clock startup code here. */
 123:Generated_Source\PSoC4/cyfitter_cfg.c ****     /* `#START CyClockStartupError` */
 124:Generated_Source\PSoC4/cyfitter_cfg.c **** 
 125:Generated_Source\PSoC4/cyfitter_cfg.c ****     /* If we have a clock startup error (bad MHz crystal, PLL lock, etc.),  */
 126:Generated_Source\PSoC4/cyfitter_cfg.c ****     /* we will end up here to allow the customer to implement something to  */
 127:Generated_Source\PSoC4/cyfitter_cfg.c ****     /* deal with the clock condition.                                       */
 128:Generated_Source\PSoC4/cyfitter_cfg.c **** 
 129:Generated_Source\PSoC4/cyfitter_cfg.c ****     /* `#END` */
 130:Generated_Source\PSoC4/cyfitter_cfg.c **** 
 131:Generated_Source\PSoC4/cyfitter_cfg.c ****     /* If nothing else, stop here since the clocks have not started         */
 132:Generated_Source\PSoC4/cyfitter_cfg.c ****     /* correctly.                                                           */
 133:Generated_Source\PSoC4/cyfitter_cfg.c ****     while(1) {}
 134:Generated_Source\PSoC4/cyfitter_cfg.c **** #endif /* CY_CFG_CLOCK_STARTUP_ERROR_CALLBACK */ 
 135:Generated_Source\PSoC4/cyfitter_cfg.c **** }
 136:Generated_Source\PSoC4/cyfitter_cfg.c **** #endif
 137:Generated_Source\PSoC4/cyfitter_cfg.c **** 
 138:Generated_Source\PSoC4/cyfitter_cfg.c **** 
 139:Generated_Source\PSoC4/cyfitter_cfg.c **** 
 140:Generated_Source\PSoC4/cyfitter_cfg.c **** /*******************************************************************************
 141:Generated_Source\PSoC4/cyfitter_cfg.c **** * Function Name: ClockSetup
 142:Generated_Source\PSoC4/cyfitter_cfg.c **** ********************************************************************************
 143:Generated_Source\PSoC4/cyfitter_cfg.c **** *
 144:Generated_Source\PSoC4/cyfitter_cfg.c **** * Summary:
 145:Generated_Source\PSoC4/cyfitter_cfg.c **** *   Performs the initialization of all of the clocks in the device based on the
 146:Generated_Source\PSoC4/cyfitter_cfg.c **** *   settings in the Clock tab of the DWR.  This includes enabling the requested
 147:Generated_Source\PSoC4/cyfitter_cfg.c **** *   clocks and setting the necessary dividers to produce the desired frequency. 
ARM GAS  C:\Users\Harsha\AppData\Local\Temp\ccd8Q24W.s 			page 4


 148:Generated_Source\PSoC4/cyfitter_cfg.c **** *
 149:Generated_Source\PSoC4/cyfitter_cfg.c **** * Parameters:
 150:Generated_Source\PSoC4/cyfitter_cfg.c **** *   void
 151:Generated_Source\PSoC4/cyfitter_cfg.c **** *
 152:Generated_Source\PSoC4/cyfitter_cfg.c **** * Return:
 153:Generated_Source\PSoC4/cyfitter_cfg.c **** *   void
 154:Generated_Source\PSoC4/cyfitter_cfg.c **** *
 155:Generated_Source\PSoC4/cyfitter_cfg.c **** *******************************************************************************/
 156:Generated_Source\PSoC4/cyfitter_cfg.c **** static void ClockSetup(void);
 157:Generated_Source\PSoC4/cyfitter_cfg.c **** CY_CFG_SECTION
 158:Generated_Source\PSoC4/cyfitter_cfg.c **** static void ClockSetup(void)
 159:Generated_Source\PSoC4/cyfitter_cfg.c **** {
 160:Generated_Source\PSoC4/cyfitter_cfg.c **** 
 161:Generated_Source\PSoC4/cyfitter_cfg.c **** 	/* Set Flash Cycles based on max possible frequency in case a glitch occurs during ClockSetup(). *
 162:Generated_Source\PSoC4/cyfitter_cfg.c **** 	CY_SET_REG32((void CYXDATA *)(CYREG_CPUSS_FLASH_CTL), (0x0012u));
 163:Generated_Source\PSoC4/cyfitter_cfg.c **** 
 164:Generated_Source\PSoC4/cyfitter_cfg.c **** 	/* Start the WCO */
 165:Generated_Source\PSoC4/cyfitter_cfg.c **** 	CySysClkWcoStart();
 166:Generated_Source\PSoC4/cyfitter_cfg.c **** 	CyDelayCycles(12000000u); /* WCO may take up to 500ms to start */
 167:Generated_Source\PSoC4/cyfitter_cfg.c **** 	(void)CySysClkWcoSetPowerMode(CY_SYS_CLK_WCO_LPM);    /* Switch to the low power mode */
 168:Generated_Source\PSoC4/cyfitter_cfg.c **** 
 169:Generated_Source\PSoC4/cyfitter_cfg.c **** 	/* Setup and trim IMO based on desired frequency. */
 170:Generated_Source\PSoC4/cyfitter_cfg.c **** 	CySysClkWriteImoFreq(48u);
 171:Generated_Source\PSoC4/cyfitter_cfg.c **** 	/* CYDEV_CLK_ILO_CONFIG Starting address: CYDEV_CLK_ILO_CONFIG */
 172:Generated_Source\PSoC4/cyfitter_cfg.c **** 	CY_SET_XTND_REG32((void CYFAR *)(CYREG_CLK_ILO_CONFIG), 0x80000006u);
 173:Generated_Source\PSoC4/cyfitter_cfg.c **** 
 174:Generated_Source\PSoC4/cyfitter_cfg.c **** 	/* CYDEV_WDT_CONFIG Starting address: CYDEV_WDT_CONFIG */
 175:Generated_Source\PSoC4/cyfitter_cfg.c **** 	CY_SET_XTND_REG32((void CYFAR *)(CYREG_WDT_CONFIG), 0x40000000u);
 176:Generated_Source\PSoC4/cyfitter_cfg.c **** 
 177:Generated_Source\PSoC4/cyfitter_cfg.c **** 
 178:Generated_Source\PSoC4/cyfitter_cfg.c **** 	/* Enable fast start mode for XO */
 179:Generated_Source\PSoC4/cyfitter_cfg.c **** 	CY_SET_REG32((void*)CYREG_BLE_BLERD_BB_XO, CY_GET_REG32((void*)CYREG_BLE_BLERD_BB_XO) | (uint32)0x
 180:Generated_Source\PSoC4/cyfitter_cfg.c **** 	CY_SET_XTND_REG32((void CYFAR *)(CYREG_BLE_BLERD_BB_XO_CAPTRIM), 0x00003E2Du);
 181:Generated_Source\PSoC4/cyfitter_cfg.c **** 	/*Set XTAL(ECO) divider*/
 182:Generated_Source\PSoC4/cyfitter_cfg.c **** 	CY_SET_XTND_REG32((void CYFAR *)(CYREG_BLE_BLESS_XTAL_CLK_DIV_CONFIG), 0x00000000u);
 183:Generated_Source\PSoC4/cyfitter_cfg.c **** 	/* Disable Crystal Stable Interrupt before enabling ECO */
 184:Generated_Source\PSoC4/cyfitter_cfg.c **** 	CY_SET_REG32((void*)CYREG_BLE_BLESS_LL_DSM_CTRL, CY_GET_REG32((void*)CYREG_BLE_BLESS_LL_DSM_CTRL) 
 185:Generated_Source\PSoC4/cyfitter_cfg.c **** 	/* Start the ECO and do not check status since it is not needed for HFCLK */
 186:Generated_Source\PSoC4/cyfitter_cfg.c **** 	(void)CySysClkEcoStart(2000u);
 187:Generated_Source\PSoC4/cyfitter_cfg.c **** 	CyDelayUs(1500u); /* Wait to stabalize */
 188:Generated_Source\PSoC4/cyfitter_cfg.c **** 
 189:Generated_Source\PSoC4/cyfitter_cfg.c **** 	/* Setup phase aligned clocks */
 190:Generated_Source\PSoC4/cyfitter_cfg.c **** 	CY_SET_REG32((void *)CYREG_PERI_DIV_16_CTL0, 0x0001A000u);
 191:Generated_Source\PSoC4/cyfitter_cfg.c **** 	CY_SET_REG32((void *)CYREG_PERI_DIV_CMD, 0x8000FF40u);
 192:Generated_Source\PSoC4/cyfitter_cfg.c **** 
 193:Generated_Source\PSoC4/cyfitter_cfg.c **** 	/* CYDEV_CLK_IMO_CONFIG Starting address: CYDEV_CLK_IMO_CONFIG */
 194:Generated_Source\PSoC4/cyfitter_cfg.c **** 	CY_SET_XTND_REG32((void CYFAR *)(CYREG_CLK_IMO_CONFIG), 0x80000000u);
 195:Generated_Source\PSoC4/cyfitter_cfg.c **** 
 196:Generated_Source\PSoC4/cyfitter_cfg.c **** 	/* CYDEV_CLK_SELECT Starting address: CYDEV_CLK_SELECT */
 197:Generated_Source\PSoC4/cyfitter_cfg.c **** 	CY_SET_XTND_REG32((void CYFAR *)(CYREG_CLK_SELECT), 0x00040000u);
 198:Generated_Source\PSoC4/cyfitter_cfg.c **** 
 199:Generated_Source\PSoC4/cyfitter_cfg.c **** 	/* CYDEV_PERI_PCLK_CTL1 Starting address: CYDEV_PERI_PCLK_CTL1 */
 200:Generated_Source\PSoC4/cyfitter_cfg.c **** 	CY_SET_XTND_REG32((void CYFAR *)(CYREG_PERI_PCLK_CTL1), 0x00000040u);
 201:Generated_Source\PSoC4/cyfitter_cfg.c **** 
 202:Generated_Source\PSoC4/cyfitter_cfg.c **** 	(void)CyIntSetVector(8u, &CySysWdtIsr);
 203:Generated_Source\PSoC4/cyfitter_cfg.c **** 	CyIntEnable(8u);
 204:Generated_Source\PSoC4/cyfitter_cfg.c **** 	CY_SET_XTND_REG32((void CYFAR *)(CYREG_WDT_CONFIG), 0x40000000u);
ARM GAS  C:\Users\Harsha\AppData\Local\Temp\ccd8Q24W.s 			page 5


 205:Generated_Source\PSoC4/cyfitter_cfg.c **** }
 206:Generated_Source\PSoC4/cyfitter_cfg.c **** 
 207:Generated_Source\PSoC4/cyfitter_cfg.c **** 
 208:Generated_Source\PSoC4/cyfitter_cfg.c **** /* Analog API Functions */
 209:Generated_Source\PSoC4/cyfitter_cfg.c **** 
 210:Generated_Source\PSoC4/cyfitter_cfg.c **** 
 211:Generated_Source\PSoC4/cyfitter_cfg.c **** /*******************************************************************************
 212:Generated_Source\PSoC4/cyfitter_cfg.c **** * Function Name: AnalogSetDefault
 213:Generated_Source\PSoC4/cyfitter_cfg.c **** ********************************************************************************
 214:Generated_Source\PSoC4/cyfitter_cfg.c **** *
 215:Generated_Source\PSoC4/cyfitter_cfg.c **** * Summary:
 216:Generated_Source\PSoC4/cyfitter_cfg.c **** *  Sets up the analog portions of the chip to default values based on chip
 217:Generated_Source\PSoC4/cyfitter_cfg.c **** *  configuration options from the project.
 218:Generated_Source\PSoC4/cyfitter_cfg.c **** *
 219:Generated_Source\PSoC4/cyfitter_cfg.c **** * Parameters:
 220:Generated_Source\PSoC4/cyfitter_cfg.c **** *  void
 221:Generated_Source\PSoC4/cyfitter_cfg.c **** *
 222:Generated_Source\PSoC4/cyfitter_cfg.c **** * Return:
 223:Generated_Source\PSoC4/cyfitter_cfg.c **** *  void
 224:Generated_Source\PSoC4/cyfitter_cfg.c **** *
 225:Generated_Source\PSoC4/cyfitter_cfg.c **** *******************************************************************************/
 226:Generated_Source\PSoC4/cyfitter_cfg.c **** static void AnalogSetDefault(void);
 227:Generated_Source\PSoC4/cyfitter_cfg.c **** static void AnalogSetDefault(void)
 228:Generated_Source\PSoC4/cyfitter_cfg.c **** {
  25              		.loc 1 228 0
  26              		.cfi_startproc
 229:Generated_Source\PSoC4/cyfitter_cfg.c **** 	CY_SET_XTND_REG32((void CYFAR *)CYREG_CTBM0_DFT_CTRL, 0x00000003u);
  27              		.loc 1 229 0
  28 0000 0323     		mov	r3, #3
  29 0002 044A     		ldr	r2, .L2
  30 0004 1360     		str	r3, [r2]
 230:Generated_Source\PSoC4/cyfitter_cfg.c **** 	CY_SET_XTND_REG32((void CYFAR *)CYREG_CTBM1_DFT_CTRL, 0x00000003u);
  31              		.loc 1 230 0
  32 0006 044A     		ldr	r2, .L2+4
  33 0008 1360     		str	r3, [r2]
 231:Generated_Source\PSoC4/cyfitter_cfg.c **** 	CY_SET_XTND_REG32((void CYFAR *)CYREG_PASS_DSAB_DSAB_CTRL, 0x00000000u);
  34              		.loc 1 231 0
  35 000a 0022     		mov	r2, #0
  36 000c 034B     		ldr	r3, .L2+8
  37 000e 1A60     		str	r2, [r3]
 232:Generated_Source\PSoC4/cyfitter_cfg.c **** }
  38              		.loc 1 232 0
  39              		@ sp needed
  40 0010 7047     		bx	lr
  41              	.L3:
  42 0012 C046     		.align	2
  43              	.L2:
  44 0014 30003040 		.word	1076887600
  45 0018 30003140 		.word	1076953136
  46 001c 000E3F40 		.word	1077874176
  47              		.cfi_endproc
  48              	.LFE6:
  49              		.size	AnalogSetDefault, .-AnalogSetDefault
  50              		.section	.text.CYMEMZERO,"ax",%progbits
  51              		.align	2
  52              		.code	16
  53              		.thumb_func
ARM GAS  C:\Users\Harsha\AppData\Local\Temp\ccd8Q24W.s 			page 6


  54              		.type	CYMEMZERO, %function
  55              	CYMEMZERO:
  56              	.LFB2:
  63:Generated_Source\PSoC4/cyfitter_cfg.c **** 	(void)memset(s, 0, n);
  57              		.loc 1 63 0
  58              		.cfi_startproc
  59              	.LVL0:
  60 0000 08B5     		push	{r3, lr}
  61              		.cfi_def_cfa_offset 8
  62              		.cfi_offset 3, -8
  63              		.cfi_offset 14, -4
  64 0002 0A1C     		mov	r2, r1
  64:Generated_Source\PSoC4/cyfitter_cfg.c **** }
  65              		.loc 1 64 0
  66 0004 0021     		mov	r1, #0
  67              	.LVL1:
  68 0006 FFF7FEFF 		bl	memset
  69              	.LVL2:
  65:Generated_Source\PSoC4/cyfitter_cfg.c **** CY_CFG_UNUSED
  70              		.loc 1 65 0
  71              		@ sp needed
  72 000a 08BD     		pop	{r3, pc}
  73              		.cfi_endproc
  74              	.LFE2:
  75              		.size	CYMEMZERO, .-CYMEMZERO
  76              		.section	.psocinit,"ax",%progbits
  77              		.align	2
  78              		.code	16
  79              		.thumb_func
  80              		.type	ClockSetup, %function
  81              	ClockSetup:
  82              	.LFB5:
 159:Generated_Source\PSoC4/cyfitter_cfg.c **** 
  83              		.loc 1 159 0
  84              		.cfi_startproc
  85 0000 38B5     		push	{r3, r4, r5, lr}
  86              		.cfi_def_cfa_offset 16
  87              		.cfi_offset 3, -16
  88              		.cfi_offset 4, -12
  89              		.cfi_offset 5, -8
  90              		.cfi_offset 14, -4
 162:Generated_Source\PSoC4/cyfitter_cfg.c **** 
  91              		.loc 1 162 0
  92 0002 1222     		mov	r2, #18
  93 0004 224B     		ldr	r3, .L6
  94 0006 1A60     		str	r2, [r3]
 165:Generated_Source\PSoC4/cyfitter_cfg.c **** 	CyDelayCycles(12000000u); /* WCO may take up to 500ms to start */
  95              		.loc 1 165 0
  96 0008 FFF7FEFF 		bl	CySysClkWcoStart
  97              	.LVL3:
 166:Generated_Source\PSoC4/cyfitter_cfg.c **** 	(void)CySysClkWcoSetPowerMode(CY_SYS_CLK_WCO_LPM);    /* Switch to the low power mode */
  98              		.loc 1 166 0
  99 000c 2148     		ldr	r0, .L6+4
 100 000e FFF7FEFF 		bl	CyDelayCycles
 101              	.LVL4:
 167:Generated_Source\PSoC4/cyfitter_cfg.c **** 
 102              		.loc 1 167 0
ARM GAS  C:\Users\Harsha\AppData\Local\Temp\ccd8Q24W.s 			page 7


 103 0012 0120     		mov	r0, #1
 104 0014 FFF7FEFF 		bl	CySysClkWcoSetPowerMode
 105              	.LVL5:
 170:Generated_Source\PSoC4/cyfitter_cfg.c **** 	/* CYDEV_CLK_ILO_CONFIG Starting address: CYDEV_CLK_ILO_CONFIG */
 106              		.loc 1 170 0
 107 0018 3020     		mov	r0, #48
 108 001a FFF7FEFF 		bl	CySysClkWriteImoFreq
 109              	.LVL6:
 172:Generated_Source\PSoC4/cyfitter_cfg.c **** 
 110              		.loc 1 172 0
 111 001e 1E4A     		ldr	r2, .L6+8
 112 0020 1E4B     		ldr	r3, .L6+12
 113 0022 1A60     		str	r2, [r3]
 175:Generated_Source\PSoC4/cyfitter_cfg.c **** 
 114              		.loc 1 175 0
 115 0024 1E4C     		ldr	r4, .L6+16
 116 0026 8025     		mov	r5, #128
 117 0028 ED05     		lsl	r5, r5, #23
 118 002a 2560     		str	r5, [r4]
 179:Generated_Source\PSoC4/cyfitter_cfg.c **** 	CY_SET_XTND_REG32((void CYFAR *)(CYREG_BLE_BLERD_BB_XO_CAPTRIM), 0x00003E2Du);
 119              		.loc 1 179 0
 120 002c 1D4A     		ldr	r2, .L6+20
 121 002e 1168     		ldr	r1, [r2]
 122 0030 0223     		mov	r3, #2
 123 0032 0B43     		orr	r3, r1
 124 0034 1360     		str	r3, [r2]
 180:Generated_Source\PSoC4/cyfitter_cfg.c **** 	/*Set XTAL(ECO) divider*/
 125              		.loc 1 180 0
 126 0036 1C4A     		ldr	r2, .L6+24
 127 0038 1C4B     		ldr	r3, .L6+28
 128 003a 1A60     		str	r2, [r3]
 182:Generated_Source\PSoC4/cyfitter_cfg.c **** 	/* Disable Crystal Stable Interrupt before enabling ECO */
 129              		.loc 1 182 0
 130 003c 0022     		mov	r2, #0
 131 003e 1C4B     		ldr	r3, .L6+32
 132 0040 1A60     		str	r2, [r3]
 184:Generated_Source\PSoC4/cyfitter_cfg.c **** 	/* Start the ECO and do not check status since it is not needed for HFCLK */
 133              		.loc 1 184 0
 134 0042 1C4A     		ldr	r2, .L6+36
 135 0044 1368     		ldr	r3, [r2]
 136 0046 0821     		mov	r1, #8
 137 0048 8B43     		bic	r3, r1
 138 004a 1360     		str	r3, [r2]
 186:Generated_Source\PSoC4/cyfitter_cfg.c **** 	CyDelayUs(1500u); /* Wait to stabalize */
 139              		.loc 1 186 0
 140 004c FA20     		mov	r0, #250
 141 004e C000     		lsl	r0, r0, #3
 142 0050 FFF7FEFF 		bl	CySysClkEcoStart
 143              	.LVL7:
 187:Generated_Source\PSoC4/cyfitter_cfg.c **** 
 144              		.loc 1 187 0
 145 0054 1848     		ldr	r0, .L6+40
 146 0056 FFF7FEFF 		bl	CyDelayUs
 147              	.LVL8:
 190:Generated_Source\PSoC4/cyfitter_cfg.c **** 	CY_SET_REG32((void *)CYREG_PERI_DIV_CMD, 0x8000FF40u);
 148              		.loc 1 190 0
 149 005a D022     		mov	r2, #208
ARM GAS  C:\Users\Harsha\AppData\Local\Temp\ccd8Q24W.s 			page 8


 150 005c 5202     		lsl	r2, r2, #9
 151 005e 174B     		ldr	r3, .L6+44
 152 0060 1A60     		str	r2, [r3]
 191:Generated_Source\PSoC4/cyfitter_cfg.c **** 
 153              		.loc 1 191 0
 154 0062 174A     		ldr	r2, .L6+48
 155 0064 174B     		ldr	r3, .L6+52
 156 0066 1A60     		str	r2, [r3]
 194:Generated_Source\PSoC4/cyfitter_cfg.c **** 
 157              		.loc 1 194 0
 158 0068 8022     		mov	r2, #128
 159 006a 1206     		lsl	r2, r2, #24
 160 006c 164B     		ldr	r3, .L6+56
 161 006e 1A60     		str	r2, [r3]
 197:Generated_Source\PSoC4/cyfitter_cfg.c **** 
 162              		.loc 1 197 0
 163 0070 8022     		mov	r2, #128
 164 0072 D202     		lsl	r2, r2, #11
 165 0074 154B     		ldr	r3, .L6+60
 166 0076 1A60     		str	r2, [r3]
 200:Generated_Source\PSoC4/cyfitter_cfg.c **** 
 167              		.loc 1 200 0
 168 0078 4022     		mov	r2, #64
 169 007a 154B     		ldr	r3, .L6+64
 170 007c 1A60     		str	r2, [r3]
 202:Generated_Source\PSoC4/cyfitter_cfg.c **** 	CyIntEnable(8u);
 171              		.loc 1 202 0
 172 007e 0820     		mov	r0, #8
 173 0080 1449     		ldr	r1, .L6+68
 174 0082 FFF7FEFF 		bl	CyIntSetVector
 175              	.LVL9:
 203:Generated_Source\PSoC4/cyfitter_cfg.c **** 	CY_SET_XTND_REG32((void CYFAR *)(CYREG_WDT_CONFIG), 0x40000000u);
 176              		.loc 1 203 0
 177 0086 0820     		mov	r0, #8
 178 0088 FFF7FEFF 		bl	CyIntEnable
 179              	.LVL10:
 204:Generated_Source\PSoC4/cyfitter_cfg.c **** }
 180              		.loc 1 204 0
 181 008c 2560     		str	r5, [r4]
 205:Generated_Source\PSoC4/cyfitter_cfg.c **** 
 182              		.loc 1 205 0
 183              		@ sp needed
 184 008e 38BD     		pop	{r3, r4, r5, pc}
 185              	.L7:
 186              		.align	2
 187              	.L6:
 188 0090 30001040 		.word	1074790448
 189 0094 001BB700 		.word	12000000
 190 0098 06000080 		.word	-2147483642
 191 009c 04010B40 		.word	1074462980
 192 00a0 0C020B40 		.word	1074463244
 193 00a4 78002E40 		.word	1076756600
 194 00a8 2D3E0000 		.word	15917
 195 00ac 7C002E40 		.word	1076756604
 196 00b0 64F02E40 		.word	1076818020
 197 00b4 6CF02E40 		.word	1076818028
 198 00b8 DC050000 		.word	1500
ARM GAS  C:\Users\Harsha\AppData\Local\Temp\ccd8Q24W.s 			page 9


 199 00bc 00030140 		.word	1073808128
 200 00c0 40FF0080 		.word	-2147418304
 201 00c4 00000140 		.word	1073807360
 202 00c8 08010B40 		.word	1074462984
 203 00cc 00010B40 		.word	1074462976
 204 00d0 04010140 		.word	1073807620
 205 00d4 00000000 		.word	CySysWdtIsr
 206              		.cfi_endproc
 207              	.LFE5:
 208              		.size	ClockSetup, .-ClockSetup
 209              		.align	2
 210              		.global	cyfitter_cfg
 211              		.code	16
 212              		.thumb_func
 213              		.type	cyfitter_cfg, %function
 214              	cyfitter_cfg:
 215              	.LFB7:
 233:Generated_Source\PSoC4/cyfitter_cfg.c **** 
 234:Generated_Source\PSoC4/cyfitter_cfg.c **** #define CY_AMUX_UNUSED CYREG_CM0_ROM_DWT
 235:Generated_Source\PSoC4/cyfitter_cfg.c **** 
 236:Generated_Source\PSoC4/cyfitter_cfg.c **** 
 237:Generated_Source\PSoC4/cyfitter_cfg.c **** /*******************************************************************************
 238:Generated_Source\PSoC4/cyfitter_cfg.c **** * Function Name: cyfitter_cfg
 239:Generated_Source\PSoC4/cyfitter_cfg.c **** ********************************************************************************
 240:Generated_Source\PSoC4/cyfitter_cfg.c **** * Summary:
 241:Generated_Source\PSoC4/cyfitter_cfg.c **** *  This function is called by the start-up code for the selected device. It
 242:Generated_Source\PSoC4/cyfitter_cfg.c **** *  performs all of the necessary device configuration based on the design
 243:Generated_Source\PSoC4/cyfitter_cfg.c **** *  settings.  This includes settings from the Design Wide Resources (DWR) such
 244:Generated_Source\PSoC4/cyfitter_cfg.c **** *  as Clocks and Pins as well as any component configuration that is necessary.
 245:Generated_Source\PSoC4/cyfitter_cfg.c **** *
 246:Generated_Source\PSoC4/cyfitter_cfg.c **** * Parameters:  
 247:Generated_Source\PSoC4/cyfitter_cfg.c **** *   void
 248:Generated_Source\PSoC4/cyfitter_cfg.c **** *
 249:Generated_Source\PSoC4/cyfitter_cfg.c **** * Return:
 250:Generated_Source\PSoC4/cyfitter_cfg.c **** *   void
 251:Generated_Source\PSoC4/cyfitter_cfg.c **** *
 252:Generated_Source\PSoC4/cyfitter_cfg.c **** *******************************************************************************/
 253:Generated_Source\PSoC4/cyfitter_cfg.c **** CY_CFG_SECTION
 254:Generated_Source\PSoC4/cyfitter_cfg.c **** void cyfitter_cfg(void)
 255:Generated_Source\PSoC4/cyfitter_cfg.c **** {
 216              		.loc 1 255 0
 217              		.cfi_startproc
 218 00d8 10B5     		push	{r4, lr}
 219              		.cfi_def_cfa_offset 8
 220              		.cfi_offset 4, -8
 221              		.cfi_offset 14, -4
 256:Generated_Source\PSoC4/cyfitter_cfg.c **** 	/* Disable interrupts by default. Let user enable if/when they want. */
 257:Generated_Source\PSoC4/cyfitter_cfg.c **** 	CyGlobalIntDisable;
 222              		.loc 1 257 0
 223              	@ 257 "Generated_Source\PSoC4\cyfitter_cfg.c" 1
 224 00da 72B6     		CPSID   i
 225              	@ 0 "" 2
 258:Generated_Source\PSoC4/cyfitter_cfg.c **** 
 259:Generated_Source\PSoC4/cyfitter_cfg.c **** 	CY_SET_XTND_REG32((void CYFAR *)(CYREG_BLE_BLESS_LL_DSM_CTRL), 0x00000000u);
 226              		.loc 1 259 0
 227              		.code	16
 228 00dc 0022     		mov	r2, #0
ARM GAS  C:\Users\Harsha\AppData\Local\Temp\ccd8Q24W.s 			page 10


 229 00de 264B     		ldr	r3, .L11
 230 00e0 1A60     		str	r2, [r3]
 231              	.LVL11:
 232              	.LBB2:
 260:Generated_Source\PSoC4/cyfitter_cfg.c **** 
 261:Generated_Source\PSoC4/cyfitter_cfg.c **** 	{
 262:Generated_Source\PSoC4/cyfitter_cfg.c **** 
 263:Generated_Source\PSoC4/cyfitter_cfg.c **** 		CYPACKED typedef struct {
 264:Generated_Source\PSoC4/cyfitter_cfg.c **** 			void CYFAR *address;
 265:Generated_Source\PSoC4/cyfitter_cfg.c **** 			uint16 size;
 266:Generated_Source\PSoC4/cyfitter_cfg.c **** 		} CYPACKED_ATTR cfg_memset_t;
 267:Generated_Source\PSoC4/cyfitter_cfg.c **** 
 268:Generated_Source\PSoC4/cyfitter_cfg.c **** 		static const cfg_memset_t CYCODE cfg_memset_list [] = {
 269:Generated_Source\PSoC4/cyfitter_cfg.c **** 			/* address, size */
 270:Generated_Source\PSoC4/cyfitter_cfg.c **** 			{(void CYFAR *)(CYDEV_UDB_P0_U0_BASE), 1024u},
 271:Generated_Source\PSoC4/cyfitter_cfg.c **** 			{(void CYFAR *)(CYDEV_UDB_DSI0_BASE), 1024u},
 272:Generated_Source\PSoC4/cyfitter_cfg.c **** 		};
 273:Generated_Source\PSoC4/cyfitter_cfg.c **** 
 274:Generated_Source\PSoC4/cyfitter_cfg.c **** 		uint8 CYDATA i;
 275:Generated_Source\PSoC4/cyfitter_cfg.c **** 
 276:Generated_Source\PSoC4/cyfitter_cfg.c **** 		/* Zero out critical memory blocks before beginning configuration */
 277:Generated_Source\PSoC4/cyfitter_cfg.c **** 		for (i = 0u; i < (sizeof(cfg_memset_list)/sizeof(cfg_memset_list[0])); i++)
 233              		.loc 1 277 0
 234 00e2 0024     		mov	r4, #0
 235 00e4 10E0     		b	.L9
 236              	.LVL12:
 237              	.L10:
 238              	.LBB3:
 278:Generated_Source\PSoC4/cyfitter_cfg.c **** 		{
 279:Generated_Source\PSoC4/cyfitter_cfg.c **** 			const cfg_memset_t CYCODE * CYDATA ms = &cfg_memset_list[i];
 280:Generated_Source\PSoC4/cyfitter_cfg.c **** 			CYMEMZERO(ms->address, (size_t)(uint32)(ms->size));
 239              		.loc 1 280 0 discriminator 3
 240 00e6 2548     		ldr	r0, .L11+4
 241 00e8 6300     		lsl	r3, r4, #1
 242 00ea 1A19     		add	r2, r3, r4
 243 00ec 5200     		lsl	r2, r2, #1
 244 00ee 8218     		add	r2, r0, r2
 245 00f0 9188     		ldrh	r1, [r2, #4]
 246 00f2 1B19     		add	r3, r3, r4
 247 00f4 5B00     		lsl	r3, r3, #1
 248 00f6 1A5A     		ldrh	r2, [r3, r0]
 249 00f8 C318     		add	r3, r0, r3
 250 00fa 5888     		ldrh	r0, [r3, #2]
 251 00fc 0004     		lsl	r0, r0, #16
 252 00fe 1043     		orr	r0, r2
 253 0100 FFF7FEFF 		bl	CYMEMZERO
 254              	.LVL13:
 255              	.LBE3:
 277:Generated_Source\PSoC4/cyfitter_cfg.c **** 		{
 256              		.loc 1 277 0 discriminator 3
 257 0104 0134     		add	r4, r4, #1
 258              	.LVL14:
 259 0106 E4B2     		uxtb	r4, r4
 260              	.LVL15:
 261              	.L9:
 277:Generated_Source\PSoC4/cyfitter_cfg.c **** 		{
 262              		.loc 1 277 0 is_stmt 0 discriminator 1
ARM GAS  C:\Users\Harsha\AppData\Local\Temp\ccd8Q24W.s 			page 11


 263 0108 012C     		cmp	r4, #1
 264 010a ECD9     		bls	.L10
 281:Generated_Source\PSoC4/cyfitter_cfg.c **** 		}
 282:Generated_Source\PSoC4/cyfitter_cfg.c **** 
 283:Generated_Source\PSoC4/cyfitter_cfg.c **** 		/* HSIOM Starting address: CYDEV_HSIOM_BASE */
 284:Generated_Source\PSoC4/cyfitter_cfg.c **** 		CY_SET_XTND_REG32((void CYFAR *)(CYDEV_HSIOM_BASE), 0xEE990000u);
 265              		.loc 1 284 0 is_stmt 1
 266 010c 1C4A     		ldr	r2, .L11+8
 267 010e 1D4B     		ldr	r3, .L11+12
 268 0110 1A60     		str	r2, [r3]
 285:Generated_Source\PSoC4/cyfitter_cfg.c **** 
 286:Generated_Source\PSoC4/cyfitter_cfg.c **** 		/* UDB_PA_0 Starting address: CYDEV_UDB_PA0_BASE */
 287:Generated_Source\PSoC4/cyfitter_cfg.c **** 		CY_SET_XTND_REG32((void CYFAR *)(CYDEV_UDB_PA0_BASE), 0x00990000u);
 269              		.loc 1 287 0
 270 0112 9923     		mov	r3, #153
 271 0114 1B04     		lsl	r3, r3, #16
 272 0116 1C4A     		ldr	r2, .L11+16
 273 0118 1360     		str	r3, [r2]
 288:Generated_Source\PSoC4/cyfitter_cfg.c **** 
 289:Generated_Source\PSoC4/cyfitter_cfg.c **** 		/* UDB_PA_2 Starting address: CYDEV_UDB_PA2_BASE */
 290:Generated_Source\PSoC4/cyfitter_cfg.c **** 		CY_SET_XTND_REG32((void CYFAR *)(CYDEV_UDB_PA2_BASE), 0x00990000u);
 274              		.loc 1 290 0
 275 011a 1C4A     		ldr	r2, .L11+20
 276 011c 1360     		str	r3, [r2]
 291:Generated_Source\PSoC4/cyfitter_cfg.c **** 
 292:Generated_Source\PSoC4/cyfitter_cfg.c **** 		/* UDB_PA_3 Starting address: CYDEV_UDB_PA3_BASE */
 293:Generated_Source\PSoC4/cyfitter_cfg.c **** 		CY_SET_XTND_REG32((void CYFAR *)(CYDEV_UDB_PA3_BASE), 0x00990000u);
 277              		.loc 1 293 0
 278 011e 1C4A     		ldr	r2, .L11+24
 279 0120 1360     		str	r3, [r2]
 294:Generated_Source\PSoC4/cyfitter_cfg.c **** 
 295:Generated_Source\PSoC4/cyfitter_cfg.c **** 		/* Enable digital routing */
 296:Generated_Source\PSoC4/cyfitter_cfg.c **** 		CY_SET_XTND_REG8((void *)CYREG_UDB_UDBIF_BANK_CTL, CY_GET_XTND_REG8((void *)CYREG_UDB_UDBIF_BANK_
 280              		.loc 1 296 0
 281 0122 1C4B     		ldr	r3, .L11+28
 282 0124 1978     		ldrb	r1, [r3]
 283 0126 0222     		mov	r2, #2
 284 0128 0A43     		orr	r2, r1
 285 012a 1A70     		strb	r2, [r3]
 297:Generated_Source\PSoC4/cyfitter_cfg.c **** 
 298:Generated_Source\PSoC4/cyfitter_cfg.c **** 		/* Enable UDB array */
 299:Generated_Source\PSoC4/cyfitter_cfg.c **** 		CY_SET_XTND_REG8((void *)CYREG_UDB_UDBIF_WAIT_CFG, (uint8)((CY_GET_XTND_REG8((void *)CYREG_UDB_UD
 286              		.loc 1 299 0
 287 012c 1A48     		ldr	r0, .L11+32
 288 012e 0278     		ldrb	r2, [r0]
 289 0130 3C21     		mov	r1, #60
 290 0132 8A43     		bic	r2, r1
 291 0134 2839     		sub	r1, r1, #40
 292 0136 0A43     		orr	r2, r1
 293 0138 0270     		strb	r2, [r0]
 300:Generated_Source\PSoC4/cyfitter_cfg.c **** 		CY_SET_XTND_REG8((void *)CYREG_UDB_UDBIF_BANK_CTL, (uint8)(CY_GET_XTND_REG8((void *)CYREG_UDB_UDB
 294              		.loc 1 300 0
 295 013a 1978     		ldrb	r1, [r3]
 296 013c 1622     		mov	r2, #22
 297 013e 0A43     		orr	r2, r1
 298 0140 1A70     		strb	r2, [r3]
 299              	.LBE2:
ARM GAS  C:\Users\Harsha\AppData\Local\Temp\ccd8Q24W.s 			page 12


 301:Generated_Source\PSoC4/cyfitter_cfg.c **** 	}
 302:Generated_Source\PSoC4/cyfitter_cfg.c **** 
 303:Generated_Source\PSoC4/cyfitter_cfg.c **** 	/* Perform second pass device configuration. These items must be configured in specific order afte
 304:Generated_Source\PSoC4/cyfitter_cfg.c **** 	/* IOPINS0_0 Starting address: CYDEV_GPIO_PRT0_BASE */
 305:Generated_Source\PSoC4/cyfitter_cfg.c **** 	CY_SET_XTND_REG32((void CYFAR *)(CYDEV_GPIO_PRT0_BASE), 0x00000020u);
 300              		.loc 1 305 0
 301 0142 2023     		mov	r3, #32
 302 0144 154A     		ldr	r2, .L11+36
 303 0146 1360     		str	r3, [r2]
 306:Generated_Source\PSoC4/cyfitter_cfg.c **** 	CY_SET_XTND_REG32((void CYFAR *)(CYREG_GPIO_PRT0_PC), 0x00DB1000u);
 304              		.loc 1 306 0
 305 0148 1549     		ldr	r1, .L11+40
 306 014a 164A     		ldr	r2, .L11+44
 307 014c 1160     		str	r1, [r2]
 307:Generated_Source\PSoC4/cyfitter_cfg.c **** 	CY_SET_XTND_REG32((void CYFAR *)(CYREG_GPIO_PRT0_PC2), 0x00000020u);
 308              		.loc 1 307 0
 309 014e 164A     		ldr	r2, .L11+48
 310 0150 1360     		str	r3, [r2]
 308:Generated_Source\PSoC4/cyfitter_cfg.c **** 
 309:Generated_Source\PSoC4/cyfitter_cfg.c **** 	/* IOPINS0_2 Starting address: CYDEV_GPIO_PRT2_BASE */
 310:Generated_Source\PSoC4/cyfitter_cfg.c **** 	CY_SET_XTND_REG32((void CYFAR *)(CYDEV_GPIO_PRT2_BASE), 0x000000C0u);
 311              		.loc 1 310 0
 312 0152 A033     		add	r3, r3, #160
 313 0154 154A     		ldr	r2, .L11+52
 314 0156 1360     		str	r3, [r2]
 311:Generated_Source\PSoC4/cyfitter_cfg.c **** 	CY_SET_XTND_REG32((void CYFAR *)(CYREG_GPIO_PRT2_PC), 0x00580000u);
 315              		.loc 1 311 0
 316 0158 B021     		mov	r1, #176
 317 015a C903     		lsl	r1, r1, #15
 318 015c 144A     		ldr	r2, .L11+56
 319 015e 1160     		str	r1, [r2]
 312:Generated_Source\PSoC4/cyfitter_cfg.c **** 
 313:Generated_Source\PSoC4/cyfitter_cfg.c **** 	/* IOPINS0_3 Starting address: CYDEV_GPIO_PRT3_BASE */
 314:Generated_Source\PSoC4/cyfitter_cfg.c **** 	CY_SET_XTND_REG32((void CYFAR *)(CYDEV_GPIO_PRT3_BASE), 0x000000C0u);
 320              		.loc 1 314 0
 321 0160 144A     		ldr	r2, .L11+60
 322 0162 1360     		str	r3, [r2]
 315:Generated_Source\PSoC4/cyfitter_cfg.c **** 	CY_SET_XTND_REG32((void CYFAR *)(CYREG_GPIO_PRT3_PC), 0x00D80000u);
 323              		.loc 1 315 0
 324 0164 D822     		mov	r2, #216
 325 0166 1204     		lsl	r2, r2, #16
 326 0168 134B     		ldr	r3, .L11+64
 327 016a 1A60     		str	r2, [r3]
 316:Generated_Source\PSoC4/cyfitter_cfg.c **** 
 317:Generated_Source\PSoC4/cyfitter_cfg.c **** 
 318:Generated_Source\PSoC4/cyfitter_cfg.c **** 	/* Setup clocks based on selections from Clock DWR */
 319:Generated_Source\PSoC4/cyfitter_cfg.c **** 	ClockSetup();
 328              		.loc 1 319 0
 329 016c FFF748FF 		bl	ClockSetup
 330              	.LVL16:
 320:Generated_Source\PSoC4/cyfitter_cfg.c **** 
 321:Generated_Source\PSoC4/cyfitter_cfg.c **** 	/* Perform basic analog initialization to defaults */
 322:Generated_Source\PSoC4/cyfitter_cfg.c **** 	AnalogSetDefault();
 331              		.loc 1 322 0
 332 0170 FFF7FEFF 		bl	AnalogSetDefault
 333              	.LVL17:
 323:Generated_Source\PSoC4/cyfitter_cfg.c **** 
ARM GAS  C:\Users\Harsha\AppData\Local\Temp\ccd8Q24W.s 			page 13


 324:Generated_Source\PSoC4/cyfitter_cfg.c **** }
 334              		.loc 1 324 0
 335              		@ sp needed
 336              	.LVL18:
 337 0174 10BD     		pop	{r4, pc}
 338              	.L12:
 339 0176 C046     		.align	2
 340              	.L11:
 341 0178 6CF02E40 		.word	1076818028
 342 017c 00000000 		.word	.LANCHOR0
 343 0180 000099EE 		.word	-291962880
 344 0184 00000240 		.word	1073872896
 345 0188 00500F40 		.word	1074745344
 346 018c 20500F40 		.word	1074745376
 347 0190 30500F40 		.word	1074745392
 348 0194 00700F40 		.word	1074753536
 349 0198 01700F40 		.word	1074753537
 350 019c 00000440 		.word	1074003968
 351 01a0 0010DB00 		.word	14356480
 352 01a4 08000440 		.word	1074003976
 353 01a8 18000440 		.word	1074003992
 354 01ac 00020440 		.word	1074004480
 355 01b0 08020440 		.word	1074004488
 356 01b4 00030440 		.word	1074004736
 357 01b8 08030440 		.word	1074004744
 358              		.cfi_endproc
 359              	.LFE7:
 360              		.size	cyfitter_cfg, .-cyfitter_cfg
 361              		.section	.rodata
 362              		.align	2
 363              		.set	.LANCHOR0,. + 0
 364              		.type	cfg_memset_list.4742, %object
 365              		.size	cfg_memset_list.4742, 12
 366              	cfg_memset_list.4742:
 367 0000 00300F40 		.word	1074737152
 368 0004 0004     		.short	1024
 369 0006 00400F40 		.4byte	1074741248
 370 000a 0004     		.short	1024
 371              		.text
 372              	.Letext0:
 373              		.file 2 "c:\\program files (x86)\\cypress\\psoc creator\\4.0\\psoc creator\\import\\gnu\\arm\\4.9.
 374              		.file 3 "Generated_Source\\PSoC4\\cytypes.h"
 375              		.file 4 "Generated_Source\\PSoC4\\CyLib.h"
 376              		.file 5 "Generated_Source\\PSoC4\\CyLFClk.h"
 377              		.section	.debug_info,"",%progbits
 378              	.Ldebug_info0:
 379 0000 6A030000 		.4byte	0x36a
 380 0004 0400     		.2byte	0x4
 381 0006 00000000 		.4byte	.Ldebug_abbrev0
 382 000a 04       		.byte	0x4
 383 000b 01       		.uleb128 0x1
 384 000c 8D010000 		.4byte	.LASF34
 385 0010 01       		.byte	0x1
 386 0011 BE020000 		.4byte	.LASF35
 387 0015 3A020000 		.4byte	.LASF36
 388 0019 00000000 		.4byte	.Ldebug_ranges0+0
 389 001d 00000000 		.4byte	0
ARM GAS  C:\Users\Harsha\AppData\Local\Temp\ccd8Q24W.s 			page 14


 390 0021 00000000 		.4byte	.Ldebug_line0
 391 0025 02       		.uleb128 0x2
 392 0026 04       		.byte	0x4
 393 0027 05       		.byte	0x5
 394 0028 696E7400 		.ascii	"int\000"
 395 002c 03       		.uleb128 0x3
 396 002d 14000000 		.4byte	.LASF11
 397 0031 02       		.byte	0x2
 398 0032 D4       		.byte	0xd4
 399 0033 37000000 		.4byte	0x37
 400 0037 04       		.uleb128 0x4
 401 0038 04       		.byte	0x4
 402 0039 07       		.byte	0x7
 403 003a 03010000 		.4byte	.LASF0
 404 003e 04       		.uleb128 0x4
 405 003f 01       		.byte	0x1
 406 0040 06       		.byte	0x6
 407 0041 B2020000 		.4byte	.LASF1
 408 0045 04       		.uleb128 0x4
 409 0046 01       		.byte	0x1
 410 0047 08       		.byte	0x8
 411 0048 C4000000 		.4byte	.LASF2
 412 004c 04       		.uleb128 0x4
 413 004d 02       		.byte	0x2
 414 004e 05       		.byte	0x5
 415 004f 1B020000 		.4byte	.LASF3
 416 0053 04       		.uleb128 0x4
 417 0054 02       		.byte	0x2
 418 0055 07       		.byte	0x7
 419 0056 56000000 		.4byte	.LASF4
 420 005a 04       		.uleb128 0x4
 421 005b 04       		.byte	0x4
 422 005c 05       		.byte	0x5
 423 005d A9020000 		.4byte	.LASF5
 424 0061 04       		.uleb128 0x4
 425 0062 04       		.byte	0x4
 426 0063 07       		.byte	0x7
 427 0064 91000000 		.4byte	.LASF6
 428 0068 04       		.uleb128 0x4
 429 0069 08       		.byte	0x8
 430 006a 05       		.byte	0x5
 431 006b 5F010000 		.4byte	.LASF7
 432 006f 04       		.uleb128 0x4
 433 0070 08       		.byte	0x8
 434 0071 07       		.byte	0x7
 435 0072 25010000 		.4byte	.LASF8
 436 0076 04       		.uleb128 0x4
 437 0077 04       		.byte	0x4
 438 0078 07       		.byte	0x7
 439 0079 56010000 		.4byte	.LASF9
 440 007d 05       		.uleb128 0x5
 441 007e 04       		.byte	0x4
 442 007f 06       		.uleb128 0x6
 443 0080 04       		.byte	0x4
 444 0081 85000000 		.4byte	0x85
 445 0085 07       		.uleb128 0x7
 446 0086 04       		.uleb128 0x4
ARM GAS  C:\Users\Harsha\AppData\Local\Temp\ccd8Q24W.s 			page 15


 447 0087 01       		.byte	0x1
 448 0088 08       		.byte	0x8
 449 0089 77010000 		.4byte	.LASF10
 450 008d 03       		.uleb128 0x3
 451 008e A3000000 		.4byte	.LASF12
 452 0092 03       		.byte	0x3
 453 0093 C2       		.byte	0xc2
 454 0094 45000000 		.4byte	0x45
 455 0098 03       		.uleb128 0x3
 456 0099 EC000000 		.4byte	.LASF13
 457 009d 03       		.byte	0x3
 458 009e C3       		.byte	0xc3
 459 009f 53000000 		.4byte	0x53
 460 00a3 03       		.uleb128 0x3
 461 00a4 FC000000 		.4byte	.LASF14
 462 00a8 03       		.byte	0x3
 463 00a9 C4       		.byte	0xc4
 464 00aa 61000000 		.4byte	0x61
 465 00ae 04       		.uleb128 0x4
 466 00af 04       		.byte	0x4
 467 00b0 04       		.byte	0x4
 468 00b1 69000000 		.4byte	.LASF15
 469 00b5 04       		.uleb128 0x4
 470 00b6 08       		.byte	0x8
 471 00b7 04       		.byte	0x4
 472 00b8 D9000000 		.4byte	.LASF16
 473 00bc 08       		.uleb128 0x8
 474 00bd F3000000 		.4byte	.LASF17
 475 00c1 03       		.byte	0x3
 476 00c2 6401     		.2byte	0x164
 477 00c4 61000000 		.4byte	0x61
 478 00c8 08       		.uleb128 0x8
 479 00c9 8C000000 		.4byte	.LASF18
 480 00cd 03       		.byte	0x3
 481 00ce 6C01     		.2byte	0x16c
 482 00d0 D4000000 		.4byte	0xd4
 483 00d4 09       		.uleb128 0x9
 484 00d5 8D000000 		.4byte	0x8d
 485 00d9 08       		.uleb128 0x8
 486 00da 0E000000 		.4byte	.LASF19
 487 00de 03       		.byte	0x3
 488 00df 6E01     		.2byte	0x16e
 489 00e1 E5000000 		.4byte	0xe5
 490 00e5 09       		.uleb128 0x9
 491 00e6 A3000000 		.4byte	0xa3
 492 00ea 08       		.uleb128 0x8
 493 00eb 3C010000 		.4byte	.LASF20
 494 00ef 03       		.byte	0x3
 495 00f0 7E01     		.2byte	0x17e
 496 00f2 7F000000 		.4byte	0x7f
 497 00f6 0A       		.uleb128 0xa
 498 00f7 1B000000 		.4byte	.LASF37
 499 00fb 01       		.byte	0x1
 500 00fc E3       		.byte	0xe3
 501 00fd 00000000 		.4byte	.LFB6
 502 0101 20000000 		.4byte	.LFE6-.LFB6
 503 0105 01       		.uleb128 0x1
ARM GAS  C:\Users\Harsha\AppData\Local\Temp\ccd8Q24W.s 			page 16


 504 0106 9C       		.byte	0x9c
 505 0107 0B       		.uleb128 0xb
 506 0108 BA000000 		.4byte	.LASF21
 507 010c 01       		.byte	0x1
 508 010d 3E       		.byte	0x3e
 509 010e 00000000 		.4byte	.LFB2
 510 0112 0C000000 		.4byte	.LFE2-.LFB2
 511 0116 01       		.uleb128 0x1
 512 0117 9C       		.byte	0x9c
 513 0118 54010000 		.4byte	0x154
 514 011c 0C       		.uleb128 0xc
 515 011d 7300     		.ascii	"s\000"
 516 011f 01       		.byte	0x1
 517 0120 3E       		.byte	0x3e
 518 0121 7D000000 		.4byte	0x7d
 519 0125 00000000 		.4byte	.LLST0
 520 0129 0C       		.uleb128 0xc
 521 012a 6E00     		.ascii	"n\000"
 522 012c 01       		.byte	0x1
 523 012d 3E       		.byte	0x3e
 524 012e 2C000000 		.4byte	0x2c
 525 0132 21000000 		.4byte	.LLST1
 526 0136 0D       		.uleb128 0xd
 527 0137 0A000000 		.4byte	.LVL2
 528 013b C5020000 		.4byte	0x2c5
 529 013f 0E       		.uleb128 0xe
 530 0140 01       		.uleb128 0x1
 531 0141 52       		.byte	0x52
 532 0142 03       		.uleb128 0x3
 533 0143 F3       		.byte	0xf3
 534 0144 01       		.uleb128 0x1
 535 0145 51       		.byte	0x51
 536 0146 0E       		.uleb128 0xe
 537 0147 01       		.uleb128 0x1
 538 0148 51       		.byte	0x51
 539 0149 01       		.uleb128 0x1
 540 014a 30       		.byte	0x30
 541 014b 0E       		.uleb128 0xe
 542 014c 01       		.uleb128 0x1
 543 014d 50       		.byte	0x50
 544 014e 03       		.uleb128 0x3
 545 014f F3       		.byte	0xf3
 546 0150 01       		.uleb128 0x1
 547 0151 50       		.byte	0x50
 548 0152 00       		.byte	0
 549 0153 00       		.byte	0
 550 0154 0B       		.uleb128 0xb
 551 0155 4B000000 		.4byte	.LASF22
 552 0159 01       		.byte	0x1
 553 015a 9E       		.byte	0x9e
 554 015b 00000000 		.4byte	.LFB5
 555 015f D8000000 		.4byte	.LFE5-.LFB5
 556 0163 01       		.uleb128 0x1
 557 0164 9C       		.byte	0x9c
 558 0165 FD010000 		.4byte	0x1fd
 559 0169 0F       		.uleb128 0xf
 560 016a 0C000000 		.4byte	.LVL3
ARM GAS  C:\Users\Harsha\AppData\Local\Temp\ccd8Q24W.s 			page 17


 561 016e E2020000 		.4byte	0x2e2
 562 0172 10       		.uleb128 0x10
 563 0173 12000000 		.4byte	.LVL4
 564 0177 E9020000 		.4byte	0x2e9
 565 017b 89010000 		.4byte	0x189
 566 017f 0E       		.uleb128 0xe
 567 0180 01       		.uleb128 0x1
 568 0181 50       		.byte	0x50
 569 0182 05       		.uleb128 0x5
 570 0183 0C       		.byte	0xc
 571 0184 001BB700 		.4byte	0xb71b00
 572 0188 00       		.byte	0
 573 0189 10       		.uleb128 0x10
 574 018a 18000000 		.4byte	.LVL5
 575 018e FA020000 		.4byte	0x2fa
 576 0192 9C010000 		.4byte	0x19c
 577 0196 0E       		.uleb128 0xe
 578 0197 01       		.uleb128 0x1
 579 0198 50       		.byte	0x50
 580 0199 01       		.uleb128 0x1
 581 019a 31       		.byte	0x31
 582 019b 00       		.byte	0
 583 019c 10       		.uleb128 0x10
 584 019d 1E000000 		.4byte	.LVL6
 585 01a1 0F030000 		.4byte	0x30f
 586 01a5 B0010000 		.4byte	0x1b0
 587 01a9 0E       		.uleb128 0xe
 588 01aa 01       		.uleb128 0x1
 589 01ab 50       		.byte	0x50
 590 01ac 02       		.uleb128 0x2
 591 01ad 08       		.byte	0x8
 592 01ae 30       		.byte	0x30
 593 01af 00       		.byte	0
 594 01b0 10       		.uleb128 0x10
 595 01b1 54000000 		.4byte	.LVL7
 596 01b5 20030000 		.4byte	0x320
 597 01b9 C5010000 		.4byte	0x1c5
 598 01bd 0E       		.uleb128 0xe
 599 01be 01       		.uleb128 0x1
 600 01bf 50       		.byte	0x50
 601 01c0 03       		.uleb128 0x3
 602 01c1 0A       		.byte	0xa
 603 01c2 D007     		.2byte	0x7d0
 604 01c4 00       		.byte	0
 605 01c5 10       		.uleb128 0x10
 606 01c6 5A000000 		.4byte	.LVL8
 607 01ca 35030000 		.4byte	0x335
 608 01ce DA010000 		.4byte	0x1da
 609 01d2 0E       		.uleb128 0xe
 610 01d3 01       		.uleb128 0x1
 611 01d4 50       		.byte	0x50
 612 01d5 03       		.uleb128 0x3
 613 01d6 0A       		.byte	0xa
 614 01d7 DC05     		.2byte	0x5dc
 615 01d9 00       		.byte	0
 616 01da 10       		.uleb128 0x10
 617 01db 86000000 		.4byte	.LVL9
ARM GAS  C:\Users\Harsha\AppData\Local\Temp\ccd8Q24W.s 			page 18


 618 01df 46030000 		.4byte	0x346
 619 01e3 ED010000 		.4byte	0x1ed
 620 01e7 0E       		.uleb128 0xe
 621 01e8 01       		.uleb128 0x1
 622 01e9 50       		.byte	0x50
 623 01ea 01       		.uleb128 0x1
 624 01eb 38       		.byte	0x38
 625 01ec 00       		.byte	0
 626 01ed 0D       		.uleb128 0xd
 627 01ee 8C000000 		.4byte	.LVL10
 628 01f2 60030000 		.4byte	0x360
 629 01f6 0E       		.uleb128 0xe
 630 01f7 01       		.uleb128 0x1
 631 01f8 50       		.byte	0x50
 632 01f9 01       		.uleb128 0x1
 633 01fa 38       		.byte	0x38
 634 01fb 00       		.byte	0
 635 01fc 00       		.byte	0
 636 01fd 11       		.uleb128 0x11
 637 01fe 10010000 		.4byte	.LASF38
 638 0202 01       		.byte	0x1
 639 0203 FE       		.byte	0xfe
 640 0204 D8000000 		.4byte	.LFB7
 641 0208 E4000000 		.4byte	.LFE7-.LFB7
 642 020c 01       		.uleb128 0x1
 643 020d 9C       		.byte	0x9c
 644 020e C5020000 		.4byte	0x2c5
 645 0212 12       		.uleb128 0x12
 646 0213 E2000000 		.4byte	.LBB2
 647 0217 60000000 		.4byte	.LBE2-.LBB2
 648 021b B2020000 		.4byte	0x2b2
 649 021f 13       		.uleb128 0x13
 650 0220 06       		.byte	0x6
 651 0221 01       		.byte	0x1
 652 0222 0701     		.2byte	0x107
 653 0224 43020000 		.4byte	0x243
 654 0228 14       		.uleb128 0x14
 655 0229 1D010000 		.4byte	.LASF23
 656 022d 01       		.byte	0x1
 657 022e 0801     		.2byte	0x108
 658 0230 7D000000 		.4byte	0x7d
 659 0234 00       		.byte	0
 660 0235 14       		.uleb128 0x14
 661 0236 6F000000 		.4byte	.LASF24
 662 023a 01       		.byte	0x1
 663 023b 0901     		.2byte	0x109
 664 023d 98000000 		.4byte	0x98
 665 0241 04       		.byte	0x4
 666 0242 00       		.byte	0
 667 0243 08       		.uleb128 0x8
 668 0244 49010000 		.4byte	.LASF25
 669 0248 01       		.byte	0x1
 670 0249 0A01     		.2byte	0x10a
 671 024b 1F020000 		.4byte	0x21f
 672 024f 15       		.uleb128 0x15
 673 0250 43020000 		.4byte	0x243
 674 0254 5F020000 		.4byte	0x25f
ARM GAS  C:\Users\Harsha\AppData\Local\Temp\ccd8Q24W.s 			page 19


 675 0258 16       		.uleb128 0x16
 676 0259 76000000 		.4byte	0x76
 677 025d 01       		.byte	0x1
 678 025e 00       		.byte	0
 679 025f 17       		.uleb128 0x17
 680 0260 3B000000 		.4byte	.LASF26
 681 0264 01       		.byte	0x1
 682 0265 0C01     		.2byte	0x10c
 683 0267 71020000 		.4byte	0x271
 684 026b 05       		.uleb128 0x5
 685 026c 03       		.byte	0x3
 686 026d 00000000 		.4byte	cfg_memset_list.4742
 687 0271 18       		.uleb128 0x18
 688 0272 4F020000 		.4byte	0x24f
 689 0276 19       		.uleb128 0x19
 690 0277 6900     		.ascii	"i\000"
 691 0279 01       		.byte	0x1
 692 027a 1201     		.2byte	0x112
 693 027c 8D000000 		.4byte	0x8d
 694 0280 4D000000 		.4byte	.LLST2
 695 0284 1A       		.uleb128 0x1a
 696 0285 E6000000 		.4byte	.LBB3
 697 0289 1E000000 		.4byte	.LBE3-.LBB3
 698 028d 19       		.uleb128 0x19
 699 028e 6D7300   		.ascii	"ms\000"
 700 0291 01       		.byte	0x1
 701 0292 1701     		.2byte	0x117
 702 0294 9C020000 		.4byte	0x29c
 703 0298 77000000 		.4byte	.LLST3
 704 029c 06       		.uleb128 0x6
 705 029d 04       		.byte	0x4
 706 029e A2020000 		.4byte	0x2a2
 707 02a2 18       		.uleb128 0x18
 708 02a3 43020000 		.4byte	0x243
 709 02a7 0F       		.uleb128 0xf
 710 02a8 04010000 		.4byte	.LVL13
 711 02ac 07010000 		.4byte	0x107
 712 02b0 00       		.byte	0
 713 02b1 00       		.byte	0
 714 02b2 0F       		.uleb128 0xf
 715 02b3 70010000 		.4byte	.LVL16
 716 02b7 54010000 		.4byte	0x154
 717 02bb 0F       		.uleb128 0xf
 718 02bc 74010000 		.4byte	.LVL17
 719 02c0 F6000000 		.4byte	0xf6
 720 02c4 00       		.byte	0
 721 02c5 1B       		.uleb128 0x1b
 722 02c6 D2000000 		.4byte	.LASF27
 723 02ca 7D000000 		.4byte	0x7d
 724 02ce E2020000 		.4byte	0x2e2
 725 02d2 1C       		.uleb128 0x1c
 726 02d3 7D000000 		.4byte	0x7d
 727 02d7 1C       		.uleb128 0x1c
 728 02d8 25000000 		.4byte	0x25
 729 02dc 1C       		.uleb128 0x1c
 730 02dd 76000000 		.4byte	0x76
 731 02e1 00       		.byte	0
ARM GAS  C:\Users\Harsha\AppData\Local\Temp\ccd8Q24W.s 			page 20


 732 02e2 1D       		.uleb128 0x1d
 733 02e3 A9000000 		.4byte	.LASF39
 734 02e7 05       		.byte	0x5
 735 02e8 25       		.byte	0x25
 736 02e9 1E       		.uleb128 0x1e
 737 02ea 00000000 		.4byte	.LASF28
 738 02ee 04       		.byte	0x4
 739 02ef 5A       		.byte	0x5a
 740 02f0 FA020000 		.4byte	0x2fa
 741 02f4 1C       		.uleb128 0x1c
 742 02f5 A3000000 		.4byte	0xa3
 743 02f9 00       		.byte	0
 744 02fa 1F       		.uleb128 0x1f
 745 02fb 74000000 		.4byte	.LASF30
 746 02ff 05       		.byte	0x5
 747 0300 27       		.byte	0x27
 748 0301 A3000000 		.4byte	0xa3
 749 0305 0F030000 		.4byte	0x30f
 750 0309 1C       		.uleb128 0x1c
 751 030a A3000000 		.4byte	0xa3
 752 030e 00       		.byte	0
 753 030f 1E       		.uleb128 0x1e
 754 0310 25020000 		.4byte	.LASF29
 755 0314 04       		.byte	0x4
 756 0315 31       		.byte	0x31
 757 0316 20030000 		.4byte	0x320
 758 031a 1C       		.uleb128 0x1c
 759 031b A3000000 		.4byte	0xa3
 760 031f 00       		.byte	0
 761 0320 1F       		.uleb128 0x1f
 762 0321 7C010000 		.4byte	.LASF31
 763 0325 04       		.byte	0x4
 764 0326 84       		.byte	0x84
 765 0327 BC000000 		.4byte	0xbc
 766 032b 35030000 		.4byte	0x335
 767 032f 1C       		.uleb128 0x1c
 768 0330 A3000000 		.4byte	0xa3
 769 0334 00       		.byte	0
 770 0335 1E       		.uleb128 0x1e
 771 0336 6D010000 		.4byte	.LASF32
 772 033a 04       		.byte	0x4
 773 033b 58       		.byte	0x58
 774 033c 46030000 		.4byte	0x346
 775 0340 1C       		.uleb128 0x1c
 776 0341 98000000 		.4byte	0x98
 777 0345 00       		.byte	0
 778 0346 1F       		.uleb128 0x1f
 779 0347 2C000000 		.4byte	.LASF33
 780 034b 04       		.byte	0x4
 781 034c 46       		.byte	0x46
 782 034d EA000000 		.4byte	0xea
 783 0351 60030000 		.4byte	0x360
 784 0355 1C       		.uleb128 0x1c
 785 0356 8D000000 		.4byte	0x8d
 786 035a 1C       		.uleb128 0x1c
 787 035b EA000000 		.4byte	0xea
 788 035f 00       		.byte	0
ARM GAS  C:\Users\Harsha\AppData\Local\Temp\ccd8Q24W.s 			page 21


 789 0360 20       		.uleb128 0x20
 790 0361 E0000000 		.4byte	.LASF40
 791 0365 04       		.byte	0x4
 792 0366 4C       		.byte	0x4c
 793 0367 1C       		.uleb128 0x1c
 794 0368 8D000000 		.4byte	0x8d
 795 036c 00       		.byte	0
 796 036d 00       		.byte	0
 797              		.section	.debug_abbrev,"",%progbits
 798              	.Ldebug_abbrev0:
 799 0000 01       		.uleb128 0x1
 800 0001 11       		.uleb128 0x11
 801 0002 01       		.byte	0x1
 802 0003 25       		.uleb128 0x25
 803 0004 0E       		.uleb128 0xe
 804 0005 13       		.uleb128 0x13
 805 0006 0B       		.uleb128 0xb
 806 0007 03       		.uleb128 0x3
 807 0008 0E       		.uleb128 0xe
 808 0009 1B       		.uleb128 0x1b
 809 000a 0E       		.uleb128 0xe
 810 000b 55       		.uleb128 0x55
 811 000c 17       		.uleb128 0x17
 812 000d 11       		.uleb128 0x11
 813 000e 01       		.uleb128 0x1
 814 000f 10       		.uleb128 0x10
 815 0010 17       		.uleb128 0x17
 816 0011 00       		.byte	0
 817 0012 00       		.byte	0
 818 0013 02       		.uleb128 0x2
 819 0014 24       		.uleb128 0x24
 820 0015 00       		.byte	0
 821 0016 0B       		.uleb128 0xb
 822 0017 0B       		.uleb128 0xb
 823 0018 3E       		.uleb128 0x3e
 824 0019 0B       		.uleb128 0xb
 825 001a 03       		.uleb128 0x3
 826 001b 08       		.uleb128 0x8
 827 001c 00       		.byte	0
 828 001d 00       		.byte	0
 829 001e 03       		.uleb128 0x3
 830 001f 16       		.uleb128 0x16
 831 0020 00       		.byte	0
 832 0021 03       		.uleb128 0x3
 833 0022 0E       		.uleb128 0xe
 834 0023 3A       		.uleb128 0x3a
 835 0024 0B       		.uleb128 0xb
 836 0025 3B       		.uleb128 0x3b
 837 0026 0B       		.uleb128 0xb
 838 0027 49       		.uleb128 0x49
 839 0028 13       		.uleb128 0x13
 840 0029 00       		.byte	0
 841 002a 00       		.byte	0
 842 002b 04       		.uleb128 0x4
 843 002c 24       		.uleb128 0x24
 844 002d 00       		.byte	0
 845 002e 0B       		.uleb128 0xb
ARM GAS  C:\Users\Harsha\AppData\Local\Temp\ccd8Q24W.s 			page 22


 846 002f 0B       		.uleb128 0xb
 847 0030 3E       		.uleb128 0x3e
 848 0031 0B       		.uleb128 0xb
 849 0032 03       		.uleb128 0x3
 850 0033 0E       		.uleb128 0xe
 851 0034 00       		.byte	0
 852 0035 00       		.byte	0
 853 0036 05       		.uleb128 0x5
 854 0037 0F       		.uleb128 0xf
 855 0038 00       		.byte	0
 856 0039 0B       		.uleb128 0xb
 857 003a 0B       		.uleb128 0xb
 858 003b 00       		.byte	0
 859 003c 00       		.byte	0
 860 003d 06       		.uleb128 0x6
 861 003e 0F       		.uleb128 0xf
 862 003f 00       		.byte	0
 863 0040 0B       		.uleb128 0xb
 864 0041 0B       		.uleb128 0xb
 865 0042 49       		.uleb128 0x49
 866 0043 13       		.uleb128 0x13
 867 0044 00       		.byte	0
 868 0045 00       		.byte	0
 869 0046 07       		.uleb128 0x7
 870 0047 15       		.uleb128 0x15
 871 0048 00       		.byte	0
 872 0049 27       		.uleb128 0x27
 873 004a 19       		.uleb128 0x19
 874 004b 00       		.byte	0
 875 004c 00       		.byte	0
 876 004d 08       		.uleb128 0x8
 877 004e 16       		.uleb128 0x16
 878 004f 00       		.byte	0
 879 0050 03       		.uleb128 0x3
 880 0051 0E       		.uleb128 0xe
 881 0052 3A       		.uleb128 0x3a
 882 0053 0B       		.uleb128 0xb
 883 0054 3B       		.uleb128 0x3b
 884 0055 05       		.uleb128 0x5
 885 0056 49       		.uleb128 0x49
 886 0057 13       		.uleb128 0x13
 887 0058 00       		.byte	0
 888 0059 00       		.byte	0
 889 005a 09       		.uleb128 0x9
 890 005b 35       		.uleb128 0x35
 891 005c 00       		.byte	0
 892 005d 49       		.uleb128 0x49
 893 005e 13       		.uleb128 0x13
 894 005f 00       		.byte	0
 895 0060 00       		.byte	0
 896 0061 0A       		.uleb128 0xa
 897 0062 2E       		.uleb128 0x2e
 898 0063 00       		.byte	0
 899 0064 03       		.uleb128 0x3
 900 0065 0E       		.uleb128 0xe
 901 0066 3A       		.uleb128 0x3a
 902 0067 0B       		.uleb128 0xb
ARM GAS  C:\Users\Harsha\AppData\Local\Temp\ccd8Q24W.s 			page 23


 903 0068 3B       		.uleb128 0x3b
 904 0069 0B       		.uleb128 0xb
 905 006a 27       		.uleb128 0x27
 906 006b 19       		.uleb128 0x19
 907 006c 11       		.uleb128 0x11
 908 006d 01       		.uleb128 0x1
 909 006e 12       		.uleb128 0x12
 910 006f 06       		.uleb128 0x6
 911 0070 40       		.uleb128 0x40
 912 0071 18       		.uleb128 0x18
 913 0072 9742     		.uleb128 0x2117
 914 0074 19       		.uleb128 0x19
 915 0075 00       		.byte	0
 916 0076 00       		.byte	0
 917 0077 0B       		.uleb128 0xb
 918 0078 2E       		.uleb128 0x2e
 919 0079 01       		.byte	0x1
 920 007a 03       		.uleb128 0x3
 921 007b 0E       		.uleb128 0xe
 922 007c 3A       		.uleb128 0x3a
 923 007d 0B       		.uleb128 0xb
 924 007e 3B       		.uleb128 0x3b
 925 007f 0B       		.uleb128 0xb
 926 0080 27       		.uleb128 0x27
 927 0081 19       		.uleb128 0x19
 928 0082 11       		.uleb128 0x11
 929 0083 01       		.uleb128 0x1
 930 0084 12       		.uleb128 0x12
 931 0085 06       		.uleb128 0x6
 932 0086 40       		.uleb128 0x40
 933 0087 18       		.uleb128 0x18
 934 0088 9742     		.uleb128 0x2117
 935 008a 19       		.uleb128 0x19
 936 008b 01       		.uleb128 0x1
 937 008c 13       		.uleb128 0x13
 938 008d 00       		.byte	0
 939 008e 00       		.byte	0
 940 008f 0C       		.uleb128 0xc
 941 0090 05       		.uleb128 0x5
 942 0091 00       		.byte	0
 943 0092 03       		.uleb128 0x3
 944 0093 08       		.uleb128 0x8
 945 0094 3A       		.uleb128 0x3a
 946 0095 0B       		.uleb128 0xb
 947 0096 3B       		.uleb128 0x3b
 948 0097 0B       		.uleb128 0xb
 949 0098 49       		.uleb128 0x49
 950 0099 13       		.uleb128 0x13
 951 009a 02       		.uleb128 0x2
 952 009b 17       		.uleb128 0x17
 953 009c 00       		.byte	0
 954 009d 00       		.byte	0
 955 009e 0D       		.uleb128 0xd
 956 009f 898201   		.uleb128 0x4109
 957 00a2 01       		.byte	0x1
 958 00a3 11       		.uleb128 0x11
 959 00a4 01       		.uleb128 0x1
ARM GAS  C:\Users\Harsha\AppData\Local\Temp\ccd8Q24W.s 			page 24


 960 00a5 31       		.uleb128 0x31
 961 00a6 13       		.uleb128 0x13
 962 00a7 00       		.byte	0
 963 00a8 00       		.byte	0
 964 00a9 0E       		.uleb128 0xe
 965 00aa 8A8201   		.uleb128 0x410a
 966 00ad 00       		.byte	0
 967 00ae 02       		.uleb128 0x2
 968 00af 18       		.uleb128 0x18
 969 00b0 9142     		.uleb128 0x2111
 970 00b2 18       		.uleb128 0x18
 971 00b3 00       		.byte	0
 972 00b4 00       		.byte	0
 973 00b5 0F       		.uleb128 0xf
 974 00b6 898201   		.uleb128 0x4109
 975 00b9 00       		.byte	0
 976 00ba 11       		.uleb128 0x11
 977 00bb 01       		.uleb128 0x1
 978 00bc 31       		.uleb128 0x31
 979 00bd 13       		.uleb128 0x13
 980 00be 00       		.byte	0
 981 00bf 00       		.byte	0
 982 00c0 10       		.uleb128 0x10
 983 00c1 898201   		.uleb128 0x4109
 984 00c4 01       		.byte	0x1
 985 00c5 11       		.uleb128 0x11
 986 00c6 01       		.uleb128 0x1
 987 00c7 31       		.uleb128 0x31
 988 00c8 13       		.uleb128 0x13
 989 00c9 01       		.uleb128 0x1
 990 00ca 13       		.uleb128 0x13
 991 00cb 00       		.byte	0
 992 00cc 00       		.byte	0
 993 00cd 11       		.uleb128 0x11
 994 00ce 2E       		.uleb128 0x2e
 995 00cf 01       		.byte	0x1
 996 00d0 3F       		.uleb128 0x3f
 997 00d1 19       		.uleb128 0x19
 998 00d2 03       		.uleb128 0x3
 999 00d3 0E       		.uleb128 0xe
 1000 00d4 3A       		.uleb128 0x3a
 1001 00d5 0B       		.uleb128 0xb
 1002 00d6 3B       		.uleb128 0x3b
 1003 00d7 0B       		.uleb128 0xb
 1004 00d8 27       		.uleb128 0x27
 1005 00d9 19       		.uleb128 0x19
 1006 00da 11       		.uleb128 0x11
 1007 00db 01       		.uleb128 0x1
 1008 00dc 12       		.uleb128 0x12
 1009 00dd 06       		.uleb128 0x6
 1010 00de 40       		.uleb128 0x40
 1011 00df 18       		.uleb128 0x18
 1012 00e0 9742     		.uleb128 0x2117
 1013 00e2 19       		.uleb128 0x19
 1014 00e3 01       		.uleb128 0x1
 1015 00e4 13       		.uleb128 0x13
 1016 00e5 00       		.byte	0
ARM GAS  C:\Users\Harsha\AppData\Local\Temp\ccd8Q24W.s 			page 25


 1017 00e6 00       		.byte	0
 1018 00e7 12       		.uleb128 0x12
 1019 00e8 0B       		.uleb128 0xb
 1020 00e9 01       		.byte	0x1
 1021 00ea 11       		.uleb128 0x11
 1022 00eb 01       		.uleb128 0x1
 1023 00ec 12       		.uleb128 0x12
 1024 00ed 06       		.uleb128 0x6
 1025 00ee 01       		.uleb128 0x1
 1026 00ef 13       		.uleb128 0x13
 1027 00f0 00       		.byte	0
 1028 00f1 00       		.byte	0
 1029 00f2 13       		.uleb128 0x13
 1030 00f3 13       		.uleb128 0x13
 1031 00f4 01       		.byte	0x1
 1032 00f5 0B       		.uleb128 0xb
 1033 00f6 0B       		.uleb128 0xb
 1034 00f7 3A       		.uleb128 0x3a
 1035 00f8 0B       		.uleb128 0xb
 1036 00f9 3B       		.uleb128 0x3b
 1037 00fa 05       		.uleb128 0x5
 1038 00fb 01       		.uleb128 0x1
 1039 00fc 13       		.uleb128 0x13
 1040 00fd 00       		.byte	0
 1041 00fe 00       		.byte	0
 1042 00ff 14       		.uleb128 0x14
 1043 0100 0D       		.uleb128 0xd
 1044 0101 00       		.byte	0
 1045 0102 03       		.uleb128 0x3
 1046 0103 0E       		.uleb128 0xe
 1047 0104 3A       		.uleb128 0x3a
 1048 0105 0B       		.uleb128 0xb
 1049 0106 3B       		.uleb128 0x3b
 1050 0107 05       		.uleb128 0x5
 1051 0108 49       		.uleb128 0x49
 1052 0109 13       		.uleb128 0x13
 1053 010a 38       		.uleb128 0x38
 1054 010b 0B       		.uleb128 0xb
 1055 010c 00       		.byte	0
 1056 010d 00       		.byte	0
 1057 010e 15       		.uleb128 0x15
 1058 010f 01       		.uleb128 0x1
 1059 0110 01       		.byte	0x1
 1060 0111 49       		.uleb128 0x49
 1061 0112 13       		.uleb128 0x13
 1062 0113 01       		.uleb128 0x1
 1063 0114 13       		.uleb128 0x13
 1064 0115 00       		.byte	0
 1065 0116 00       		.byte	0
 1066 0117 16       		.uleb128 0x16
 1067 0118 21       		.uleb128 0x21
 1068 0119 00       		.byte	0
 1069 011a 49       		.uleb128 0x49
 1070 011b 13       		.uleb128 0x13
 1071 011c 2F       		.uleb128 0x2f
 1072 011d 0B       		.uleb128 0xb
 1073 011e 00       		.byte	0
ARM GAS  C:\Users\Harsha\AppData\Local\Temp\ccd8Q24W.s 			page 26


 1074 011f 00       		.byte	0
 1075 0120 17       		.uleb128 0x17
 1076 0121 34       		.uleb128 0x34
 1077 0122 00       		.byte	0
 1078 0123 03       		.uleb128 0x3
 1079 0124 0E       		.uleb128 0xe
 1080 0125 3A       		.uleb128 0x3a
 1081 0126 0B       		.uleb128 0xb
 1082 0127 3B       		.uleb128 0x3b
 1083 0128 05       		.uleb128 0x5
 1084 0129 49       		.uleb128 0x49
 1085 012a 13       		.uleb128 0x13
 1086 012b 02       		.uleb128 0x2
 1087 012c 18       		.uleb128 0x18
 1088 012d 00       		.byte	0
 1089 012e 00       		.byte	0
 1090 012f 18       		.uleb128 0x18
 1091 0130 26       		.uleb128 0x26
 1092 0131 00       		.byte	0
 1093 0132 49       		.uleb128 0x49
 1094 0133 13       		.uleb128 0x13
 1095 0134 00       		.byte	0
 1096 0135 00       		.byte	0
 1097 0136 19       		.uleb128 0x19
 1098 0137 34       		.uleb128 0x34
 1099 0138 00       		.byte	0
 1100 0139 03       		.uleb128 0x3
 1101 013a 08       		.uleb128 0x8
 1102 013b 3A       		.uleb128 0x3a
 1103 013c 0B       		.uleb128 0xb
 1104 013d 3B       		.uleb128 0x3b
 1105 013e 05       		.uleb128 0x5
 1106 013f 49       		.uleb128 0x49
 1107 0140 13       		.uleb128 0x13
 1108 0141 02       		.uleb128 0x2
 1109 0142 17       		.uleb128 0x17
 1110 0143 00       		.byte	0
 1111 0144 00       		.byte	0
 1112 0145 1A       		.uleb128 0x1a
 1113 0146 0B       		.uleb128 0xb
 1114 0147 01       		.byte	0x1
 1115 0148 11       		.uleb128 0x11
 1116 0149 01       		.uleb128 0x1
 1117 014a 12       		.uleb128 0x12
 1118 014b 06       		.uleb128 0x6
 1119 014c 00       		.byte	0
 1120 014d 00       		.byte	0
 1121 014e 1B       		.uleb128 0x1b
 1122 014f 2E       		.uleb128 0x2e
 1123 0150 01       		.byte	0x1
 1124 0151 3F       		.uleb128 0x3f
 1125 0152 19       		.uleb128 0x19
 1126 0153 03       		.uleb128 0x3
 1127 0154 0E       		.uleb128 0xe
 1128 0155 27       		.uleb128 0x27
 1129 0156 19       		.uleb128 0x19
 1130 0157 49       		.uleb128 0x49
ARM GAS  C:\Users\Harsha\AppData\Local\Temp\ccd8Q24W.s 			page 27


 1131 0158 13       		.uleb128 0x13
 1132 0159 34       		.uleb128 0x34
 1133 015a 19       		.uleb128 0x19
 1134 015b 3C       		.uleb128 0x3c
 1135 015c 19       		.uleb128 0x19
 1136 015d 01       		.uleb128 0x1
 1137 015e 13       		.uleb128 0x13
 1138 015f 00       		.byte	0
 1139 0160 00       		.byte	0
 1140 0161 1C       		.uleb128 0x1c
 1141 0162 05       		.uleb128 0x5
 1142 0163 00       		.byte	0
 1143 0164 49       		.uleb128 0x49
 1144 0165 13       		.uleb128 0x13
 1145 0166 00       		.byte	0
 1146 0167 00       		.byte	0
 1147 0168 1D       		.uleb128 0x1d
 1148 0169 2E       		.uleb128 0x2e
 1149 016a 00       		.byte	0
 1150 016b 3F       		.uleb128 0x3f
 1151 016c 19       		.uleb128 0x19
 1152 016d 03       		.uleb128 0x3
 1153 016e 0E       		.uleb128 0xe
 1154 016f 3A       		.uleb128 0x3a
 1155 0170 0B       		.uleb128 0xb
 1156 0171 3B       		.uleb128 0x3b
 1157 0172 0B       		.uleb128 0xb
 1158 0173 27       		.uleb128 0x27
 1159 0174 19       		.uleb128 0x19
 1160 0175 3C       		.uleb128 0x3c
 1161 0176 19       		.uleb128 0x19
 1162 0177 00       		.byte	0
 1163 0178 00       		.byte	0
 1164 0179 1E       		.uleb128 0x1e
 1165 017a 2E       		.uleb128 0x2e
 1166 017b 01       		.byte	0x1
 1167 017c 3F       		.uleb128 0x3f
 1168 017d 19       		.uleb128 0x19
 1169 017e 03       		.uleb128 0x3
 1170 017f 0E       		.uleb128 0xe
 1171 0180 3A       		.uleb128 0x3a
 1172 0181 0B       		.uleb128 0xb
 1173 0182 3B       		.uleb128 0x3b
 1174 0183 0B       		.uleb128 0xb
 1175 0184 27       		.uleb128 0x27
 1176 0185 19       		.uleb128 0x19
 1177 0186 3C       		.uleb128 0x3c
 1178 0187 19       		.uleb128 0x19
 1179 0188 01       		.uleb128 0x1
 1180 0189 13       		.uleb128 0x13
 1181 018a 00       		.byte	0
 1182 018b 00       		.byte	0
 1183 018c 1F       		.uleb128 0x1f
 1184 018d 2E       		.uleb128 0x2e
 1185 018e 01       		.byte	0x1
 1186 018f 3F       		.uleb128 0x3f
 1187 0190 19       		.uleb128 0x19
ARM GAS  C:\Users\Harsha\AppData\Local\Temp\ccd8Q24W.s 			page 28


 1188 0191 03       		.uleb128 0x3
 1189 0192 0E       		.uleb128 0xe
 1190 0193 3A       		.uleb128 0x3a
 1191 0194 0B       		.uleb128 0xb
 1192 0195 3B       		.uleb128 0x3b
 1193 0196 0B       		.uleb128 0xb
 1194 0197 27       		.uleb128 0x27
 1195 0198 19       		.uleb128 0x19
 1196 0199 49       		.uleb128 0x49
 1197 019a 13       		.uleb128 0x13
 1198 019b 3C       		.uleb128 0x3c
 1199 019c 19       		.uleb128 0x19
 1200 019d 01       		.uleb128 0x1
 1201 019e 13       		.uleb128 0x13
 1202 019f 00       		.byte	0
 1203 01a0 00       		.byte	0
 1204 01a1 20       		.uleb128 0x20
 1205 01a2 2E       		.uleb128 0x2e
 1206 01a3 01       		.byte	0x1
 1207 01a4 3F       		.uleb128 0x3f
 1208 01a5 19       		.uleb128 0x19
 1209 01a6 03       		.uleb128 0x3
 1210 01a7 0E       		.uleb128 0xe
 1211 01a8 3A       		.uleb128 0x3a
 1212 01a9 0B       		.uleb128 0xb
 1213 01aa 3B       		.uleb128 0x3b
 1214 01ab 0B       		.uleb128 0xb
 1215 01ac 27       		.uleb128 0x27
 1216 01ad 19       		.uleb128 0x19
 1217 01ae 3C       		.uleb128 0x3c
 1218 01af 19       		.uleb128 0x19
 1219 01b0 00       		.byte	0
 1220 01b1 00       		.byte	0
 1221 01b2 00       		.byte	0
 1222              		.section	.debug_loc,"",%progbits
 1223              	.Ldebug_loc0:
 1224              	.LLST0:
 1225 0000 00000000 		.4byte	.LVL0
 1226 0004 09000000 		.4byte	.LVL2-1
 1227 0008 0100     		.2byte	0x1
 1228 000a 50       		.byte	0x50
 1229 000b 09000000 		.4byte	.LVL2-1
 1230 000f 0C000000 		.4byte	.LFE2
 1231 0013 0400     		.2byte	0x4
 1232 0015 F3       		.byte	0xf3
 1233 0016 01       		.uleb128 0x1
 1234 0017 50       		.byte	0x50
 1235 0018 9F       		.byte	0x9f
 1236 0019 00000000 		.4byte	0
 1237 001d 00000000 		.4byte	0
 1238              	.LLST1:
 1239 0021 00000000 		.4byte	.LVL0
 1240 0025 06000000 		.4byte	.LVL1
 1241 0029 0100     		.2byte	0x1
 1242 002b 51       		.byte	0x51
 1243 002c 06000000 		.4byte	.LVL1
 1244 0030 09000000 		.4byte	.LVL2-1
ARM GAS  C:\Users\Harsha\AppData\Local\Temp\ccd8Q24W.s 			page 29


 1245 0034 0100     		.2byte	0x1
 1246 0036 52       		.byte	0x52
 1247 0037 09000000 		.4byte	.LVL2-1
 1248 003b 0C000000 		.4byte	.LFE2
 1249 003f 0400     		.2byte	0x4
 1250 0041 F3       		.byte	0xf3
 1251 0042 01       		.uleb128 0x1
 1252 0043 51       		.byte	0x51
 1253 0044 9F       		.byte	0x9f
 1254 0045 00000000 		.4byte	0
 1255 0049 00000000 		.4byte	0
 1256              	.LLST2:
 1257 004d E2000000 		.4byte	.LVL11
 1258 0051 E6000000 		.4byte	.LVL12
 1259 0055 0200     		.2byte	0x2
 1260 0057 30       		.byte	0x30
 1261 0058 9F       		.byte	0x9f
 1262 0059 E6000000 		.4byte	.LVL12
 1263 005d 06010000 		.4byte	.LVL14
 1264 0061 0100     		.2byte	0x1
 1265 0063 54       		.byte	0x54
 1266 0064 08010000 		.4byte	.LVL15
 1267 0068 74010000 		.4byte	.LVL18
 1268 006c 0100     		.2byte	0x1
 1269 006e 54       		.byte	0x54
 1270 006f 00000000 		.4byte	0
 1271 0073 00000000 		.4byte	0
 1272              	.LLST3:
 1273 0077 E6000000 		.4byte	.LVL12
 1274 007b 06010000 		.4byte	.LVL14
 1275 007f 0B00     		.2byte	0xb
 1276 0081 74       		.byte	0x74
 1277 0082 00       		.sleb128 0
 1278 0083 36       		.byte	0x36
 1279 0084 1E       		.byte	0x1e
 1280 0085 03       		.byte	0x3
 1281 0086 00000000 		.4byte	cfg_memset_list.4742
 1282 008a 22       		.byte	0x22
 1283 008b 9F       		.byte	0x9f
 1284 008c 06010000 		.4byte	.LVL14
 1285 0090 08010000 		.4byte	.LVL15
 1286 0094 0B00     		.2byte	0xb
 1287 0096 74       		.byte	0x74
 1288 0097 7F       		.sleb128 -1
 1289 0098 36       		.byte	0x36
 1290 0099 1E       		.byte	0x1e
 1291 009a 03       		.byte	0x3
 1292 009b 00000000 		.4byte	cfg_memset_list.4742
 1293 009f 22       		.byte	0x22
 1294 00a0 9F       		.byte	0x9f
 1295 00a1 00000000 		.4byte	0
 1296 00a5 00000000 		.4byte	0
 1297              		.section	.debug_aranges,"",%progbits
 1298 0000 34000000 		.4byte	0x34
 1299 0004 0200     		.2byte	0x2
 1300 0006 00000000 		.4byte	.Ldebug_info0
 1301 000a 04       		.byte	0x4
ARM GAS  C:\Users\Harsha\AppData\Local\Temp\ccd8Q24W.s 			page 30


 1302 000b 00       		.byte	0
 1303 000c 0000     		.2byte	0
 1304 000e 0000     		.2byte	0
 1305 0010 00000000 		.4byte	.LFB6
 1306 0014 20000000 		.4byte	.LFE6-.LFB6
 1307 0018 00000000 		.4byte	.LFB2
 1308 001c 0C000000 		.4byte	.LFE2-.LFB2
 1309 0020 00000000 		.4byte	.LFB5
 1310 0024 D8000000 		.4byte	.LFE5-.LFB5
 1311 0028 D8000000 		.4byte	.LFB7
 1312 002c E4000000 		.4byte	.LFE7-.LFB7
 1313 0030 00000000 		.4byte	0
 1314 0034 00000000 		.4byte	0
 1315              		.section	.debug_ranges,"",%progbits
 1316              	.Ldebug_ranges0:
 1317 0000 00000000 		.4byte	.LFB6
 1318 0004 20000000 		.4byte	.LFE6
 1319 0008 00000000 		.4byte	.LFB2
 1320 000c 0C000000 		.4byte	.LFE2
 1321 0010 00000000 		.4byte	.LFB5
 1322 0014 D8000000 		.4byte	.LFE5
 1323 0018 D8000000 		.4byte	.LFB7
 1324 001c BC010000 		.4byte	.LFE7
 1325 0020 00000000 		.4byte	0
 1326 0024 00000000 		.4byte	0
 1327              		.section	.debug_line,"",%progbits
 1328              	.Ldebug_line0:
 1329 0000 60010000 		.section	.debug_str,"MS",%progbits,1
 1329      0200E300 
 1329      00000201 
 1329      FB0E0D00 
 1329      01010101 
 1330              	.LASF28:
 1331 0000 43794465 		.ascii	"CyDelayCycles\000"
 1331      6C617943 
 1331      79636C65 
 1331      7300
 1332              	.LASF19:
 1333 000e 72656733 		.ascii	"reg32\000"
 1333      3200
 1334              	.LASF11:
 1335 0014 73697A65 		.ascii	"size_t\000"
 1335      5F7400
 1336              	.LASF37:
 1337 001b 416E616C 		.ascii	"AnalogSetDefault\000"
 1337      6F675365 
 1337      74446566 
 1337      61756C74 
 1337      00
 1338              	.LASF33:
 1339 002c 4379496E 		.ascii	"CyIntSetVector\000"
 1339      74536574 
 1339      56656374 
 1339      6F7200
 1340              	.LASF26:
 1341 003b 6366675F 		.ascii	"cfg_memset_list\000"
 1341      6D656D73 
ARM GAS  C:\Users\Harsha\AppData\Local\Temp\ccd8Q24W.s 			page 31


 1341      65745F6C 
 1341      69737400 
 1342              	.LASF22:
 1343 004b 436C6F63 		.ascii	"ClockSetup\000"
 1343      6B536574 
 1343      757000
 1344              	.LASF4:
 1345 0056 73686F72 		.ascii	"short unsigned int\000"
 1345      7420756E 
 1345      7369676E 
 1345      65642069 
 1345      6E7400
 1346              	.LASF15:
 1347 0069 666C6F61 		.ascii	"float\000"
 1347      7400
 1348              	.LASF24:
 1349 006f 73697A65 		.ascii	"size\000"
 1349      00
 1350              	.LASF30:
 1351 0074 43795379 		.ascii	"CySysClkWcoSetPowerMode\000"
 1351      73436C6B 
 1351      57636F53 
 1351      6574506F 
 1351      7765724D 
 1352              	.LASF18:
 1353 008c 72656738 		.ascii	"reg8\000"
 1353      00
 1354              	.LASF6:
 1355 0091 6C6F6E67 		.ascii	"long unsigned int\000"
 1355      20756E73 
 1355      69676E65 
 1355      6420696E 
 1355      7400
 1356              	.LASF12:
 1357 00a3 75696E74 		.ascii	"uint8\000"
 1357      3800
 1358              	.LASF39:
 1359 00a9 43795379 		.ascii	"CySysClkWcoStart\000"
 1359      73436C6B 
 1359      57636F53 
 1359      74617274 
 1359      00
 1360              	.LASF21:
 1361 00ba 43594D45 		.ascii	"CYMEMZERO\000"
 1361      4D5A4552 
 1361      4F00
 1362              	.LASF2:
 1363 00c4 756E7369 		.ascii	"unsigned char\000"
 1363      676E6564 
 1363      20636861 
 1363      7200
 1364              	.LASF27:
 1365 00d2 6D656D73 		.ascii	"memset\000"
 1365      657400
 1366              	.LASF16:
 1367 00d9 646F7562 		.ascii	"double\000"
 1367      6C6500
ARM GAS  C:\Users\Harsha\AppData\Local\Temp\ccd8Q24W.s 			page 32


 1368              	.LASF40:
 1369 00e0 4379496E 		.ascii	"CyIntEnable\000"
 1369      74456E61 
 1369      626C6500 
 1370              	.LASF13:
 1371 00ec 75696E74 		.ascii	"uint16\000"
 1371      313600
 1372              	.LASF17:
 1373 00f3 63797374 		.ascii	"cystatus\000"
 1373      61747573 
 1373      00
 1374              	.LASF14:
 1375 00fc 75696E74 		.ascii	"uint32\000"
 1375      333200
 1376              	.LASF0:
 1377 0103 756E7369 		.ascii	"unsigned int\000"
 1377      676E6564 
 1377      20696E74 
 1377      00
 1378              	.LASF38:
 1379 0110 63796669 		.ascii	"cyfitter_cfg\000"
 1379      74746572 
 1379      5F636667 
 1379      00
 1380              	.LASF23:
 1381 011d 61646472 		.ascii	"address\000"
 1381      65737300 
 1382              	.LASF8:
 1383 0125 6C6F6E67 		.ascii	"long long unsigned int\000"
 1383      206C6F6E 
 1383      6720756E 
 1383      7369676E 
 1383      65642069 
 1384              	.LASF20:
 1385 013c 63796973 		.ascii	"cyisraddress\000"
 1385      72616464 
 1385      72657373 
 1385      00
 1386              	.LASF25:
 1387 0149 6366675F 		.ascii	"cfg_memset_t\000"
 1387      6D656D73 
 1387      65745F74 
 1387      00
 1388              	.LASF9:
 1389 0156 73697A65 		.ascii	"sizetype\000"
 1389      74797065 
 1389      00
 1390              	.LASF7:
 1391 015f 6C6F6E67 		.ascii	"long long int\000"
 1391      206C6F6E 
 1391      6720696E 
 1391      7400
 1392              	.LASF32:
 1393 016d 43794465 		.ascii	"CyDelayUs\000"
 1393      6C617955 
 1393      7300
 1394              	.LASF10:
ARM GAS  C:\Users\Harsha\AppData\Local\Temp\ccd8Q24W.s 			page 33


 1395 0177 63686172 		.ascii	"char\000"
 1395      00
 1396              	.LASF31:
 1397 017c 43795379 		.ascii	"CySysClkEcoStart\000"
 1397      73436C6B 
 1397      45636F53 
 1397      74617274 
 1397      00
 1398              	.LASF34:
 1399 018d 474E5520 		.ascii	"GNU C 4.9.3 20150303 (release) [ARM/embedded-4_9-br"
 1399      4320342E 
 1399      392E3320 
 1399      32303135 
 1399      30333033 
 1400 01c0 616E6368 		.ascii	"anch revision 221220] -mcpu=cortex-m0 -mthumb -g -O"
 1400      20726576 
 1400      6973696F 
 1400      6E203232 
 1400      31323230 
 1401 01f3 67202D66 		.ascii	"g -ffunction-sections -ffat-lto-objects\000"
 1401      66756E63 
 1401      74696F6E 
 1401      2D736563 
 1401      74696F6E 
 1402              	.LASF3:
 1403 021b 73686F72 		.ascii	"short int\000"
 1403      7420696E 
 1403      7400
 1404              	.LASF29:
 1405 0225 43795379 		.ascii	"CySysClkWriteImoFreq\000"
 1405      73436C6B 
 1405      57726974 
 1405      65496D6F 
 1405      46726571 
 1406              	.LASF36:
 1407 023a 433A5C44 		.ascii	"C:\\D_Drive\\Coding\\BluetoothCommunication\\Simple"
 1407      5F447269 
 1407      76655C43 
 1407      6F64696E 
 1407      675C426C 
 1408 0269 5F315F57 		.ascii	"_1_Way_Communication\\Bluetooth_central_client\\cli"
 1408      61795F43 
 1408      6F6D6D75 
 1408      6E696361 
 1408      74696F6E 
 1409 029a 656E745F 		.ascii	"ent_test.cydsn\000"
 1409      74657374 
 1409      2E637964 
 1409      736E00
 1410              	.LASF5:
 1411 02a9 6C6F6E67 		.ascii	"long int\000"
 1411      20696E74 
 1411      00
 1412              	.LASF1:
 1413 02b2 7369676E 		.ascii	"signed char\000"
 1413      65642063 
 1413      68617200 
ARM GAS  C:\Users\Harsha\AppData\Local\Temp\ccd8Q24W.s 			page 34


 1414              	.LASF35:
 1415 02be 47656E65 		.ascii	"Generated_Source\\PSoC4\\cyfitter_cfg.c\000"
 1415      72617465 
 1415      645F536F 
 1415      75726365 
 1415      5C50536F 
 1416              		.ident	"GCC: (GNU Tools for ARM Embedded Processors) 4.9.3 20150303 (release) [ARM/embedded-4_9-br
